Clock: clk
Sources: clk 
Generated: no
Virtual: no
Propagated: no
Period: 22.000000

===========================================================================
report_clock_properties
============================================================================
Clock                   Period          Waveform
----------------------------------------------------
clk                  22.000000    0.000000 11.000000

===========================================================================
report_clock_latency
============================================================================
Clock clk
rise -> rise
    min     max
0.000000 0.000000 source latency
9.732438         network latency _13031_/CLK
        9.732438 network latency _13031_/CLK
---------------
9.732438 9.732438 latency
        0.000000 skew

fall -> fall
    min     max
0.000000 0.000000 source latency
5.465112         network latency _13031_/CLK
        5.465112 network latency _13031_/CLK
---------------
5.465112 5.465112 latency
        0.000000 skew



===========================================================================
report_clock_min_period
============================================================================
clk period_min = 21.42 fmax = 46.68
