
===========================================================================
report_checks -unconstrained
===========================================================================
======================= max_tt_025C_1v80 Corner ===================================

Startpoint: _13499_ (rising edge-triggered flip-flop clocked by clk)
Endpoint: _13832_ (rising edge-triggered flip-flop clocked by clk)
Path Group: clk
Path Type: max

Fanout         Cap        Slew       Delay        Time   Description
---------------------------------------------------------------------------------------------
                                  0.000000    0.000000   clock clk (rise edge)
                                  0.000000    0.000000   clock source latency
     1    0.069000    0.314331    0.224435    0.224435 ^ clk (in)
                                                         clk (net)
                      0.315248    0.000000    0.224435 ^ clkbuf_0_clk/A (sky130_fd_sc_hd__clkbuf_16)
     8    0.187878    0.201492    0.319336    0.543771 ^ clkbuf_0_clk/X (sky130_fd_sc_hd__clkbuf_16)
                                                         clknet_0_clk (net)
                      0.203421    0.015873    0.559644 ^ clkbuf_3_2__f_clk/A (sky130_fd_sc_hd__clkbuf_16)
    14    0.139298    0.152664    0.262708    0.822353 ^ clkbuf_3_2__f_clk/X (sky130_fd_sc_hd__clkbuf_16)
                                                         clknet_3_2__leaf_clk (net)
                      0.153252    0.007637    0.829989 ^ clkbuf_leaf_3_clk/A (sky130_fd_sc_hd__clkbuf_8)
    21    0.064821    0.122295    0.222238    1.052227 ^ clkbuf_leaf_3_clk/X (sky130_fd_sc_hd__clkbuf_8)
                                                         clknet_leaf_3_clk (net)
                      0.122427    0.003331    1.055558 ^ _13499_/CLK (sky130_fd_sc_hd__dfxtp_1)
     1    0.013843    0.137492    0.400229    1.455787 ^ _13499_/Q (sky130_fd_sc_hd__dfxtp_1)
                                                         u_interface.u_gelu_fp32.u_synth_top.s2_m[12] (net)
                      0.137499    0.001117    1.456904 ^ fanout683/A (sky130_fd_sc_hd__buf_2)
     5    0.063165    0.306935    0.320183    1.777087 ^ fanout683/X (sky130_fd_sc_hd__buf_2)
                                                         net683 (net)
                      0.306945    0.001529    1.778615 ^ fanout682/A (sky130_fd_sc_hd__buf_2)
     8    0.049228    0.241746    0.318853    2.097469 ^ fanout682/X (sky130_fd_sc_hd__buf_2)
                                                         net682 (net)
                      0.241755    0.001306    2.098775 ^ fanout681/A (sky130_fd_sc_hd__clkbuf_2)
     7    0.030370    0.169556    0.251592    2.350367 ^ fanout681/X (sky130_fd_sc_hd__clkbuf_2)
                                                         net681 (net)
                      0.169567    0.001525    2.351892 ^ fanout680/A (sky130_fd_sc_hd__buf_2)
     8    0.049267    0.240263    0.286603    2.638495 ^ fanout680/X (sky130_fd_sc_hd__buf_2)
                                                         net680 (net)
                      0.240426    0.005175    2.643670 ^ fanout679/A (sky130_fd_sc_hd__clkbuf_2)
    10    0.034929    0.192820    0.267471    2.911140 ^ fanout679/X (sky130_fd_sc_hd__clkbuf_2)
                                                         net679 (net)
                      0.192821    0.000964    2.912105 ^ _08906_/B (sky130_fd_sc_hd__and4_1)
     2    0.005407    0.078018    0.230927    3.143032 ^ _08906_/X (sky130_fd_sc_hd__and4_1)
                                                         _02665_ (net)
                      0.078018    0.000326    3.143358 ^ _08908_/A_N (sky130_fd_sc_hd__and2b_1)
     1    0.005910    0.046806    0.192952    3.336309 v _08908_/X (sky130_fd_sc_hd__and2b_1)
                                                         _02667_ (net)
                      0.046809    0.000437    3.336746 v _08909_/B (sky130_fd_sc_hd__xnor2_1)
     2    0.007781    0.212025    0.202395    3.539141 ^ _08909_/Y (sky130_fd_sc_hd__xnor2_1)
                                                         _02668_ (net)
                      0.212026    0.000300    3.539442 ^ _08911_/A (sky130_fd_sc_hd__xor2_1)
     2    0.008464    0.211134    0.238995    3.778437 ^ _08911_/X (sky130_fd_sc_hd__xor2_1)
                                                         _02670_ (net)
                      0.211134    0.000544    3.778981 ^ _08912_/B (sky130_fd_sc_hd__xnor2_1)
     2    0.008826    0.232726    0.189480    3.968461 ^ _08912_/Y (sky130_fd_sc_hd__xnor2_1)
                                                         _02671_ (net)
                      0.232729    0.000588    3.969049 ^ _08915_/A (sky130_fd_sc_hd__xnor2_1)
     2    0.007846    0.213237    0.184972    4.154020 ^ _08915_/Y (sky130_fd_sc_hd__xnor2_1)
                                                         _02674_ (net)
                      0.213239    0.000528    4.154548 ^ _08917_/B (sky130_fd_sc_hd__xnor2_1)
     2    0.009601    0.094286    0.138116    4.292665 v _08917_/Y (sky130_fd_sc_hd__xnor2_1)
                                                         _02676_ (net)
                      0.094288    0.000567    4.293231 v _08938_/A (sky130_fd_sc_hd__or3_2)
     5    0.014620    0.114025    0.544713    4.837945 v _08938_/X (sky130_fd_sc_hd__or3_2)
                                                         _02697_ (net)
                      0.114025    0.000806    4.838750 v _08939_/A2 (sky130_fd_sc_hd__a21o_1)
     2    0.004631    0.040693    0.207570    5.046320 v _08939_/X (sky130_fd_sc_hd__a21o_1)
                                                         _02698_ (net)
                      0.040694    0.000278    5.046598 v _08943_/B (sky130_fd_sc_hd__and3_1)
     4    0.016957    0.096498    0.217089    5.263688 v _08943_/X (sky130_fd_sc_hd__and3_1)
                                                         _02702_ (net)
                      0.096507    0.000960    5.264647 v _08944_/B (sky130_fd_sc_hd__or3b_2)
     4    0.013082    0.111517    0.508011    5.772657 v _08944_/X (sky130_fd_sc_hd__or3b_2)
                                                         _02703_ (net)
                      0.111517    0.000703    5.773361 v _09455_/A (sky130_fd_sc_hd__or3_2)
     4    0.021170    0.130383    0.573222    6.346583 v _09455_/X (sky130_fd_sc_hd__or3_2)
                                                         _03213_ (net)
                      0.130387    0.000990    6.347573 v _09456_/A2 (sky130_fd_sc_hd__a211o_1)
     2    0.007834    0.071974    0.346404    6.693977 v _09456_/X (sky130_fd_sc_hd__a211o_1)
                                                         _03214_ (net)
                      0.071976    0.000474    6.694451 v _09458_/A1 (sky130_fd_sc_hd__a211oi_2)
     2    0.011930    0.275589    0.281722    6.976173 ^ _09458_/Y (sky130_fd_sc_hd__a211oi_2)
                                                         _03216_ (net)
                      0.275589    0.000791    6.976964 ^ _09461_/B1 (sky130_fd_sc_hd__a211oi_2)
     4    0.013895    0.092260    0.117151    7.094115 v _09461_/Y (sky130_fd_sc_hd__a211oi_2)
                                                         _03219_ (net)
                      0.092265    0.000737    7.094852 v _09561_/A2 (sky130_fd_sc_hd__o211a_1)
     4    0.009944    0.069590    0.255237    7.350089 v _09561_/X (sky130_fd_sc_hd__o211a_1)
                                                         _03318_ (net)
                      0.069597    0.000751    7.350840 v _09768_/A (sky130_fd_sc_hd__or4_1)
     2    0.007474    0.113883    0.563558    7.914397 v _09768_/X (sky130_fd_sc_hd__or4_1)
                                                         _03523_ (net)
                      0.113883    0.000433    7.914831 v _09769_/C1 (sky130_fd_sc_hd__a2111o_1)
     2    0.018124    0.132446    0.448275    8.363106 v _09769_/X (sky130_fd_sc_hd__a2111o_1)
                                                         _03524_ (net)
                      0.132518    0.002842    8.365948 v _10219_/A1 (sky130_fd_sc_hd__a211o_1)
     4    0.024964    0.139413    0.386725    8.752673 v _10219_/X (sky130_fd_sc_hd__a211o_1)
                                                         _03970_ (net)
                      0.139523    0.003549    8.756223 v _11166_/A2 (sky130_fd_sc_hd__a211o_1)
     1    0.002462    0.045345    0.314729    9.070951 v _11166_/X (sky130_fd_sc_hd__a211o_1)
                                                         _04909_ (net)
                      0.045345    0.000154    9.071105 v _11169_/B (sky130_fd_sc_hd__and3_2)
     6    0.027763    0.093242    0.255071    9.326176 v _11169_/X (sky130_fd_sc_hd__and3_2)
                                                         _04912_ (net)
                      0.093333    0.002610    9.328786 v _11911_/A1 (sky130_fd_sc_hd__o311a_1)
     5    0.020306    0.130008    0.448347    9.777133 v _11911_/X (sky130_fd_sc_hd__o311a_1)
                                                         _05646_ (net)
                      0.130065    0.002494    9.779627 v _12451_/B2 (sky130_fd_sc_hd__o221a_1)
     3    0.011586    0.087516    0.284190   10.063817 v _12451_/X (sky130_fd_sc_hd__o221a_1)
                                                         _06178_ (net)
                      0.087521    0.000774   10.064591 v _12493_/A2 (sky130_fd_sc_hd__o21a_1)
     3    0.008253    0.060153    0.207063   10.271654 v _12493_/X (sky130_fd_sc_hd__o21a_1)
                                                         _06219_ (net)
                      0.060155    0.000398   10.272052 v _12523_/A2 (sky130_fd_sc_hd__o21ai_1)
     2    0.005303    0.139937    0.149218   10.421270 ^ _12523_/Y (sky130_fd_sc_hd__o21ai_1)
                                                         _06248_ (net)
                      0.139937    0.000346   10.421617 ^ _12525_/B (sky130_fd_sc_hd__nand2_1)
     3    0.016275    0.128080    0.145496   10.567113 v _12525_/Y (sky130_fd_sc_hd__nand2_1)
                                                         _06250_ (net)
                      0.128087    0.000789   10.567902 v fanout151/A (sky130_fd_sc_hd__clkbuf_2)
    10    0.034512    0.133211    0.223049   10.790951 v fanout151/X (sky130_fd_sc_hd__clkbuf_2)
                                                         net151 (net)
                      0.133225    0.001527   10.792478 v _12526_/C (sky130_fd_sc_hd__and3_1)
     1    0.002876    0.037122    0.213849   11.006326 v _12526_/X (sky130_fd_sc_hd__and3_1)
                                                         _00842_ (net)
                      0.037122    0.000181   11.006507 v _13832_/D (sky130_fd_sc_hd__dfxtp_1)
                                             11.006507   data arrival time

                                 22.000000   22.000000   clock clk (rise edge)
                                  0.000000   22.000000   clock source latency
     1    0.069000    0.314331    0.224436   22.224436 ^ clk (in)
                                                         clk (net)
                      0.315248    0.000000   22.224436 ^ clkbuf_0_clk/A (sky130_fd_sc_hd__clkbuf_16)
     8    0.187878    0.201492    0.319336   22.543772 ^ clkbuf_0_clk/X (sky130_fd_sc_hd__clkbuf_16)
                                                         clknet_0_clk (net)
                      0.204852    0.020712   22.564484 ^ clkbuf_3_4__f_clk/A (sky130_fd_sc_hd__clkbuf_16)
    15    0.138865    0.152250    0.262895   22.827379 ^ clkbuf_3_4__f_clk/X (sky130_fd_sc_hd__clkbuf_16)
                                                         clknet_3_4__leaf_clk (net)
                      0.153228    0.009759   22.837139 ^ clkbuf_leaf_79_clk/A (sky130_fd_sc_hd__clkbuf_8)
     7    0.038734    0.080349    0.192630   23.029770 ^ clkbuf_leaf_79_clk/X (sky130_fd_sc_hd__clkbuf_8)
                                                         clknet_leaf_79_clk (net)
                      0.080367    0.001235   23.031004 ^ _13832_/CLK (sky130_fd_sc_hd__dfxtp_1)
                                 -0.250000   22.781004   clock uncertainty
                                  0.000000   22.781004   clock reconvergence pessimism
                                 -0.098815   22.682190   library setup time
                                             22.682190   data required time
---------------------------------------------------------------------------------------------
                                             22.682190   data required time
                                            -11.006507   data arrival time
---------------------------------------------------------------------------------------------
                                             11.675682   slack (MET)




===========================================================================
report_checks --slack_max -0.01
============================================================================
======================= max_tt_025C_1v80 Corner ===================================

No paths found.


===========================================================================
 report_check_types -max_slew -max_cap -max_fanout -violators
============================================================================
======================= max_tt_025C_1v80 Corner ===================================

max fanout

Pin                                   Limit Fanout  Slack
---------------------------------------------------------
clkbuf_leaf_42_clk/X                     10     22    -12 (VIOLATED)
clkbuf_leaf_3_clk/X                      10     21    -11 (VIOLATED)
clkbuf_leaf_44_clk/X                     10     21    -11 (VIOLATED)
clkbuf_leaf_68_clk/X                     10     21    -11 (VIOLATED)
clkbuf_leaf_70_clk/X                     10     21    -11 (VIOLATED)
clkbuf_leaf_71_clk/X                     10     21    -11 (VIOLATED)
clkbuf_leaf_17_clk/X                     10     20    -10 (VIOLATED)
clkbuf_leaf_54_clk/X                     10     20    -10 (VIOLATED)
clkbuf_leaf_72_clk/X                     10     20    -10 (VIOLATED)
clkbuf_leaf_62_clk/X                     10     19     -9 (VIOLATED)
clkbuf_leaf_13_clk/X                     10     18     -8 (VIOLATED)
clkbuf_leaf_22_clk/X                     10     18     -8 (VIOLATED)
clkbuf_leaf_27_clk/X                     10     18     -8 (VIOLATED)
clkbuf_leaf_2_clk/X                      10     18     -8 (VIOLATED)
clkbuf_leaf_34_clk/X                     10     18     -8 (VIOLATED)
clkbuf_leaf_35_clk/X                     10     18     -8 (VIOLATED)
clkbuf_leaf_36_clk/X                     10     18     -8 (VIOLATED)
clkbuf_leaf_43_clk/X                     10     18     -8 (VIOLATED)
clkbuf_leaf_45_clk/X                     10     18     -8 (VIOLATED)
clkbuf_leaf_49_clk/X                     10     18     -8 (VIOLATED)
clkbuf_leaf_4_clk/X                      10     18     -8 (VIOLATED)
clkbuf_leaf_53_clk/X                     10     18     -8 (VIOLATED)
clkbuf_leaf_5_clk/X                      10     18     -8 (VIOLATED)
clkbuf_leaf_83_clk/X                     10     18     -8 (VIOLATED)
clkbuf_leaf_84_clk/X                     10     18     -8 (VIOLATED)
clkbuf_leaf_16_clk/X                     10     17     -7 (VIOLATED)
clkbuf_leaf_26_clk/X                     10     17     -7 (VIOLATED)
clkbuf_leaf_39_clk/X                     10     17     -7 (VIOLATED)
clkbuf_leaf_67_clk/X                     10     17     -7 (VIOLATED)
clkbuf_leaf_6_clk/X                      10     17     -7 (VIOLATED)
clkbuf_leaf_18_clk/X                     10     16     -6 (VIOLATED)
clkbuf_leaf_48_clk/X                     10     16     -6 (VIOLATED)
clkbuf_leaf_55_clk/X                     10     16     -6 (VIOLATED)
clkbuf_leaf_63_clk/X                     10     16     -6 (VIOLATED)
clkbuf_leaf_73_clk/X                     10     16     -6 (VIOLATED)
clkbuf_leaf_75_clk/X                     10     16     -6 (VIOLATED)
clkbuf_3_4__f_clk/X                      10     15     -5 (VIOLATED)
clkbuf_3_7__f_clk/X                      10     15     -5 (VIOLATED)
clkbuf_leaf_10_clk/X                     10     15     -5 (VIOLATED)
clkbuf_leaf_31_clk/X                     10     15     -5 (VIOLATED)
clkbuf_leaf_40_clk/X                     10     15     -5 (VIOLATED)
clkbuf_leaf_50_clk/X                     10     15     -5 (VIOLATED)
clkbuf_leaf_66_clk/X                     10     15     -5 (VIOLATED)
clkbuf_leaf_82_clk/X                     10     15     -5 (VIOLATED)
clkbuf_3_2__f_clk/X                      10     14     -4 (VIOLATED)
clkbuf_3_5__f_clk/X                      10     14     -4 (VIOLATED)
clkbuf_leaf_41_clk/X                     10     14     -4 (VIOLATED)
clkbuf_leaf_47_clk/X                     10     14     -4 (VIOLATED)
clkbuf_leaf_52_clk/X                     10     14     -4 (VIOLATED)
clkbuf_leaf_76_clk/X                     10     14     -4 (VIOLATED)
clkbuf_leaf_7_clk/X                      10     14     -4 (VIOLATED)
clkbuf_leaf_87_clk/X                     10     14     -4 (VIOLATED)
clkbuf_3_6__f_clk/X                      10     13     -3 (VIOLATED)
clkbuf_leaf_11_clk/X                     10     13     -3 (VIOLATED)
clkbuf_leaf_14_clk/X                     10     13     -3 (VIOLATED)
clkbuf_leaf_57_clk/X                     10     13     -3 (VIOLATED)
clkbuf_leaf_59_clk/X                     10     13     -3 (VIOLATED)
clkbuf_leaf_64_clk/X                     10     13     -3 (VIOLATED)
clkbuf_leaf_65_clk/X                     10     13     -3 (VIOLATED)
clkbuf_leaf_69_clk/X                     10     13     -3 (VIOLATED)
clkbuf_leaf_19_clk/X                     10     12     -2 (VIOLATED)
clkbuf_leaf_29_clk/X                     10     12     -2 (VIOLATED)
clkbuf_leaf_32_clk/X                     10     12     -2 (VIOLATED)
clkbuf_leaf_33_clk/X                     10     12     -2 (VIOLATED)
clkbuf_leaf_37_clk/X                     10     12     -2 (VIOLATED)
clkbuf_leaf_38_clk/X                     10     12     -2 (VIOLATED)
clkbuf_leaf_56_clk/X                     10     12     -2 (VIOLATED)
clkbuf_leaf_58_clk/X                     10     12     -2 (VIOLATED)
clkbuf_leaf_74_clk/X                     10     12     -2 (VIOLATED)
clkbuf_leaf_78_clk/X                     10     12     -2 (VIOLATED)
clkbuf_leaf_9_clk/X                      10     12     -2 (VIOLATED)
fanout388/X                              10     12     -2 (VIOLATED)
clkbuf_leaf_46_clk/X                     10     11        (VIOLATED)
clkbuf_leaf_51_clk/X                     10     11        (VIOLATED)
clkbuf_leaf_60_clk/X                     10     11        (VIOLATED)
fanout320/X                              10     11        (VIOLATED)



===========================================================================
report_parasitic_annotation -report_unannotated
============================================================================
Found 157 unannotated drivers.
 s_axil_wdata[10]
 s_axil_wdata[11]
 s_axil_wdata[12]
 s_axil_wdata[13]
 s_axil_wdata[14]
 s_axil_wdata[15]
 s_axil_wdata[16]
 s_axil_wdata[17]
 s_axil_wdata[18]
 s_axil_wdata[19]
 s_axil_wdata[1]
 s_axil_wdata[20]
 s_axil_wdata[21]
 s_axil_wdata[22]
 s_axil_wdata[23]
 s_axil_wdata[24]
 s_axil_wdata[25]
 s_axil_wdata[26]
 s_axil_wdata[27]
 s_axil_wdata[28]
 s_axil_wdata[29]
 s_axil_wdata[2]
 s_axil_wdata[30]
 s_axil_wdata[31]
 s_axil_wdata[3]
 s_axil_wdata[4]
 s_axil_wdata[5]
 s_axil_wdata[6]
 s_axil_wdata[7]
 s_axil_wdata[8]
 s_axil_wdata[9]
 s_axil_wstrb[1]
 s_axil_wstrb[2]
 s_axil_wstrb[3]
 clkload0/Y
 clkload1/Y
 clkload10/Y
 clkload11/Y
 clkload12/Y
 clkload13/Y
 clkload14/Y
 clkload15/Y
 clkload16/Y
 clkload17/Y
 clkload18/Y
 clkload19/Y
 clkload2/Y
 clkload20/Y
 clkload21/Y
 clkload22/Y
 clkload23/Y
 clkload24/Y
 clkload25/Y
 clkload26/Y
 clkload27/Y
 clkload28/Y
 clkload29/Y
 clkload3/Y
 clkload30/Y
 clkload31/Y
 clkload32/Y
 clkload33/Y
 clkload34/Y
 clkload35/Y
 clkload36/Y
 clkload37/Y
 clkload38/Y
 clkload39/Y
 clkload4/X
 clkload40/Y
 clkload41/Y
 clkload42/Y
 clkload43/Y
 clkload44/Y
 clkload45/Y
 clkload46/Y
 clkload47/Y
 clkload48/Y
 clkload49/Y
 clkload5/Y
 clkload50/X
 clkload51/Y
 clkload52/Y
 clkload53/Y
 clkload54/Y
 clkload55/Y
 clkload56/Y
 clkload57/Y
 clkload58/X
 clkload59/Y
 clkload6/Y
 clkload60/X
 clkload61/X
 clkload62/Y
 clkload63/Y
 clkload64/Y
 clkload65/X
 clkload66/Y
 clkload67/Y
 clkload68/Y
 clkload69/Y
 clkload7/Y
 clkload70/X
 clkload71/Y
 clkload72/X
 clkload73/Y
 clkload74/Y
 clkload75/Y
 clkload76/Y
 clkload77/Y
 clkload78/Y
 clkload79/X
 clkload8/Y
 clkload80/Y
 clkload81/Y
 clkload82/Y
 clkload83/Y
 clkload84/Y
 clkload85/Y
 clkload86/Y
 clkload87/Y
 clkload9/X
 gelu_top_831/HI
 gelu_top_832/HI
 gelu_top_833/HI
 gelu_top_834/HI
 gelu_top_835/HI
 gelu_top_836/HI
 gelu_top_837/HI
 gelu_top_838/HI
 gelu_top_839/HI
 gelu_top_840/HI
 gelu_top_841/HI
 gelu_top_842/HI
 gelu_top_843/HI
 gelu_top_844/HI
 gelu_top_845/HI
 gelu_top_846/HI
 gelu_top_847/HI
 gelu_top_848/HI
 gelu_top_849/HI
 gelu_top_850/HI
 gelu_top_851/HI
 gelu_top_852/HI
 gelu_top_853/HI
 gelu_top_854/HI
 gelu_top_855/HI
 gelu_top_856/HI
 gelu_top_857/HI
 gelu_top_858/HI
 gelu_top_859/HI
 gelu_top_860/HI
 gelu_top_861/HI
 gelu_top_862/HI
 gelu_top_863/HI
 gelu_top_864/HI
 gelu_top_865/HI
Found 0 partially unannotated drivers.

===========================================================================
max slew violation count 0
max fanout violation count 76
max cap violation count 0
============================================================================

===========================================================================
check_setup -verbose -unconstrained_endpoints -multiple_clock -no_clock -no_input_delay -loops -generated_clocks
===========================================================================
Warning: There are 35 unconstrained endpoints.
  s_axil_bresp[0]
  s_axil_bresp[1]
  s_axil_rdata[10]
  s_axil_rdata[11]
  s_axil_rdata[12]
  s_axil_rdata[13]
  s_axil_rdata[14]
  s_axil_rdata[15]
  s_axil_rdata[16]
  s_axil_rdata[17]
  s_axil_rdata[18]
  s_axil_rdata[19]
  s_axil_rdata[1]
  s_axil_rdata[20]
  s_axil_rdata[21]
  s_axil_rdata[22]
  s_axil_rdata[23]
  s_axil_rdata[24]
  s_axil_rdata[25]
  s_axil_rdata[26]
  s_axil_rdata[27]
  s_axil_rdata[28]
  s_axil_rdata[29]
  s_axil_rdata[2]
  s_axil_rdata[30]
  s_axil_rdata[31]
  s_axil_rdata[3]
  s_axil_rdata[4]
  s_axil_rdata[5]
  s_axil_rdata[6]
  s_axil_rdata[7]
  s_axil_rdata[8]
  s_axil_rdata[9]
  s_axil_rresp[0]
  s_axil_rresp[1]
