Clock: clk
Sources: clk 
Generated: no
Virtual: yes
Propagated: no
Period: 22.000000

===========================================================================
report_clock_properties
============================================================================
Clock                   Period          Waveform
----------------------------------------------------
clk                  22.000000    0.000000 11.000000

===========================================================================
report_clock_latency
============================================================================
Clock clk
rise -> rise
    min     max
0.000000 0.000000 source latency
0.985316         network latency _13846_/CLK
        1.070618 network latency _13301_/CLK
---------------
0.985316 1.070618 latency
        0.085302 skew

fall -> fall
    min     max
0.000000 0.000000 source latency
0.804478         network latency _13846_/CLK
        0.869755 network latency _13301_/CLK
---------------
0.804478 0.869755 latency
        0.065277 skew



===========================================================================
report_clock_min_period
============================================================================
clk period_min = 10.32 fmax = 96.86
