
===========================================================================
 report_power
============================================================================
======================= max_tt_025C_1v80 Corner ===================================

Group                    Internal    Switching      Leakage        Total
                            Power        Power        Power        Power (Watts)
------------------------------------------------------------------------
Sequential           2.484659e-03 2.530607e-04 9.320504e-09 2.737729e-03   9.0%
Combinational        1.192871e-02 1.439596e-02 3.511983e-08 2.632471e-02  86.1%
Clock                6.307740e-04 8.900890e-04 1.560690e-08 1.520879e-03   5.0%
Macro                0.000000e+00 0.000000e+00 0.000000e+00 0.000000e+00   0.0%
Pad                  0.000000e+00 0.000000e+00 0.000000e+00 0.000000e+00   0.0%
------------------------------------------------------------------------
Total                1.504420e-02 1.553911e-02 6.004764e-08 3.058337e-02 100.0%
                            49.2%        50.8%         0.0%

