Reading timing models for corner nom_tt_025C_1v80…
Reading timing library for the 'nom_tt_025C_1v80' corner at '/home/systemuser/.volare/volare/sky130/versions/0fe599b2afb6708d281543108caf8310912f54af/sky130A/libs.ref/sky130_fd_sc_hd/lib/sky130_fd_sc_hd__tt_025C_1v80.lib'…
Reading timing models for corner nom_ff_n40C_1v95…
Reading timing library for the 'nom_ff_n40C_1v95' corner at '/home/systemuser/.volare/volare/sky130/versions/0fe599b2afb6708d281543108caf8310912f54af/sky130A/libs.ref/sky130_fd_sc_hd/lib/sky130_fd_sc_hd__ff_n40C_1v95.lib'…
Reading timing models for corner nom_ss_100C_1v60…
Reading timing library for the 'nom_ss_100C_1v60' corner at '/home/systemuser/.volare/volare/sky130/versions/0fe599b2afb6708d281543108caf8310912f54af/sky130A/libs.ref/sky130_fd_sc_hd/lib/sky130_fd_sc_hd__ss_100C_1v60.lib'…
Reading OpenROAD database at '/home/systemuser/Documents/ECE/510/Project/m3/synth/runs/RUN_2026-05-24_21-40-35/33-openroad-detailedplacement/gelu_top.odb'…
Reading design constraints file at '/nix/store/h0ldzjka94yryiq8yxbxmwargpnmwhx6-python3-3.11.9-env/lib/python3.11/site-packages/openlane/scripts/base.sdc'…
[INFO] Using clock clk…
[INFO] Setting output delay to: 4
[INFO] Setting input delay to: 4
[INFO] Setting load to: 0.033442
[INFO] Setting clock uncertainty to: 0.25
[INFO] Setting clock transition to: 0.1499999999999999944488848768742172978818416595458984375
[INFO] Setting timing derate to: 5%
[INFO] Setting RC values…
[INFO] Configuring cts characterization…
[INFO] Performing clock tree synthesis…
[INFO] Looking for the following net(s): clk
[INFO] Running Clock Tree Synthesis…
[INFO CTS-0050] Root buffer is sky130_fd_sc_hd__clkbuf_16.
[INFO CTS-0051] Sink buffer is sky130_fd_sc_hd__clkbuf_8.
[INFO CTS-0052] The following clock buffers will be used for CTS:
                    sky130_fd_sc_hd__clkbuf_2
                    sky130_fd_sc_hd__clkbuf_4
                    sky130_fd_sc_hd__clkbuf_8
[INFO CTS-0049] Characterization buffer is sky130_fd_sc_hd__clkbuf_8.
[INFO CTS-0007] Net "clk" found for clock "clk".
[INFO CTS-0010]  Clock net "clk" has 1142 sinks.
[INFO CTS-0008] TritonCTS found 1 clock nets.
[INFO CTS-0097] Characterization used 3 buffer(s) types.
[INFO CTS-0200] 0 placement blockages have been identified.
[INFO CTS-0201] 0 placed hard macros will be treated like blockages.
[INFO CTS-0027] Generating H-Tree topology for net clk.
[INFO CTS-0028]  Total number of sinks: 1142.
[INFO CTS-0029]  Sinks will be clustered in groups of up to 25 and with maximum cluster diameter of 50.0 um.
[INFO CTS-0030]  Number of static layers: 0.
[INFO CTS-0020]  Wire segment unit: 13600  dbu (13 um).
[INFO CTS-0204] A clustering solution was found from clustering size of 25 and clustering diameter of 50.
[INFO CTS-0205] Better solution may be possible if either -sink_clustering_size, -sink_clustering_max_diameter, or both options are omitted to enable automatic clustering.
[INFO CTS-0019]  Total number of sinks after clustering: 91.
[INFO CTS-0024]  Normalized sink region: [(1.22429, 4.80869), (30.2821, 31.6956)].
[INFO CTS-0025]     Width:  29.0578.
[INFO CTS-0026]     Height: 26.8869.
 Level 1
    Direction: Horizontal
    Sinks per sub-region: 46
    Sub-region size: 14.5289 X 26.8869
[INFO CTS-0034]     Segment length (rounded): 8.
 Level 2
    Direction: Vertical
    Sinks per sub-region: 23
    Sub-region size: 14.5289 X 13.4434
[INFO CTS-0034]     Segment length (rounded): 6.
 Level 3
    Direction: Horizontal
    Sinks per sub-region: 12
    Sub-region size: 7.2645 X 13.4434
[INFO CTS-0034]     Segment length (rounded): 4.
[INFO CTS-0032]  Stop criterion found. Max number of sinks is 15.
[INFO CTS-0035]  Number of sinks covered: 91.
[INFO CTS-0018]     Created 100 clock buffers.
[INFO CTS-0012]     Minimum number of buffers in the clock path: 3.
[INFO CTS-0013]     Maximum number of buffers in the clock path: 3.
[INFO CTS-0015]     Created 100 clock nets.
[INFO CTS-0016]     Fanout distribution for the current clock = 2:2, 3:4, 4:4, 5:2, 6:4, 7:3, 8:3, 9:3, 10:3, 11:11, 12:8, 13:8, 14:7, 15:7, 16:5, 17:10, 18:6, 19:1, 20:5, 21:2, 22:1..
[INFO CTS-0017]     Max level of the clock tree: 3.
[INFO CTS-0098] Clock net "clk"
[INFO CTS-0099]  Sinks 1230
[INFO CTS-0100]  Leaf buffers 91
[INFO CTS-0101]  Average sink wire length 660.17 um
[INFO CTS-0102]  Path depth 2 - 3
[INFO CTS-0207]  Leaf load cells 88
[INFO] Repairing long wires on clock nets…
[INFO RSZ-0058] Using max wire length 6335um.
Setting global connections for newly added cells…
[INFO] Setting global connections...
Updating metrics…
Cell type report:                       Count       Area
  Fill cell                               312    1171.12
  Tap cell                               2528    3163.03
  Buffer                                    1       3.75
  Clock buffer                            110    1584.02
  Timing Repair Buffer                    830    4670.73
  Inverter                                 86     322.81
  Clock inverter                           78    1002.21
  Sequential cell                        1142   22879.44
  Multi-Input combinational cell         6481   52221.33
  Total                                 11568   87018.46
Writing OpenROAD database to '/home/systemuser/Documents/ECE/510/Project/m3/synth/runs/RUN_2026-05-24_21-40-35/34-openroad-cts/gelu_top.odb'…
Writing netlist to '/home/systemuser/Documents/ECE/510/Project/m3/synth/runs/RUN_2026-05-24_21-40-35/34-openroad-cts/gelu_top.nl.v'…
Writing powered netlist to '/home/systemuser/Documents/ECE/510/Project/m3/synth/runs/RUN_2026-05-24_21-40-35/34-openroad-cts/gelu_top.pnl.v'…
Writing layout to '/home/systemuser/Documents/ECE/510/Project/m3/synth/runs/RUN_2026-05-24_21-40-35/34-openroad-cts/gelu_top.def'…
Writing timing constraints to '/home/systemuser/Documents/ECE/510/Project/m3/synth/runs/RUN_2026-05-24_21-40-35/34-openroad-cts/gelu_top.sdc'…
[INFO] Legalizing…
Placement Analysis
---------------------------------
total displacement       1245.4 u
average displacement        0.1 u
max displacement           11.5 u
original HPWL          185269.5 u
legalized HPWL         191244.5 u
delta HPWL                    3 %

[INFO DPL-0020] Mirrored 2968 instances
[INFO DPL-0021] HPWL before          191244.5 u
[INFO DPL-0022] HPWL after           185791.1 u
[INFO DPL-0023] HPWL delta               -2.9 %
Setting global connections for newly added cells…
[INFO] Setting global connections...
Updating metrics…
Cell type report:                       Count       Area
  Fill cell                               312    1171.12
  Tap cell                               2528    3163.03
  Buffer                                    1       3.75
  Clock buffer                            110    1584.02
  Timing Repair Buffer                    830    4670.73
  Inverter                                 86     322.81
  Clock inverter                           78    1002.21
  Sequential cell                        1142   22879.44
  Multi-Input combinational cell         6481   52221.33
  Total                                 11568   87018.46
Writing OpenROAD database to '/home/systemuser/Documents/ECE/510/Project/m3/synth/runs/RUN_2026-05-24_21-40-35/34-openroad-cts/gelu_top.odb'…
Writing netlist to '/home/systemuser/Documents/ECE/510/Project/m3/synth/runs/RUN_2026-05-24_21-40-35/34-openroad-cts/gelu_top.nl.v'…
Writing powered netlist to '/home/systemuser/Documents/ECE/510/Project/m3/synth/runs/RUN_2026-05-24_21-40-35/34-openroad-cts/gelu_top.pnl.v'…
Writing layout to '/home/systemuser/Documents/ECE/510/Project/m3/synth/runs/RUN_2026-05-24_21-40-35/34-openroad-cts/gelu_top.def'…
Writing timing constraints to '/home/systemuser/Documents/ECE/510/Project/m3/synth/runs/RUN_2026-05-24_21-40-35/34-openroad-cts/gelu_top.sdc'…
%OL_CREATE_REPORT cts.rpt
[INFO CTS-0003] Total number of Clock Roots: 1.
[INFO CTS-0004] Total number of Buffers Inserted: 100.
[INFO CTS-0005] Total number of Clock Subnets: 100.
[INFO CTS-0006] Total number of Sinks: 1142.
%OL_END_REPORT
