Reading technology LEF file at '/home/systemuser/.volare/volare/sky130/versions/0fe599b2afb6708d281543108caf8310912f54af/sky130A/libs.ref/sky130_fd_sc_hd/techlef/sky130_fd_sc_hd__max.tlef'…
[INFO ODB-0227] LEF file: /home/systemuser/.volare/volare/sky130/versions/0fe599b2afb6708d281543108caf8310912f54af/sky130A/libs.ref/sky130_fd_sc_hd/techlef/sky130_fd_sc_hd__max.tlef, created 14 layers, 25 vias
Reading cell LEF file at '/home/systemuser/.volare/volare/sky130/versions/0fe599b2afb6708d281543108caf8310912f54af/sky130A/libs.ref/sky130_fd_sc_hd/lef/sky130_ef_sc_hd.lef'…
[WARNING ODB-0220] WARNING (LEFPARS-2008): NOWIREEXTENSIONATPIN statement is obsolete in version 5.6 or later.
The NOWIREEXTENSIONATPIN statement will be ignored. See file /home/systemuser/.volare/volare/sky130/versions/0fe599b2afb6708d281543108caf8310912f54af/sky130A/libs.ref/sky130_fd_sc_hd/lef/sky130_ef_sc_hd.lef at line 2.

[INFO ODB-0227] LEF file: /home/systemuser/.volare/volare/sky130/versions/0fe599b2afb6708d281543108caf8310912f54af/sky130A/libs.ref/sky130_fd_sc_hd/lef/sky130_ef_sc_hd.lef, created 4 library cells
Reading cell LEF file at '/home/systemuser/.volare/volare/sky130/versions/0fe599b2afb6708d281543108caf8310912f54af/sky130A/libs.ref/sky130_fd_sc_hd/lef/sky130_fd_sc_hd.lef'…
[WARNING ODB-0220] WARNING (LEFPARS-2008): NOWIREEXTENSIONATPIN statement is obsolete in version 5.6 or later.
The NOWIREEXTENSIONATPIN statement will be ignored. See file /home/systemuser/.volare/volare/sky130/versions/0fe599b2afb6708d281543108caf8310912f54af/sky130A/libs.ref/sky130_fd_sc_hd/lef/sky130_fd_sc_hd.lef at line 2.

[INFO ODB-0227] LEF file: /home/systemuser/.volare/volare/sky130/versions/0fe599b2afb6708d281543108caf8310912f54af/sky130A/libs.ref/sky130_fd_sc_hd/lef/sky130_fd_sc_hd.lef, created 437 library cells
[INFO ODB-0127] Reading DEF file: /home/systemuser/Documents/ECE/510/Project/m3/synth/runs/RUN_2026-05-24_21-40-35/52-odb-cellfrequencytables/gelu_top.def
[INFO ODB-0128] Design: gelu_top
[INFO ODB-0130]     Created 222 pins.
[INFO ODB-0131]     Created 23819 components and 122955 component-terminals.
[INFO ODB-0132]     Created 2 special nets and 90220 connections.
[INFO ODB-0133]     Created 9706 nets and 32612 connections.
[INFO ODB-0134] Finished DEF file: /home/systemuser/Documents/ECE/510/Project/m3/synth/runs/RUN_2026-05-24_21-40-35/52-odb-cellfrequencytables/gelu_top.def
Using RCX ruleset '/home/systemuser/.volare/volare/sky130/versions/0fe599b2afb6708d281543108caf8310912f54af/sky130A/libs.tech/openlane/rules.openrcx.sky130A.max.calibre'…
[INFO RCX-0431] Defined process_corner CURRENT_CORNER with ext_model_index 0
[INFO RCX-0029] Defined extraction corner CURRENT_CORNER
[INFO RCX-0435] Reading extraction model file /home/systemuser/.volare/volare/sky130/versions/0fe599b2afb6708d281543108caf8310912f54af/sky130A/libs.tech/openlane/rules.openrcx.sky130A.max.calibre ...
[INFO RCX-0436] RC segment generation gelu_top (max_merge_res 50.0) ...
[INFO RCX-0040] Final 47328 rc segments
[INFO RCX-0439] Coupling Cap extraction gelu_top ...
[INFO RCX-0440] Coupling threshhold is 0.1000 fF, coupling capacitance less than 0.1000 fF will be grounded.
[INFO RCX-0442] 51% of 65036 wires extracted
[INFO RCX-0442] 100% of 65036 wires extracted
[INFO RCX-0045] Extract 9706 nets, 57000 rsegs, 57000 caps, 76018 ccs
Setting global connections for newly added cells…
[INFO] Setting global connections...
Updating metrics…
Cell type report:                       Count       Area
  Fill cell                             11623   85224.24
  Tap cell                               2528    3163.03
  Antenna cell                             17      42.54
  Standard cell                          9651   91923.16
  Total                                 23819  180352.97
Writing extracted parasitics to '/home/systemuser/Documents/ECE/510/Project/m3/synth/runs/RUN_2026-05-24_21-40-35/53-openroad-rcx/max/gelu_top.max.spef'…
[INFO RCX-0443] 9706 nets finished
