Clock: clk
Sources: clk 
Generated: no
Virtual: yes
Propagated: no
Period: 22.000000

===========================================================================
report_clock_properties
============================================================================
Clock                   Period          Waveform
----------------------------------------------------
clk                  22.000000    0.000000 11.000000

===========================================================================
report_clock_latency
============================================================================
Clock clk
rise -> rise
    min     max
0.000000 0.000000 source latency
0.754517         network latency _13480_/CLK
        0.795038 network latency _13177_/CLK
---------------
0.754517 0.795038 latency
        0.040521 skew

fall -> fall
    min     max
0.000000 0.000000 source latency
0.649981         network latency _13480_/CLK
        0.678192 network latency _13177_/CLK
---------------
0.649981 0.678192 latency
        0.028210 skew



===========================================================================
report_clock_min_period
============================================================================
clk period_min = 9.42 fmax = 106.13
