
===========================================================================
 report_power
============================================================================
======================= nom_tt_025C_1v80 Corner ===================================

Group                    Internal    Switching      Leakage        Total
                            Power        Power        Power        Power (Watts)
------------------------------------------------------------------------
Sequential           2.484666e-03 1.898566e-04 9.320504e-09 2.674532e-03   9.6%
Combinational        1.171320e-02 1.215298e-02 2.907442e-08 2.386621e-02  85.5%
Clock                6.304345e-04 7.272455e-04 2.296548e-09 1.357682e-03   4.9%
Macro                0.000000e+00 0.000000e+00 0.000000e+00 0.000000e+00   0.0%
Pad                  0.000000e+00 0.000000e+00 0.000000e+00 0.000000e+00   0.0%
------------------------------------------------------------------------
Total                1.482832e-02 1.307009e-02 4.069114e-08 2.789845e-02 100.0%
                            53.2%        46.8%         0.0%
Writing metric power__internal__total: 0.014828321523964405
Writing metric power__switching__total: 0.013070088811218739
Writing metric power__leakage__total: 4.069113757054765e-8
Writing metric power__total: 0.027898451313376427

