Reading OpenROAD database at '/home/systemuser/Documents/ECE/510/Project/m3/synth/runs/RUN_2026-05-24_21-40-35/38-openroad-globalrouting/gelu_top.odb'…
Reading library file at '/home/systemuser/.volare/volare/sky130/versions/0fe599b2afb6708d281543108caf8310912f54af/sky130A/libs.ref/sky130_fd_sc_hd/lib/sky130_fd_sc_hd__tt_025C_1v80.lib'…
Reading design constraints file at '/nix/store/h0ldzjka94yryiq8yxbxmwargpnmwhx6-python3-3.11.9-env/lib/python3.11/site-packages/openlane/scripts/base.sdc'…
[INFO] Using clock clk…
[INFO] Setting output delay to: 4
[INFO] Setting input delay to: 4
[INFO] Setting load to: 0.033442
[INFO] Setting clock uncertainty to: 0.25
[INFO] Setting clock transition to: 0.1499999999999999944488848768742172978818416595458984375
[INFO] Setting timing derate to: 5%
[INFO] Setting signal min routing layer to: met1 and clock min routing layer to met1. 
[INFO] Setting signal max routing layer to: met5 and clock max routing layer to met5. 
-congestion_iterations 50 -verbose
[INFO GRT-0020] Min routing layer: met1
[INFO GRT-0021] Max routing layer: met5
[INFO GRT-0022] Global adjustment: 30%
[INFO GRT-0023] Grid origin: (0, 0)
[INFO GRT-0043] No OR_DEFAULT vias defined.
[INFO GRT-0088] Layer li1     Track-Pitch = 0.4600  line-2-Via Pitch: 0.3400
[INFO GRT-0088] Layer met1    Track-Pitch = 0.3400  line-2-Via Pitch: 0.3400
[INFO GRT-0088] Layer met2    Track-Pitch = 0.4600  line-2-Via Pitch: 0.3500
[INFO GRT-0088] Layer met3    Track-Pitch = 0.6800  line-2-Via Pitch: 0.6150
[INFO GRT-0088] Layer met4    Track-Pitch = 0.9200  line-2-Via Pitch: 1.0400
[INFO GRT-0088] Layer met5    Track-Pitch = 3.4000  line-2-Via Pitch: 3.1100
[INFO GRT-0019] Found 101 clock nets.
[INFO GRT-0001] Minimum degree: 2
[INFO GRT-0002] Maximum degree: 23
[INFO GRT-0003] Macros: 0
[INFO GRT-0043] No OR_DEFAULT vias defined.
[INFO GRT-0004] Blockages: 19829

[INFO GRT-0053] Routing resources analysis:
          Routing      Original      Derated      Resource
Layer     Direction    Resources     Resources    Reduction (%)
---------------------------------------------------------------
li1        Vertical            0             0          0.00%
met1       Horizontal      81628         39243          51.92%
met2       Vertical        60687         39740          34.52%
met3       Horizontal      40814         28003          31.39%
met4       Vertical        24390         15320          37.19%
met5       Horizontal       8125          3844          52.69%
---------------------------------------------------------------

[INFO GRT-0101] Running extra iterations to remove overflow.
[INFO GRT-0197] Via related to pin nodes: 50437
[INFO GRT-0198] Via related Steiner nodes: 724
[INFO GRT-0199] Via filling finished.
[INFO GRT-0111] Final number of vias: 62266
[INFO GRT-0112] Final usage 3D: 218121

[INFO GRT-0096] Final congestion report:
Layer         Resource        Demand        Usage (%)    Max H / Max V / Total Overflow
---------------------------------------------------------------------------------------
li1                  0             0            0.00%             0 /  0 /  0
met1             39243         14672           37.39%             0 /  0 /  0
met2             39740         14468           36.41%             0 /  0 /  0
met3             28003          1393            4.97%             0 /  0 /  0
met4             15320           790            5.16%             0 /  0 /  0
met5              3844             0            0.00%             0 /  0 /  0
---------------------------------------------------------------------------------------
Total           126150         31323           24.83%             0 /  0 /  0

[INFO GRT-0018] Total wirelength: 353300 um
[INFO GRT-0014] Routed nets: 9672
[INFO GRT-0006] Repairing antennas, iteration 1.
[INFO GRT-0043] No OR_DEFAULT vias defined.
[INFO GRT-0012] Found 12 antenna violations.
[INFO GRT-0015] Inserted 14 diodes.
[INFO GRT-0009] rerouting 2789 nets.
[INFO GRT-0001] Minimum degree: 2
[INFO GRT-0002] Maximum degree: 23
[INFO GRT-0006] Repairing antennas, iteration 2.
[INFO GRT-0043] No OR_DEFAULT vias defined.
[INFO GRT-0012] Found 2 antenna violations.
[INFO GRT-0015] Inserted 3 diodes.
[INFO GRT-0009] rerouting 4 nets.
[INFO GRT-0001] Minimum degree: 4
[INFO GRT-0002] Maximum degree: 13
[INFO GRT-0006] Repairing antennas, iteration 3.
[INFO GRT-0043] No OR_DEFAULT vias defined.
[INFO GRT-0012] Found 0 antenna violations.
Placement Analysis
---------------------------------
total displacement          0.0 u
average displacement        0.0 u
max displacement            0.0 u
original HPWL          201967.3 u
legalized HPWL         201967.3 u
delta HPWL                    0 %

[INFO DPL-0020] Mirrored 3678 instances
[INFO DPL-0021] HPWL before          201967.3 u
[INFO DPL-0022] HPWL after           194696.4 u
[INFO DPL-0023] HPWL delta               -3.6 %
-congestion_iterations 50 -verbose
[INFO GRT-0020] Min routing layer: met1
[INFO GRT-0021] Max routing layer: met5
[INFO GRT-0022] Global adjustment: 30%
[INFO GRT-0023] Grid origin: (0, 0)
[INFO GRT-0043] No OR_DEFAULT vias defined.
[INFO GRT-0088] Layer li1     Track-Pitch = 0.4600  line-2-Via Pitch: 0.3400
[INFO GRT-0088] Layer met1    Track-Pitch = 0.3400  line-2-Via Pitch: 0.3400
[INFO GRT-0088] Layer met2    Track-Pitch = 0.4600  line-2-Via Pitch: 0.3500
[INFO GRT-0088] Layer met3    Track-Pitch = 0.6800  line-2-Via Pitch: 0.6150
[INFO GRT-0088] Layer met4    Track-Pitch = 0.9200  line-2-Via Pitch: 1.0400
[INFO GRT-0088] Layer met5    Track-Pitch = 3.4000  line-2-Via Pitch: 3.1100
[INFO GRT-0019] Found 101 clock nets.
[INFO GRT-0001] Minimum degree: 2
[INFO GRT-0002] Maximum degree: 23
[INFO GRT-0003] Macros: 0
[INFO GRT-0043] No OR_DEFAULT vias defined.
[INFO GRT-0004] Blockages: 19829

[INFO GRT-0053] Routing resources analysis:
          Routing      Original      Derated      Resource
Layer     Direction    Resources     Resources    Reduction (%)
---------------------------------------------------------------
li1        Vertical            0             0          0.00%
met1       Horizontal      81628         39242          51.93%
met2       Vertical        60687         39740          34.52%
met3       Horizontal      40814         28003          31.39%
met4       Vertical        24390         15320          37.19%
met5       Horizontal       8125          3844          52.69%
---------------------------------------------------------------

[INFO GRT-0101] Running extra iterations to remove overflow.
[INFO GRT-0197] Via related to pin nodes: 50453
[INFO GRT-0198] Via related Steiner nodes: 732
[INFO GRT-0199] Via filling finished.
[INFO GRT-0111] Final number of vias: 62307
[INFO GRT-0112] Final usage 3D: 218247

[INFO GRT-0096] Final congestion report:
Layer         Resource        Demand        Usage (%)    Max H / Max V / Total Overflow
---------------------------------------------------------------------------------------
li1                  0             0            0.00%             0 /  0 /  0
met1             39242         14731           37.54%             0 /  0 /  0
met2             39740         14494           36.47%             0 /  0 /  0
met3             28003          1334            4.76%             0 /  0 /  0
met4             15320           767            5.01%             0 /  0 /  0
met5              3844             0            0.00%             0 /  0 /  0
---------------------------------------------------------------------------------------
Total           126149         31326           24.83%             0 /  0 /  0

[INFO GRT-0018] Total wirelength: 353397 um
[INFO GRT-0014] Routed nets: 9672
[INFO] Setting RC values…
Setting global connections for newly added cells…
[INFO] Setting global connections...
Updating metrics…
Cell type report:                       Count       Area
  Fill cell                               312    1171.12
  Tap cell                               2528    3163.03
  Antenna cell                             17      42.54
  Buffer                                    1       3.75
  Clock buffer                            110    1584.02
  Timing Repair Buffer                   1753   13909.59
  Inverter                                 86     322.81
  Clock inverter                           78    1002.21
  Sequential cell                        1142   22879.44
  Multi-Input combinational cell         6481   52221.33
  Total                                 12508   96299.86
Writing OpenROAD database to '/home/systemuser/Documents/ECE/510/Project/m3/synth/runs/RUN_2026-05-24_21-40-35/41-openroad-repairantennas/1-diodeinsertion/gelu_top.odb'…
Writing layout to '/home/systemuser/Documents/ECE/510/Project/m3/synth/runs/RUN_2026-05-24_21-40-35/41-openroad-repairantennas/1-diodeinsertion/gelu_top.def'…
