Clock: clk
Sources: clk 
Generated: no
Virtual: yes
Propagated: no
Period: 22.000000

===========================================================================
report_clock_properties
============================================================================
Clock                   Period          Waveform
----------------------------------------------------
clk                  22.000000    0.000000 11.000000

===========================================================================
report_clock_latency
============================================================================
Clock clk
rise -> rise
    min     max
0.000000 0.000000 source latency
0.766879         network latency _13487_/CLK
        0.821263 network latency _13093_/CLK
---------------
0.766879 0.821263 latency
        0.054384 skew

fall -> fall
    min     max
0.000000 0.000000 source latency
0.660169         network latency _13487_/CLK
        0.699362 network latency _13093_/CLK
---------------
0.660169 0.699362 latency
        0.039193 skew



===========================================================================
report_clock_min_period
============================================================================
clk period_min = 9.73 fmax = 102.73
