
===========================================================================
 report_power
============================================================================
======================= nom_tt_025C_1v80 Corner ===================================

Group                    Internal    Switching      Leakage        Total
                            Power        Power        Power        Power (Watts)
------------------------------------------------------------------------
Sequential           2.484243e-03 1.980169e-04 9.320504e-09 2.682269e-03   9.0%
Combinational        1.193134e-02 1.374533e-02 3.512004e-08 2.567671e-02  86.2%
Clock                6.315993e-04 7.852620e-04 2.296632e-09 1.416864e-03   4.8%
Macro                0.000000e+00 0.000000e+00 0.000000e+00 0.000000e+00   0.0%
Pad                  0.000000e+00 0.000000e+00 0.000000e+00 0.000000e+00   0.0%
------------------------------------------------------------------------
Total                1.504714e-02 1.472861e-02 4.673684e-08 2.977580e-02 100.0%
                            50.5%        49.5%         0.0%
Writing metric power__internal__total: 0.015047138556838036
Writing metric power__switching__total: 0.014728610403835773
Writing metric power__leakage__total: 4.673683662304029e-8
Writing metric power__total: 0.029775796458125114

