┏━━━━━━━┳━━━━━━━━━┳━━━━━━━━━━┳━━━━━━━━━━━━━━━━━━━━━━━━━━━━━━━━━━━━━━━━━━━━━━━━┳━━━━━━━━━━━━━┳━━━━━━━┓
┃ P / R ┃ Partial ┃ Required ┃ Net                                            ┃ Pin         ┃ Layer ┃
┡━━━━━━━╇━━━━━━━━━╇━━━━━━━━━━╇━━━━━━━━━━━━━━━━━━━━━━━━━━━━━━━━━━━━━━━━━━━━━━━━╇━━━━━━━━━━━━━╇━━━━━━━┩
│ 3.97  │ 1586.10 │ 400.00   │ u_interface.u_gelu_fp32.u_synth_top.s2_dx[31\] │ _12355_/B   │ met3  │
│ 2.04  │ 816.44  │ 400.00   │ u_interface.u_gelu_fp32.u_synth_top.s2_b[1\]   │ _12557_/B   │ met1  │
│ 1.41  │ 563.48  │ 400.00   │ net2                                           │ fanout795/A │ met3  │
│ 1.41  │ 563.48  │ 400.00   │ net2                                           │ fanout798/A │ met3  │
│ 1.41  │ 563.48  │ 400.00   │ net2                                           │ fanout809/A │ met3  │
│ 1.36  │ 545.19  │ 400.00   │ u_interface.u_gelu_fp32.u_synth_top.s2_b[18\]  │ _12574_/B   │ met1  │
│ 1.23  │ 493.13  │ 400.00   │ _00003_                                        │ fanout726/A │ met3  │
│ 1.23  │ 493.13  │ 400.00   │ net118                                         │ output118/A │ met3  │
│ 1.10  │ 441.16  │ 400.00   │ net122                                         │ output122/A │ met1  │
└───────┴─────────┴──────────┴────────────────────────────────────────────────┴─────────────┴───────┘
