Clock: clk
Sources: clk 
Generated: no
Virtual: yes
Propagated: no
Period: 22.000000

===========================================================================
report_clock_properties
============================================================================
Clock                   Period          Waveform
----------------------------------------------------
clk                  22.000000    0.000000 11.000000

===========================================================================
report_clock_latency
============================================================================
Clock clk
rise -> rise
    min     max
0.000000 0.000000 source latency
0.677679         network latency _13846_/CLK
        0.746190 network latency _13301_/CLK
---------------
0.677679 0.746190 latency
        0.068511 skew

fall -> fall
    min     max
0.000000 0.000000 source latency
0.558023         network latency _13846_/CLK
        0.611903 network latency _13301_/CLK
---------------
0.558023 0.611903 latency
        0.053880 skew



===========================================================================
report_clock_min_period
============================================================================
clk period_min = 6.50 fmax = 153.91
