
===========================================================================
 report_power
============================================================================
======================= max_ff_n40C_1v95 Corner ===================================

Group                    Internal    Switching      Leakage        Total
                            Power        Power        Power        Power (Watts)
------------------------------------------------------------------------
Sequential           2.872335e-03 3.013424e-04 1.658364e-08 3.173694e-03   9.0%
Combinational        1.325391e-02 1.702284e-02 6.748198e-08 3.027681e-02  85.9%
Clock                7.227436e-04 1.058532e-03 2.278693e-08 1.781299e-03   5.1%
Macro                0.000000e+00 0.000000e+00 0.000000e+00 0.000000e+00   0.0%
Pad                  0.000000e+00 0.000000e+00 0.000000e+00 0.000000e+00   0.0%
------------------------------------------------------------------------
Total                1.684896e-02 1.838272e-02 1.068530e-07 3.523179e-02 100.0%
                            47.8%        52.2%         0.0%

