[INFO GRT-0043] No OR_DEFAULT vias defined.
Net: _00003_
  Pin:   fanout725/A (sky130_fd_sc_hd__clkbuf_4)
    Layer: mcon
      Partial area ratio:    0.14
      Required ratio:    3.00 (Gate area) 
      Cumulative area ratio:    0.14
      Required ratio:    0.00 (Cumulative area) 

    Layer: met1
      Partial area ratio:    4.97
      Required ratio:    0.00 (Gate area) 
      Cumulative area ratio:    4.97
      Required ratio:    0.00 (Cumulative area) 
      Partial area ratio:   23.97
      Required ratio:  400.00 (Side area) 
      Cumulative area ratio:   23.97
      Required ratio:    0.00 (Cumulative side area) 

    Layer: via
      Partial area ratio:    0.21
      Required ratio:    6.00 (Gate area) 
      Cumulative area ratio:    0.35
      Required ratio:    0.00 (Cumulative area) 

    Layer: met2
      Partial area ratio:    0.88
      Required ratio:    0.00 (Gate area) 
      Cumulative area ratio:    5.85
      Required ratio:    0.00 (Cumulative area) 
      Partial area ratio:    4.04
      Required ratio:  400.00 (Side area) 
      Cumulative area ratio:   28.02
      Required ratio:    0.00 (Cumulative side area) 

    Layer: via2
      Partial area ratio:    0.19
      Required ratio:    6.00 (Gate area) 
      Cumulative area ratio:    0.53
      Required ratio:    0.00 (Cumulative area) 

    Layer: met3
      Partial area ratio:    0.59
      Required ratio:    0.00 (Gate area) 
      Cumulative area ratio:    6.43
      Required ratio:    0.00 (Cumulative area) 
      Partial area ratio:    5.33
      Required ratio:  400.00 (Side area) 
      Cumulative area ratio:   33.35
      Required ratio:    0.00 (Cumulative side area) 

    Layer: via3
      Partial area ratio:    0.19
      Required ratio:    6.00 (Gate area) 
      Cumulative area ratio:    0.72
      Required ratio:    0.00 (Cumulative area) 

    Layer: met4
      Partial area ratio:  107.13
      Required ratio:    0.00 (Gate area) 
      Cumulative area ratio:  113.57
      Required ratio:    0.00 (Cumulative area) 
      Partial area ratio:  572.13
      Required ratio: 2778.20 (Side area) 
      Cumulative area ratio:  605.48
      Required ratio:    0.00 (Cumulative side area) 


  Pin:   fanout726/A (sky130_fd_sc_hd__buf_2)
    Layer: mcon
      Partial area ratio:    0.18
      Required ratio:    3.00 (Gate area) 
      Cumulative area ratio:    0.18
      Required ratio:    0.00 (Cumulative area) 

    Layer: met1
      Partial area ratio:    6.73
      Required ratio:    0.00 (Gate area) 
      Cumulative area ratio:    6.73
      Required ratio:    0.00 (Cumulative area) 
      Partial area ratio:   32.50
      Required ratio:  400.00 (Side area) 
      Cumulative area ratio:   32.50
      Required ratio:    0.00 (Cumulative side area) 

    Layer: via
      Partial area ratio:    0.28
      Required ratio:    6.00 (Gate area) 
      Cumulative area ratio:    0.46
      Required ratio:    0.00 (Cumulative area) 

    Layer: met2
      Partial area ratio:    1.17
      Required ratio:    0.00 (Gate area) 
      Cumulative area ratio:    7.91
      Required ratio:    0.00 (Cumulative area) 
      Partial area ratio:    5.42
      Required ratio:  400.00 (Side area) 
      Cumulative area ratio:   37.92
      Required ratio:    0.00 (Cumulative side area) 

    Layer: via2
      Partial area ratio:    0.25
      Required ratio:    6.00 (Gate area) 
      Cumulative area ratio:    0.72
      Required ratio:    0.00 (Cumulative area) 

    Layer: met3
      Partial area ratio:   91.91
      Required ratio:    0.00 (Gate area) 
      Cumulative area ratio:   99.82
      Required ratio:    0.00 (Cumulative area) 
      Partial area ratio:  493.13
      Required ratio:  400.00 (Side area) (VIOLATED)
      Cumulative area ratio:  531.05
      Required ratio:    0.00 (Cumulative side area) 

    Layer: via3
      Partial area ratio:    0.25
      Required ratio:    6.00 (Gate area) 
      Cumulative area ratio:    0.97
      Required ratio:    0.00 (Cumulative area) 

    Layer: met4
      Partial area ratio:  107.13
      Required ratio:    0.00 (Gate area) 
      Cumulative area ratio:  206.95
      Required ratio:    0.00 (Cumulative area) 
      Partial area ratio:  572.13
      Required ratio: 2778.20 (Side area) 
      Cumulative area ratio: 1103.18
      Required ratio:    0.00 (Cumulative side area) 


  Pin:   fanout728/A (sky130_fd_sc_hd__buf_4)
    Layer: mcon
      Partial area ratio:    0.12
      Required ratio:    3.00 (Gate area) 
      Cumulative area ratio:    0.12
      Required ratio:    0.00 (Cumulative area) 

    Layer: met1
      Partial area ratio:    6.66
      Required ratio:    0.00 (Gate area) 
      Cumulative area ratio:    6.66
      Required ratio:    0.00 (Cumulative area) 
      Partial area ratio:   31.71
      Required ratio: 2778.20 (Side area) 
      Cumulative area ratio:   31.71
      Required ratio:    0.00 (Cumulative side area) 

    Layer: via
      Partial area ratio:    0.27
      Required ratio:   22.04 (Gate area) 
      Cumulative area ratio:    0.39
      Required ratio:    0.00 (Cumulative area) 

    Layer: met2
      Partial area ratio:    9.04
      Required ratio:    0.00 (Gate area) 
      Cumulative area ratio:   15.69
      Required ratio:    0.00 (Cumulative area) 
      Partial area ratio:   44.42
      Required ratio: 2778.20 (Side area) 
      Cumulative area ratio:   76.12
      Required ratio:    0.00 (Cumulative side area) 

    Layer: via2
      Partial area ratio:    0.16
      Required ratio:   22.04 (Gate area) 
      Cumulative area ratio:    0.55
      Required ratio:    0.00 (Cumulative area) 

    Layer: met3
      Partial area ratio:   17.23
      Required ratio:    0.00 (Gate area) 
      Cumulative area ratio:   32.92
      Required ratio:    0.00 (Cumulative area) 
      Partial area ratio:   93.77
      Required ratio: 2778.20 (Side area) 
      Cumulative area ratio:  169.89
      Required ratio:    0.00 (Cumulative side area) 

    Layer: via3
      Partial area ratio:    0.16
      Required ratio:   22.04 (Gate area) 
      Cumulative area ratio:    0.71
      Required ratio:    0.00 (Cumulative area) 

    Layer: met4
      Partial area ratio:  107.13
      Required ratio:    0.00 (Gate area) 
      Cumulative area ratio:  140.06
      Required ratio:    0.00 (Cumulative area) 
      Partial area ratio:  572.13
      Required ratio: 2778.20 (Side area) 
      Cumulative area ratio:  742.02
      Required ratio:    0.00 (Cumulative side area) 



Net: u_interface.u_gelu_fp32.u_synth_top.s2_b\[18\]
  Pin:   _12574_/B (sky130_fd_sc_hd__and2_1)
    Layer: mcon
      Partial area ratio:    0.23
      Required ratio:    3.00 (Gate area) 
      Cumulative area ratio:    0.23
      Required ratio:    0.00 (Cumulative area) 

    Layer: met1
      Partial area ratio:  109.33
      Required ratio:    0.00 (Gate area) 
      Cumulative area ratio:  109.33
      Required ratio:    0.00 (Cumulative area) 
      Partial area ratio:  545.19
      Required ratio:  400.00 (Side area) (VIOLATED)
      Cumulative area ratio:  545.19
      Required ratio:    0.00 (Cumulative side area) 

    Layer: via
      Partial area ratio:    0.36
      Required ratio:    6.00 (Gate area) 
      Cumulative area ratio:    0.59
      Required ratio:    0.00 (Cumulative area) 

    Layer: met2
      Partial area ratio:   95.25
      Required ratio:    0.00 (Gate area) 
      Cumulative area ratio:  204.58
      Required ratio:    0.00 (Cumulative area) 
      Partial area ratio:  474.22
      Required ratio: 2771.60 (Side area) 
      Cumulative area ratio: 1019.42
      Required ratio:    0.00 (Cumulative side area) 



Net: u_interface.u_gelu_fp32.u_synth_top.s2_b\[1\]
  Pin:   _12557_/B (sky130_fd_sc_hd__and2_1)
    Layer: mcon
      Partial area ratio:    0.23
      Required ratio:    3.00 (Gate area) 
      Cumulative area ratio:    0.23
      Required ratio:    0.00 (Cumulative area) 

    Layer: met1
      Partial area ratio:  163.58
      Required ratio:    0.00 (Gate area) 
      Cumulative area ratio:  163.58
      Required ratio:    0.00 (Cumulative area) 
      Partial area ratio:  816.44
      Required ratio:  400.00 (Side area) (VIOLATED)
      Cumulative area ratio:  816.44
      Required ratio:    0.00 (Cumulative side area) 

    Layer: via
      Partial area ratio:    0.36
      Required ratio:    6.00 (Gate area) 
      Cumulative area ratio:    0.59
      Required ratio:    0.00 (Cumulative area) 

    Layer: met2
      Partial area ratio:    9.95
      Required ratio:    0.00 (Gate area) 
      Cumulative area ratio:  173.54
      Required ratio:    0.00 (Cumulative area) 
      Partial area ratio:   48.67
      Required ratio: 2771.60 (Side area) 
      Cumulative area ratio:  865.11
      Required ratio:    0.00 (Cumulative side area) 



Net: u_interface.u_gelu_fp32.u_synth_top.s2_dx\[31\]
  Pin:   _12355_/B (sky130_fd_sc_hd__and2b_1)
    Layer: mcon
      Partial area ratio:    0.23
      Required ratio:    3.00 (Gate area) 
      Cumulative area ratio:    0.23
      Required ratio:    0.00 (Cumulative area) 

    Layer: met1
      Partial area ratio:    2.68
      Required ratio:    0.00 (Gate area) 
      Cumulative area ratio:    2.68
      Required ratio:    0.00 (Cumulative area) 
      Partial area ratio:   11.29
      Required ratio:  400.00 (Side area) 
      Cumulative area ratio:   11.29
      Required ratio:    0.00 (Cumulative side area) 

    Layer: via
      Partial area ratio:    0.36
      Required ratio:    6.00 (Gate area) 
      Cumulative area ratio:    0.59
      Required ratio:    0.00 (Cumulative area) 

    Layer: met2
      Partial area ratio:   47.76
      Required ratio:    0.00 (Gate area) 
      Cumulative area ratio:   50.44
      Required ratio:    0.00 (Cumulative area) 
      Partial area ratio:  237.36
      Required ratio:  400.00 (Side area) 
      Cumulative area ratio:  248.66
      Required ratio:    0.00 (Cumulative side area) 

    Layer: via2
      Partial area ratio:    0.32
      Required ratio:    6.00 (Gate area) 
      Cumulative area ratio:    0.90
      Required ratio:    0.00 (Cumulative area) 

    Layer: met3
      Partial area ratio:  296.70
      Required ratio:    0.00 (Gate area) 
      Cumulative area ratio:  347.14
      Required ratio:    0.00 (Cumulative area) 
      Partial area ratio: 1586.10
      Required ratio:  400.00 (Side area) (VIOLATED)
      Cumulative area ratio: 1834.75
      Required ratio:    0.00 (Cumulative side area) 

    Layer: via3
      Partial area ratio:    0.32
      Required ratio:    6.00 (Gate area) 
      Cumulative area ratio:    1.22
      Required ratio:    0.00 (Cumulative area) 

    Layer: met4
      Partial area ratio:   56.47
      Required ratio:    0.00 (Gate area) 
      Cumulative area ratio:  403.60
      Required ratio:    0.00 (Cumulative area) 
      Partial area ratio:  302.00
      Required ratio: 2778.20 (Side area) 
      Cumulative area ratio: 2136.75
      Required ratio:    0.00 (Cumulative side area) 


  Pin:   fanout388/A (sky130_fd_sc_hd__clkbuf_8)
    Layer: mcon
      Partial area ratio:    0.07
      Required ratio:    3.00 (Gate area) 
      Cumulative area ratio:    0.07
      Required ratio:    0.00 (Cumulative area) 

    Layer: met1
      Partial area ratio:    3.44
      Required ratio:    0.00 (Gate area) 
      Cumulative area ratio:    3.44
      Required ratio:    0.00 (Cumulative area) 
      Partial area ratio:   16.75
      Required ratio:  400.00 (Side area) 
      Cumulative area ratio:   16.75
      Required ratio:    0.00 (Cumulative side area) 

    Layer: via
      Partial area ratio:    0.11
      Required ratio:    6.00 (Gate area) 
      Cumulative area ratio:    0.17
      Required ratio:    0.00 (Cumulative area) 

    Layer: met2
      Partial area ratio:    9.79
      Required ratio:    0.00 (Gate area) 
      Cumulative area ratio:   13.22
      Required ratio:    0.00 (Cumulative area) 
      Partial area ratio:   48.48
      Required ratio: 2778.20 (Side area) 
      Cumulative area ratio:   65.23
      Required ratio:    0.00 (Cumulative side area) 

    Layer: via2
      Partial area ratio:    0.09
      Required ratio:   22.04 (Gate area) 
      Cumulative area ratio:    0.27
      Required ratio:    0.00 (Cumulative area) 

    Layer: met3
      Partial area ratio:    0.29
      Required ratio:    0.00 (Gate area) 
      Cumulative area ratio:   13.52
      Required ratio:    0.00 (Cumulative area) 
      Partial area ratio:    2.67
      Required ratio: 2778.20 (Side area) 
      Cumulative area ratio:   67.90
      Required ratio:    0.00 (Cumulative side area) 

    Layer: via3
      Partial area ratio:    0.09
      Required ratio:   22.04 (Gate area) 
      Cumulative area ratio:    0.36
      Required ratio:    0.00 (Cumulative area) 

    Layer: met4
      Partial area ratio:   56.47
      Required ratio:    0.00 (Gate area) 
      Cumulative area ratio:   69.98
      Required ratio:    0.00 (Cumulative area) 
      Partial area ratio:  302.00
      Required ratio: 2778.20 (Side area) 
      Cumulative area ratio:  369.90
      Required ratio:    0.00 (Cumulative side area) 



Net: net2
  Pin:   fanout795/A (sky130_fd_sc_hd__buf_2)
    Layer: mcon
      Partial area ratio:    0.18
      Required ratio:    3.00 (Gate area) 
      Cumulative area ratio:    0.18
      Required ratio:    0.00 (Cumulative area) 

    Layer: met1
      Partial area ratio:   16.97
      Required ratio:    0.00 (Gate area) 
      Cumulative area ratio:   16.97
      Required ratio:    0.00 (Cumulative area) 
      Partial area ratio:   83.68
      Required ratio:  400.00 (Side area) 
      Cumulative area ratio:   83.68
      Required ratio:    0.00 (Cumulative side area) 

    Layer: via
      Partial area ratio:    0.28
      Required ratio:    6.00 (Gate area) 
      Cumulative area ratio:    0.46
      Required ratio:    0.00 (Cumulative area) 

    Layer: met2
      Partial area ratio:   40.90
      Required ratio:    0.00 (Gate area) 
      Cumulative area ratio:   57.87
      Required ratio:    0.00 (Cumulative area) 
      Partial area ratio:  203.71
      Required ratio:  400.00 (Side area) 
      Cumulative area ratio:  287.39
      Required ratio:    0.00 (Cumulative side area) 

    Layer: via2
      Partial area ratio:    0.08
      Required ratio:    6.00 (Gate area) 
      Cumulative area ratio:    0.54
      Required ratio:    0.00 (Cumulative area) 

    Layer: met3
      Partial area ratio:  105.49
      Required ratio:    0.00 (Gate area) 
      Cumulative area ratio:  163.36
      Required ratio:    0.00 (Cumulative area) 
      Partial area ratio:  563.48
      Required ratio:  400.00 (Side area) (VIOLATED)
      Cumulative area ratio:  850.87
      Required ratio:    0.00 (Cumulative side area) 

    Layer: via3
      Partial area ratio:    0.08
      Required ratio:    6.00 (Gate area) 
      Cumulative area ratio:    0.62
      Required ratio:    0.00 (Cumulative area) 

    Layer: met4
      Partial area ratio:   33.55
      Required ratio:    0.00 (Gate area) 
      Cumulative area ratio:  196.90
      Required ratio:    0.00 (Cumulative area) 
      Partial area ratio:  179.55
      Required ratio: 2956.40 (Side area) 
      Cumulative area ratio: 1030.42
      Required ratio:    0.00 (Cumulative side area) 


  Pin:   fanout798/A (sky130_fd_sc_hd__clkbuf_2)
    Layer: mcon
      Partial area ratio:    0.14
      Required ratio:    3.00 (Gate area) 
      Cumulative area ratio:    0.14
      Required ratio:    0.00 (Cumulative area) 

    Layer: met1
      Partial area ratio:   25.25
      Required ratio:    0.00 (Gate area) 
      Cumulative area ratio:   25.25
      Required ratio:    0.00 (Cumulative area) 
      Partial area ratio:  125.38
      Required ratio:  400.00 (Side area) 
      Cumulative area ratio:  125.38
      Required ratio:    0.00 (Cumulative side area) 

    Layer: via
      Partial area ratio:    0.21
      Required ratio:    6.00 (Gate area) 
      Cumulative area ratio:    0.35
      Required ratio:    0.00 (Cumulative area) 

    Layer: met2
      Partial area ratio:   40.90
      Required ratio:    0.00 (Gate area) 
      Cumulative area ratio:   66.15
      Required ratio:    0.00 (Cumulative area) 
      Partial area ratio:  203.71
      Required ratio:  400.00 (Side area) 
      Cumulative area ratio:  329.08
      Required ratio:    0.00 (Cumulative side area) 

    Layer: via2
      Partial area ratio:    0.08
      Required ratio:    6.00 (Gate area) 
      Cumulative area ratio:    0.42
      Required ratio:    0.00 (Cumulative area) 

    Layer: met3
      Partial area ratio:  105.49
      Required ratio:    0.00 (Gate area) 
      Cumulative area ratio:  171.64
      Required ratio:    0.00 (Cumulative area) 
      Partial area ratio:  563.48
      Required ratio:  400.00 (Side area) (VIOLATED)
      Cumulative area ratio:  892.56
      Required ratio:    0.00 (Cumulative side area) 

    Layer: via3
      Partial area ratio:    0.08
      Required ratio:    6.00 (Gate area) 
      Cumulative area ratio:    0.50
      Required ratio:    0.00 (Cumulative area) 

    Layer: met4
      Partial area ratio:   33.55
      Required ratio:    0.00 (Gate area) 
      Cumulative area ratio:  205.18
      Required ratio:    0.00 (Cumulative area) 
      Partial area ratio:  179.55
      Required ratio: 2956.40 (Side area) 
      Cumulative area ratio: 1072.11
      Required ratio:    0.00 (Cumulative side area) 


  Pin:   fanout809/A (sky130_fd_sc_hd__buf_2)
    Layer: mcon
      Partial area ratio:    0.18
      Required ratio:    3.00 (Gate area) 
      Cumulative area ratio:    0.18
      Required ratio:    0.00 (Cumulative area) 

    Layer: met1
      Partial area ratio:    5.01
      Required ratio:    0.00 (Gate area) 
      Cumulative area ratio:    5.01
      Required ratio:    0.00 (Cumulative area) 
      Partial area ratio:   23.87
      Required ratio:  400.00 (Side area) 
      Cumulative area ratio:   23.87
      Required ratio:    0.00 (Cumulative side area) 

    Layer: via
      Partial area ratio:    0.28
      Required ratio:    6.00 (Gate area) 
      Cumulative area ratio:    0.46
      Required ratio:    0.00 (Cumulative area) 

    Layer: met2
      Partial area ratio:   40.90
      Required ratio:    0.00 (Gate area) 
      Cumulative area ratio:   45.91
      Required ratio:    0.00 (Cumulative area) 
      Partial area ratio:  203.71
      Required ratio:  400.00 (Side area) 
      Cumulative area ratio:  227.58
      Required ratio:    0.00 (Cumulative side area) 

    Layer: via2
      Partial area ratio:    0.08
      Required ratio:    6.00 (Gate area) 
      Cumulative area ratio:    0.54
      Required ratio:    0.00 (Cumulative area) 

    Layer: met3
      Partial area ratio:  105.49
      Required ratio:    0.00 (Gate area) 
      Cumulative area ratio:  151.39
      Required ratio:    0.00 (Cumulative area) 
      Partial area ratio:  563.48
      Required ratio:  400.00 (Side area) (VIOLATED)
      Cumulative area ratio:  791.06
      Required ratio:    0.00 (Cumulative side area) 

    Layer: via3
      Partial area ratio:    0.08
      Required ratio:    6.00 (Gate area) 
      Cumulative area ratio:    0.62
      Required ratio:    0.00 (Cumulative area) 

    Layer: met4
      Partial area ratio:   33.55
      Required ratio:    0.00 (Gate area) 
      Cumulative area ratio:  184.94
      Required ratio:    0.00 (Cumulative area) 
      Partial area ratio:  179.55
      Required ratio: 2956.40 (Side area) 
      Cumulative area ratio:  970.61
      Required ratio:    0.00 (Cumulative side area) 


  Pin:   fanout830/A (sky130_fd_sc_hd__clkbuf_4)
    Layer: mcon
      Partial area ratio:    0.14
      Required ratio:    3.00 (Gate area) 
      Cumulative area ratio:    0.14
      Required ratio:    0.00 (Cumulative area) 

    Layer: met1
      Partial area ratio:    2.48
      Required ratio:    0.00 (Gate area) 
      Cumulative area ratio:    2.48
      Required ratio:    0.00 (Cumulative area) 
      Partial area ratio:   11.55
      Required ratio:  400.00 (Side area) 
      Cumulative area ratio:   11.55
      Required ratio:    0.00 (Cumulative side area) 

    Layer: via
      Partial area ratio:    0.21
      Required ratio:    6.00 (Gate area) 
      Cumulative area ratio:    0.35
      Required ratio:    0.00 (Cumulative area) 

    Layer: met2
      Partial area ratio:   10.50
      Required ratio:    0.00 (Gate area) 
      Cumulative area ratio:   12.99
      Required ratio:    0.00 (Cumulative area) 
      Partial area ratio:   51.61
      Required ratio: 2956.40 (Side area) 
      Cumulative area ratio:   63.16
      Required ratio:    0.00 (Cumulative side area) 

    Layer: via2
      Partial area ratio:    0.19
      Required ratio:   38.08 (Gate area) 
      Cumulative area ratio:    0.53
      Required ratio:    0.00 (Cumulative area) 

    Layer: met3
      Partial area ratio:   49.17
      Required ratio:    0.00 (Gate area) 
      Cumulative area ratio:   62.16
      Required ratio:    0.00 (Cumulative area) 
      Partial area ratio:  264.45
      Required ratio: 2956.40 (Side area) 
      Cumulative area ratio:  327.62
      Required ratio:    0.00 (Cumulative side area) 

    Layer: via3
      Partial area ratio:    0.19
      Required ratio:   38.08 (Gate area) 
      Cumulative area ratio:    0.72
      Required ratio:    0.00 (Cumulative area) 

    Layer: met4
      Partial area ratio:   33.55
      Required ratio:    0.00 (Gate area) 
      Cumulative area ratio:   95.71
      Required ratio:    0.00 (Cumulative area) 
      Partial area ratio:  179.55
      Required ratio: 2956.40 (Side area) 
      Cumulative area ratio:  507.16
      Required ratio:    0.00 (Cumulative side area) 



Net: net118
  Pin:   output118/A (sky130_fd_sc_hd__buf_2)
    Layer: mcon
      Partial area ratio:    0.18
      Required ratio:    3.00 (Gate area) 
      Cumulative area ratio:    0.18
      Required ratio:    0.00 (Cumulative area) 

    Layer: met1
      Partial area ratio:    5.15
      Required ratio:    0.00 (Gate area) 
      Cumulative area ratio:    5.15
      Required ratio:    0.00 (Cumulative area) 
      Partial area ratio:   24.60
      Required ratio:  400.00 (Side area) 
      Cumulative area ratio:   24.60
      Required ratio:    0.00 (Cumulative side area) 

    Layer: via
      Partial area ratio:    0.28
      Required ratio:    6.00 (Gate area) 
      Cumulative area ratio:    0.46
      Required ratio:    0.00 (Cumulative area) 

    Layer: met2
      Partial area ratio:    1.17
      Required ratio:    0.00 (Gate area) 
      Cumulative area ratio:    6.33
      Required ratio:    0.00 (Cumulative area) 
      Partial area ratio:    5.42
      Required ratio:  400.00 (Side area) 
      Cumulative area ratio:   30.01
      Required ratio:    0.00 (Cumulative side area) 

    Layer: via2
      Partial area ratio:    0.25
      Required ratio:    6.00 (Gate area) 
      Cumulative area ratio:    0.72
      Required ratio:    0.00 (Cumulative area) 

    Layer: met3
      Partial area ratio:   91.91
      Required ratio:    0.00 (Gate area) 
      Cumulative area ratio:   98.24
      Required ratio:    0.00 (Cumulative area) 
      Partial area ratio:  493.13
      Required ratio:  400.00 (Side area) (VIOLATED)
      Cumulative area ratio:  523.14
      Required ratio:    0.00 (Cumulative side area) 

    Layer: via3
      Partial area ratio:    0.25
      Required ratio:    6.00 (Gate area) 
      Cumulative area ratio:    0.97
      Required ratio:    0.00 (Cumulative area) 

    Layer: met4
      Partial area ratio:   39.80
      Required ratio:    0.00 (Gate area) 
      Cumulative area ratio:  138.04
      Required ratio:    0.00 (Cumulative area) 
      Partial area ratio:  215.25
      Required ratio: 2771.60 (Side area) 
      Cumulative area ratio:  738.39
      Required ratio:    0.00 (Cumulative side area) 



Net: net122
  Pin:   output122/A (sky130_fd_sc_hd__buf_2)
    Layer: mcon
      Partial area ratio:    0.18
      Required ratio:    3.00 (Gate area) 
      Cumulative area ratio:    0.18
      Required ratio:    0.00 (Cumulative area) 

    Layer: met1
      Partial area ratio:   88.47
      Required ratio:    0.00 (Gate area) 
      Cumulative area ratio:   88.47
      Required ratio:    0.00 (Cumulative area) 
      Partial area ratio:  441.16
      Required ratio:  400.00 (Side area) (VIOLATED)
      Cumulative area ratio:  441.16
      Required ratio:    0.00 (Cumulative side area) 

    Layer: via
      Partial area ratio:    0.28
      Required ratio:    6.00 (Gate area) 
      Cumulative area ratio:    0.46
      Required ratio:    0.00 (Cumulative area) 

    Layer: met2
      Partial area ratio:    7.89
      Required ratio:    0.00 (Gate area) 
      Cumulative area ratio:   96.35
      Required ratio:    0.00 (Cumulative area) 
      Partial area ratio:   38.57
      Required ratio: 2771.60 (Side area) 
      Cumulative area ratio:  479.73
      Required ratio:    0.00 (Cumulative side area) 



[INFO ANT-0002] Found 7 net violations.
[INFO ANT-0001] Found 9 pin violations.
