
===========================================================================
 report_power
============================================================================
======================= nom_tt_025C_1v80 Corner ===================================

Group                    Internal    Switching      Leakage        Total
                            Power        Power        Power        Power (Watts)
------------------------------------------------------------------------
Sequential           1.868795e-02 2.311442e-03 6.905418e-08 2.099946e-02   9.2%
Combinational        8.325311e-02 1.092977e-01 2.706631e-07 1.925511e-01  84.3%
Clock                7.817812e-03 6.995175e-03 1.574122e-07 1.481314e-02   6.5%
Macro                0.000000e+00 0.000000e+00 0.000000e+00 0.000000e+00   0.0%
Pad                  0.000000e+00 0.000000e+00 0.000000e+00 0.000000e+00   0.0%
------------------------------------------------------------------------
Total                1.097681e-01 1.186044e-01 4.971113e-07 2.283730e-01 100.0%
                            48.1%        51.9%         0.0%

