167. Printing statistics.

=== gelu_top ===

   Number of wires:              57773
   Number of wire bits:          58412
   Number of public wires:        8478
   Number of public wire bits:    9117
   Number of ports:                 29
   Number of port bits:            668
   Number of memories:               0
   Number of memory bits:            0
   Number of processes:              0
   Number of cells:              58045
     sky130_fd_sc_hd__a2111o_2      23
     sky130_fd_sc_hd__a2111oi_2      6
     sky130_fd_sc_hd__a211o_2      599
     sky130_fd_sc_hd__a211oi_2     664
     sky130_fd_sc_hd__a21bo_2      581
     sky130_fd_sc_hd__a21boi_2     134
     sky130_fd_sc_hd__a21o_2      2773
     sky130_fd_sc_hd__a21oi_2     2208
     sky130_fd_sc_hd__a221o_2      260
     sky130_fd_sc_hd__a221oi_2      20
     sky130_fd_sc_hd__a22o_2      1643
     sky130_fd_sc_hd__a22oi_2      674
     sky130_fd_sc_hd__a2bb2o_2      56
     sky130_fd_sc_hd__a2bb2oi_2      8
     sky130_fd_sc_hd__a311o_2       17
     sky130_fd_sc_hd__a311oi_2       7
     sky130_fd_sc_hd__a31o_2      1035
     sky130_fd_sc_hd__a31oi_2      153
     sky130_fd_sc_hd__a32o_2       146
     sky130_fd_sc_hd__a32oi_2       10
     sky130_fd_sc_hd__a41o_2        15
     sky130_fd_sc_hd__and2_2      1848
     sky130_fd_sc_hd__and2b_2     1119
     sky130_fd_sc_hd__and3_2      1669
     sky130_fd_sc_hd__and3b_2      138
     sky130_fd_sc_hd__and4_2      1149
     sky130_fd_sc_hd__and4b_2      136
     sky130_fd_sc_hd__and4bb_2      95
     sky130_fd_sc_hd__buf_2          1
     sky130_fd_sc_hd__conb_1        34
     sky130_fd_sc_hd__dfxtp_2     8451
     sky130_fd_sc_hd__inv_2        700
     sky130_fd_sc_hd__mux2_1      6676
     sky130_fd_sc_hd__mux4_2       926
     sky130_fd_sc_hd__nand2_2     3422
     sky130_fd_sc_hd__nand2b_2     809
     sky130_fd_sc_hd__nand3_2     1739
     sky130_fd_sc_hd__nand3b_2     149
     sky130_fd_sc_hd__nand4_2      541
     sky130_fd_sc_hd__nand4b_2       5
     sky130_fd_sc_hd__nor2_2      2980
     sky130_fd_sc_hd__nor3_2       357
     sky130_fd_sc_hd__nor3b_2       56
     sky130_fd_sc_hd__nor4_2        97
     sky130_fd_sc_hd__nor4b_2        3
     sky130_fd_sc_hd__o2111a_2      32
     sky130_fd_sc_hd__o2111ai_2      2
     sky130_fd_sc_hd__o211a_2      922
     sky130_fd_sc_hd__o211ai_2     520
     sky130_fd_sc_hd__o21a_2      1002
     sky130_fd_sc_hd__o21ai_2     1236
     sky130_fd_sc_hd__o21ba_2      399
     sky130_fd_sc_hd__o21bai_2     371
     sky130_fd_sc_hd__o221a_2       62
     sky130_fd_sc_hd__o22a_2       170
     sky130_fd_sc_hd__o22ai_2       44
     sky130_fd_sc_hd__o2bb2a_2     211
     sky130_fd_sc_hd__o311a_2       51
     sky130_fd_sc_hd__o311ai_2       1
     sky130_fd_sc_hd__o31a_2       118
     sky130_fd_sc_hd__o31ai_2       25
     sky130_fd_sc_hd__o32a_2        17
     sky130_fd_sc_hd__o32ai_2        5
     sky130_fd_sc_hd__o41a_2        53
     sky130_fd_sc_hd__o41ai_2        8
     sky130_fd_sc_hd__or2_2       1898
     sky130_fd_sc_hd__or3_2       1013
     sky130_fd_sc_hd__or3b_2       179
     sky130_fd_sc_hd__or4_2        535
     sky130_fd_sc_hd__or4b_2        51
     sky130_fd_sc_hd__or4bb_2       30
     sky130_fd_sc_hd__xnor2_2     3704
     sky130_fd_sc_hd__xor2_2      1254

   Chip area for module '\gelu_top': 676371.193600
     of which used for sequential elements: 179756.150400 (26.58%)

