159. Printing statistics.

=== gelu_top ===

   Number of wires:               8535
   Number of wire bits:          10159
   Number of public wires:         146
   Number of public wire bits:    1488
   Number of ports:                 29
   Number of port bits:            220
   Number of memories:               0
   Number of memory bits:            0
   Number of processes:              0
   Number of cells:               9746
     $_ANDNOT_                    2028
     $_AND_                        316
     $_MUX_                       2086
     $_NAND_                       507
     $_NOR_                        242
     $_NOT_                        179
     $_ORNOT_                      183
     $_OR_                        1154
     $_XNOR_                       306
     $_XOR_                       1603
     sky130_fd_sc_hd__dfxtp_2     1142

   Area for cell type $_NOT_ is unknown!
   Area for cell type $_AND_ is unknown!
   Area for cell type $_NAND_ is unknown!
   Area for cell type $_OR_ is unknown!
   Area for cell type $_NOR_ is unknown!
   Area for cell type $_XOR_ is unknown!
   Area for cell type $_XNOR_ is unknown!
   Area for cell type $_ANDNOT_ is unknown!
   Area for cell type $_ORNOT_ is unknown!
   Area for cell type $_MUX_ is unknown!

   Chip area for module '\gelu_top': 24290.796800
     of which used for sequential elements: 24290.796800 (100.00%)

