153. Printing statistics.

=== gelu_top ===

   Number of wires:               7383
   Number of wire bits:           9007
   Number of public wires:         146
   Number of public wire bits:    1488
   Number of ports:                 29
   Number of port bits:            220
   Number of memories:               0
   Number of memory bits:            0
   Number of processes:              0
   Number of cells:               8594
     $_ANDNOT_                    2028
     $_AND_                        316
     $_DFFE_PN_                    111
     $_DFFE_PP_                    544
     $_DFF_P_                       84
     $_MUX_                        934
     $_NAND_                       507
     $_NOR_                        242
     $_NOT_                        179
     $_ORNOT_                      183
     $_OR_                        1154
     $_SDFFCE_PN0N_                  9
     $_SDFFCE_PP0N_                 61
     $_SDFFE_PP0P_                  24
     $_SDFF_PN0_                    35
     $_SDFF_PN1_                     1
     $_SDFF_PP0_                   273
     $_XNOR_                       306
     $_XOR_                       1603

   Area for cell type $_NOT_ is unknown!
   Area for cell type $_AND_ is unknown!
   Area for cell type $_NAND_ is unknown!
   Area for cell type $_OR_ is unknown!
   Area for cell type $_NOR_ is unknown!
   Area for cell type $_XOR_ is unknown!
   Area for cell type $_XNOR_ is unknown!
   Area for cell type $_ANDNOT_ is unknown!
   Area for cell type $_ORNOT_ is unknown!
   Area for cell type $_MUX_ is unknown!
   Area for cell type $_DFF_P_ is unknown!
   Area for cell type $_DFFE_PN_ is unknown!
   Area for cell type $_DFFE_PP_ is unknown!
   Area for cell type $_SDFF_PN0_ is unknown!
   Area for cell type $_SDFF_PN1_ is unknown!
   Area for cell type $_SDFF_PP0_ is unknown!
   Area for cell type $_SDFFE_PP0P_ is unknown!
   Area for cell type $_SDFFCE_PN0N_ is unknown!
   Area for cell type $_SDFFCE_PP0N_ is unknown!

