Clock: clk
Sources: clk 
Generated: no
Virtual: no
Propagated: no
Period: 22.000000

===========================================================================
report_clock_properties
============================================================================
Clock                   Period          Waveform
----------------------------------------------------
clk                  22.000000    0.000000 11.000000

===========================================================================
report_clock_latency
============================================================================
Clock clk
rise -> rise
    min     max
0.000000 0.000000 source latency
6.541125         network latency _13031_/CLK
        6.541125 network latency _13031_/CLK
---------------
6.541125 6.541125 latency
        0.000000 skew

fall -> fall
    min     max
0.000000 0.000000 source latency
3.148926         network latency _13031_/CLK
        3.148926 network latency _13031_/CLK
---------------
3.148926 3.148926 latency
        0.000000 skew



===========================================================================
report_clock_min_period
============================================================================
clk period_min = 9.47 fmax = 105.63
