
===========================================================================
 report_power
============================================================================
======================= nom_tt_025C_1v80 Corner ===================================

Group                    Internal    Switching      Leakage        Total
                            Power        Power        Power        Power (Watts)
------------------------------------------------------------------------
Sequential           2.545891e-03 6.161636e-04 9.790236e-09 3.162064e-03   8.6%
Combinational        1.840009e-02 1.500927e-02 2.770259e-08 3.340939e-02  91.4%
Clock                0.000000e+00 0.000000e+00 0.000000e+00 0.000000e+00   0.0%
Macro                0.000000e+00 0.000000e+00 0.000000e+00 0.000000e+00   0.0%
Pad                  0.000000e+00 0.000000e+00 0.000000e+00 0.000000e+00   0.0%
------------------------------------------------------------------------
Total                2.094650e-02 1.562542e-02 3.749343e-08 3.657195e-02 100.0%
                            57.3%        42.7%         0.0%

