
===========================================================================
report_checks -unconstrained
===========================================================================
======================= nom_tt_025C_1v80 Corner ===================================

Startpoint: _13499_ (rising edge-triggered flip-flop clocked by clk)
Endpoint: _13832_ (rising edge-triggered flip-flop clocked by clk)
Path Group: clk
Path Type: max

Fanout         Cap        Slew       Delay        Time   Description
---------------------------------------------------------------------------------------------
                                  0.000000    0.000000   clock clk (rise edge)
                                  0.000000    0.000000   clock source latency
     1    0.063609    0.288776    0.205889    0.205889 ^ clk (in)
                                                         clk (net)
                      0.289312    0.000000    0.205889 ^ clkbuf_0_clk/A (sky130_fd_sc_hd__clkbuf_16)
     8    0.177609    0.189964    0.312386    0.518275 ^ clkbuf_0_clk/X (sky130_fd_sc_hd__clkbuf_16)
                                                         clknet_0_clk (net)
                      0.190854    0.010532    0.528807 ^ clkbuf_3_2__f_clk/A (sky130_fd_sc_hd__clkbuf_16)
    14    0.133641    0.146552    0.257638    0.786446 ^ clkbuf_3_2__f_clk/X (sky130_fd_sc_hd__clkbuf_16)
                                                         clknet_3_2__leaf_clk (net)
                      0.146732    0.003341    0.789787 ^ clkbuf_leaf_3_clk/A (sky130_fd_sc_hd__clkbuf_8)
    21    0.062509    0.117753    0.219213    1.009000 ^ clkbuf_leaf_3_clk/X (sky130_fd_sc_hd__clkbuf_8)
                                                         clknet_leaf_3_clk (net)
                      0.117768    0.001459    1.010458 ^ _13499_/CLK (sky130_fd_sc_hd__dfxtp_1)
     1    0.012948    0.129370    0.392949    1.403407 ^ _13499_/Q (sky130_fd_sc_hd__dfxtp_1)
                                                         u_interface.u_gelu_fp32.u_synth_top.s2_m[12] (net)
                      0.129372    0.000732    1.404139 ^ fanout683/A (sky130_fd_sc_hd__buf_2)
     5    0.058947    0.286523    0.306985    1.711125 ^ fanout683/X (sky130_fd_sc_hd__buf_2)
                                                         net683 (net)
                      0.286525    0.000586    1.711711 ^ fanout682/A (sky130_fd_sc_hd__buf_2)
     8    0.046266    0.226563    0.307896    2.019608 ^ fanout682/X (sky130_fd_sc_hd__buf_2)
                                                         net682 (net)
                      0.226564    0.000552    2.020159 ^ fanout681/A (sky130_fd_sc_hd__clkbuf_2)
     7    0.028509    0.159732    0.241486    2.261645 ^ fanout681/X (sky130_fd_sc_hd__clkbuf_2)
                                                         net681 (net)
                      0.159732    0.000632    2.262276 ^ fanout680/A (sky130_fd_sc_hd__buf_2)
     8    0.046811    0.229406    0.277072    2.539348 ^ fanout680/X (sky130_fd_sc_hd__buf_2)
                                                         net680 (net)
                      0.229451    0.002671    2.542019 ^ fanout679/A (sky130_fd_sc_hd__clkbuf_2)
    10    0.033185    0.183901    0.258998    2.801017 ^ fanout679/X (sky130_fd_sc_hd__clkbuf_2)
                                                         net679 (net)
                      0.183901    0.000421    2.801438 ^ _08906_/B (sky130_fd_sc_hd__and4_1)
     2    0.005246    0.076422    0.227463    3.028902 ^ _08906_/X (sky130_fd_sc_hd__and4_1)
                                                         _02665_ (net)
                      0.076422    0.000128    3.029029 ^ _08908_/A_N (sky130_fd_sc_hd__and2b_1)
     1    0.005717    0.045909    0.191706    3.220735 v _08908_/X (sky130_fd_sc_hd__and2b_1)
                                                         _02667_ (net)
                      0.045909    0.000193    3.220928 v _08909_/B (sky130_fd_sc_hd__xnor2_1)
     2    0.007715    0.210700    0.201163    3.422091 ^ _08909_/Y (sky130_fd_sc_hd__xnor2_1)
                                                         _02668_ (net)
                      0.210700    0.000129    3.422220 ^ _08911_/A (sky130_fd_sc_hd__xor2_1)
     2    0.008344    0.208963    0.237322    3.659543 ^ _08911_/X (sky130_fd_sc_hd__xor2_1)
                                                         _02670_ (net)
                      0.208963    0.000216    3.659759 ^ _08912_/B (sky130_fd_sc_hd__xnor2_1)
     2    0.008708    0.230352    0.188371    3.848130 ^ _08912_/Y (sky130_fd_sc_hd__xnor2_1)
                                                         _02671_ (net)
                      0.230352    0.000244    3.848375 ^ _08915_/A (sky130_fd_sc_hd__xnor2_1)
     2    0.007761    0.211539    0.184078    4.032452 ^ _08915_/Y (sky130_fd_sc_hd__xnor2_1)
                                                         _02674_ (net)
                      0.211539    0.000200    4.032652 ^ _08917_/B (sky130_fd_sc_hd__xnor2_1)
     2    0.009165    0.091089    0.135102    4.167754 v _08917_/Y (sky130_fd_sc_hd__xnor2_1)
                                                         _02676_ (net)
                      0.091089    0.000262    4.168016 v _08938_/A (sky130_fd_sc_hd__or3_2)
     5    0.014206    0.113055    0.542441    4.710456 v _08938_/X (sky130_fd_sc_hd__or3_2)
                                                         _02697_ (net)
                      0.113055    0.000289    4.710745 v _08939_/A2 (sky130_fd_sc_hd__a21o_1)
     2    0.004572    0.040451    0.206991    4.917737 v _08939_/X (sky130_fd_sc_hd__a21o_1)
                                                         _02698_ (net)
                      0.040451    0.000104    4.917841 v _08943_/B (sky130_fd_sc_hd__and3_1)
     4    0.016659    0.094992    0.216278    5.134119 v _08943_/X (sky130_fd_sc_hd__and3_1)
                                                         _02702_ (net)
                      0.094992    0.000395    5.134513 v _08944_/B (sky130_fd_sc_hd__or3b_2)
     4    0.012681    0.110571    0.506170    5.640684 v _08944_/X (sky130_fd_sc_hd__or3b_2)
                                                         _02703_ (net)
                      0.110571    0.000272    5.640955 v _09455_/A (sky130_fd_sc_hd__or3_2)
     4    0.020674    0.128786    0.571543    6.212499 v _09455_/X (sky130_fd_sc_hd__or3_2)
                                                         _03213_ (net)
                      0.128786    0.000397    6.212895 v _09456_/A2 (sky130_fd_sc_hd__a211o_1)
     2    0.007652    0.070892    0.344914    6.557809 v _09456_/X (sky130_fd_sc_hd__a211o_1)
                                                         _03214_ (net)
                      0.070892    0.000200    6.558010 v _09458_/A1 (sky130_fd_sc_hd__a211oi_2)
     2    0.011626    0.271122    0.277931    6.835940 ^ _09458_/Y (sky130_fd_sc_hd__a211oi_2)
                                                         _03216_ (net)
                      0.271122    0.000432    6.836372 ^ _09461_/B1 (sky130_fd_sc_hd__a211oi_2)
     4    0.013351    0.090150    0.114502    6.950874 v _09461_/Y (sky130_fd_sc_hd__a211oi_2)
                                                         _03219_ (net)
                      0.090150    0.000326    6.951200 v _09561_/A2 (sky130_fd_sc_hd__o211a_1)
     4    0.009608    0.068210    0.253285    7.204486 v _09561_/X (sky130_fd_sc_hd__o211a_1)
                                                         _03318_ (net)
                      0.068210    0.000296    7.204782 v _09768_/A (sky130_fd_sc_hd__or4_1)
     2    0.007155    0.111443    0.560334    7.765116 v _09768_/X (sky130_fd_sc_hd__or4_1)
                                                         _03523_ (net)
                      0.111443    0.000187    7.765302 v _09769_/C1 (sky130_fd_sc_hd__a2111o_1)
     2    0.016854    0.125809    0.442010    8.207313 v _09769_/X (sky130_fd_sc_hd__a2111o_1)
                                                         _03524_ (net)
                      0.125824    0.001433    8.208745 v _10219_/A1 (sky130_fd_sc_hd__a211o_1)
     4    0.023451    0.139536    0.378755    8.587500 v _10219_/X (sky130_fd_sc_hd__a211o_1)
                                                         _03970_ (net)
                      0.139564    0.001869    8.589369 v _11166_/A2 (sky130_fd_sc_hd__a211o_1)
     1    0.002323    0.044625    0.313622    8.902990 v _11166_/X (sky130_fd_sc_hd__a211o_1)
                                                         _04909_ (net)
                      0.044625    0.000069    8.903060 v _11169_/B (sky130_fd_sc_hd__and3_2)
     6    0.026263    0.089785    0.252039    9.155099 v _11169_/X (sky130_fd_sc_hd__and3_2)
                                                         _04912_ (net)
                      0.089816    0.001568    9.156667 v _11911_/A1 (sky130_fd_sc_hd__o311a_1)
     5    0.019308    0.124799    0.443406    9.600073 v _11911_/X (sky130_fd_sc_hd__o311a_1)
                                                         _05646_ (net)
                      0.124809    0.001173    9.601246 v _12451_/B2 (sky130_fd_sc_hd__o221a_1)
     3    0.011077    0.085204    0.279881    9.881127 v _12451_/X (sky130_fd_sc_hd__o221a_1)
                                                         _06178_ (net)
                      0.085204    0.000378    9.881506 v _12493_/A2 (sky130_fd_sc_hd__o21a_1)
     3    0.008110    0.059681    0.205554   10.087059 v _12493_/X (sky130_fd_sc_hd__o21a_1)
                                                         _06219_ (net)
                      0.059681    0.000158   10.087217 v _12523_/A2 (sky130_fd_sc_hd__o21ai_1)
     2    0.005198    0.138172    0.147725   10.234943 ^ _12523_/Y (sky130_fd_sc_hd__o21ai_1)
                                                         _06248_ (net)
                      0.138172    0.000144   10.235086 ^ _12525_/B (sky130_fd_sc_hd__nand2_1)
     3    0.015465    0.122461    0.141211   10.376298 v _12525_/Y (sky130_fd_sc_hd__nand2_1)
                                                         _06250_ (net)
                      0.122500    0.000322   10.376620 v fanout151/A (sky130_fd_sc_hd__clkbuf_2)
    10    0.033347    0.129285    0.219542   10.596162 v fanout151/X (sky130_fd_sc_hd__clkbuf_2)
                                                         net151 (net)
                      0.129286    0.000616   10.596778 v _12526_/C (sky130_fd_sc_hd__and3_1)
     1    0.002737    0.036418    0.211095   10.807873 v _12526_/X (sky130_fd_sc_hd__and3_1)
                                                         _00842_ (net)
                      0.036418    0.000084   10.807958 v _13832_/D (sky130_fd_sc_hd__dfxtp_1)
                                             10.807958   data arrival time

                                 22.000000   22.000000   clock clk (rise edge)
                                  0.000000   22.000000   clock source latency
     1    0.063609    0.288776    0.205889   22.205889 ^ clk (in)
                                                         clk (net)
                      0.289312    0.000000   22.205889 ^ clkbuf_0_clk/A (sky130_fd_sc_hd__clkbuf_16)
     8    0.177609    0.189964    0.312387   22.518276 ^ clkbuf_0_clk/X (sky130_fd_sc_hd__clkbuf_16)
                                                         clknet_0_clk (net)
                      0.191224    0.012450   22.530725 ^ clkbuf_3_4__f_clk/A (sky130_fd_sc_hd__clkbuf_16)
    15    0.131460    0.145030    0.256046   22.786772 ^ clkbuf_3_4__f_clk/X (sky130_fd_sc_hd__clkbuf_16)
                                                         clknet_3_4__leaf_clk (net)
                      0.145386    0.005160   22.791933 ^ clkbuf_leaf_79_clk/A (sky130_fd_sc_hd__clkbuf_8)
     7    0.038094    0.079255    0.190063   22.981997 ^ clkbuf_leaf_79_clk/X (sky130_fd_sc_hd__clkbuf_8)
                                                         clknet_leaf_79_clk (net)
                      0.079256    0.000519   22.982513 ^ _13832_/CLK (sky130_fd_sc_hd__dfxtp_1)
                                 -0.250000   22.732515   clock uncertainty
                                  0.000000   22.732515   clock reconvergence pessimism
                                 -0.098766   22.633749   library setup time
                                             22.633749   data required time
---------------------------------------------------------------------------------------------
                                             22.633749   data required time
                                            -10.807958   data arrival time
---------------------------------------------------------------------------------------------
                                             11.825792   slack (MET)




===========================================================================
report_checks --slack_max -0.01
============================================================================
======================= nom_tt_025C_1v80 Corner ===================================

No paths found.


===========================================================================
 report_check_types -max_slew -max_cap -max_fanout -violators
============================================================================
======================= nom_tt_025C_1v80 Corner ===================================

max fanout

Pin                                   Limit Fanout  Slack
---------------------------------------------------------
clkbuf_leaf_42_clk/X                     10     22    -12 (VIOLATED)
clkbuf_leaf_3_clk/X                      10     21    -11 (VIOLATED)
clkbuf_leaf_44_clk/X                     10     21    -11 (VIOLATED)
clkbuf_leaf_68_clk/X                     10     21    -11 (VIOLATED)
clkbuf_leaf_70_clk/X                     10     21    -11 (VIOLATED)
clkbuf_leaf_71_clk/X                     10     21    -11 (VIOLATED)
clkbuf_leaf_17_clk/X                     10     20    -10 (VIOLATED)
clkbuf_leaf_54_clk/X                     10     20    -10 (VIOLATED)
clkbuf_leaf_72_clk/X                     10     20    -10 (VIOLATED)
clkbuf_leaf_62_clk/X                     10     19     -9 (VIOLATED)
clkbuf_leaf_13_clk/X                     10     18     -8 (VIOLATED)
clkbuf_leaf_22_clk/X                     10     18     -8 (VIOLATED)
clkbuf_leaf_27_clk/X                     10     18     -8 (VIOLATED)
clkbuf_leaf_2_clk/X                      10     18     -8 (VIOLATED)
clkbuf_leaf_34_clk/X                     10     18     -8 (VIOLATED)
clkbuf_leaf_35_clk/X                     10     18     -8 (VIOLATED)
clkbuf_leaf_36_clk/X                     10     18     -8 (VIOLATED)
clkbuf_leaf_43_clk/X                     10     18     -8 (VIOLATED)
clkbuf_leaf_45_clk/X                     10     18     -8 (VIOLATED)
clkbuf_leaf_49_clk/X                     10     18     -8 (VIOLATED)
clkbuf_leaf_4_clk/X                      10     18     -8 (VIOLATED)
clkbuf_leaf_53_clk/X                     10     18     -8 (VIOLATED)
clkbuf_leaf_5_clk/X                      10     18     -8 (VIOLATED)
clkbuf_leaf_83_clk/X                     10     18     -8 (VIOLATED)
clkbuf_leaf_84_clk/X                     10     18     -8 (VIOLATED)
clkbuf_leaf_16_clk/X                     10     17     -7 (VIOLATED)
clkbuf_leaf_26_clk/X                     10     17     -7 (VIOLATED)
clkbuf_leaf_39_clk/X                     10     17     -7 (VIOLATED)
clkbuf_leaf_67_clk/X                     10     17     -7 (VIOLATED)
clkbuf_leaf_6_clk/X                      10     17     -7 (VIOLATED)
clkbuf_leaf_18_clk/X                     10     16     -6 (VIOLATED)
clkbuf_leaf_48_clk/X                     10     16     -6 (VIOLATED)
clkbuf_leaf_55_clk/X                     10     16     -6 (VIOLATED)
clkbuf_leaf_63_clk/X                     10     16     -6 (VIOLATED)
clkbuf_leaf_73_clk/X                     10     16     -6 (VIOLATED)
clkbuf_leaf_75_clk/X                     10     16     -6 (VIOLATED)
clkbuf_3_4__f_clk/X                      10     15     -5 (VIOLATED)
clkbuf_3_7__f_clk/X                      10     15     -5 (VIOLATED)
clkbuf_leaf_10_clk/X                     10     15     -5 (VIOLATED)
clkbuf_leaf_31_clk/X                     10     15     -5 (VIOLATED)
clkbuf_leaf_40_clk/X                     10     15     -5 (VIOLATED)
clkbuf_leaf_50_clk/X                     10     15     -5 (VIOLATED)
clkbuf_leaf_66_clk/X                     10     15     -5 (VIOLATED)
clkbuf_leaf_82_clk/X                     10     15     -5 (VIOLATED)
clkbuf_3_2__f_clk/X                      10     14     -4 (VIOLATED)
clkbuf_3_5__f_clk/X                      10     14     -4 (VIOLATED)
clkbuf_leaf_41_clk/X                     10     14     -4 (VIOLATED)
clkbuf_leaf_47_clk/X                     10     14     -4 (VIOLATED)
clkbuf_leaf_52_clk/X                     10     14     -4 (VIOLATED)
clkbuf_leaf_76_clk/X                     10     14     -4 (VIOLATED)
clkbuf_leaf_7_clk/X                      10     14     -4 (VIOLATED)
clkbuf_leaf_87_clk/X                     10     14     -4 (VIOLATED)
clkbuf_3_6__f_clk/X                      10     13     -3 (VIOLATED)
clkbuf_leaf_11_clk/X                     10     13     -3 (VIOLATED)
clkbuf_leaf_14_clk/X                     10     13     -3 (VIOLATED)
clkbuf_leaf_57_clk/X                     10     13     -3 (VIOLATED)
clkbuf_leaf_59_clk/X                     10     13     -3 (VIOLATED)
clkbuf_leaf_64_clk/X                     10     13     -3 (VIOLATED)
clkbuf_leaf_65_clk/X                     10     13     -3 (VIOLATED)
clkbuf_leaf_69_clk/X                     10     13     -3 (VIOLATED)
clkbuf_leaf_19_clk/X                     10     12     -2 (VIOLATED)
clkbuf_leaf_29_clk/X                     10     12     -2 (VIOLATED)
clkbuf_leaf_32_clk/X                     10     12     -2 (VIOLATED)
clkbuf_leaf_33_clk/X                     10     12     -2 (VIOLATED)
clkbuf_leaf_37_clk/X                     10     12     -2 (VIOLATED)
clkbuf_leaf_38_clk/X                     10     12     -2 (VIOLATED)
clkbuf_leaf_56_clk/X                     10     12     -2 (VIOLATED)
clkbuf_leaf_58_clk/X                     10     12     -2 (VIOLATED)
clkbuf_leaf_74_clk/X                     10     12     -2 (VIOLATED)
clkbuf_leaf_78_clk/X                     10     12     -2 (VIOLATED)
clkbuf_leaf_9_clk/X                      10     12     -2 (VIOLATED)
fanout388/X                              10     12     -2 (VIOLATED)
clkbuf_leaf_46_clk/X                     10     11        (VIOLATED)
clkbuf_leaf_51_clk/X                     10     11        (VIOLATED)
clkbuf_leaf_60_clk/X                     10     11        (VIOLATED)
fanout320/X                              10     11        (VIOLATED)



===========================================================================
report_parasitic_annotation -report_unannotated
============================================================================
Found 157 unannotated drivers.
 s_axil_wdata[10]
 s_axil_wdata[11]
 s_axil_wdata[12]
 s_axil_wdata[13]
 s_axil_wdata[14]
 s_axil_wdata[15]
 s_axil_wdata[16]
 s_axil_wdata[17]
 s_axil_wdata[18]
 s_axil_wdata[19]
 s_axil_wdata[1]
 s_axil_wdata[20]
 s_axil_wdata[21]
 s_axil_wdata[22]
 s_axil_wdata[23]
 s_axil_wdata[24]
 s_axil_wdata[25]
 s_axil_wdata[26]
 s_axil_wdata[27]
 s_axil_wdata[28]
 s_axil_wdata[29]
 s_axil_wdata[2]
 s_axil_wdata[30]
 s_axil_wdata[31]
 s_axil_wdata[3]
 s_axil_wdata[4]
 s_axil_wdata[5]
 s_axil_wdata[6]
 s_axil_wdata[7]
 s_axil_wdata[8]
 s_axil_wdata[9]
 s_axil_wstrb[1]
 s_axil_wstrb[2]
 s_axil_wstrb[3]
 clkload0/Y
 clkload1/Y
 clkload10/Y
 clkload11/Y
 clkload12/Y
 clkload13/Y
 clkload14/Y
 clkload15/Y
 clkload16/Y
 clkload17/Y
 clkload18/Y
 clkload19/Y
 clkload2/Y
 clkload20/Y
 clkload21/Y
 clkload22/Y
 clkload23/Y
 clkload24/Y
 clkload25/Y
 clkload26/Y
 clkload27/Y
 clkload28/Y
 clkload29/Y
 clkload3/Y
 clkload30/Y
 clkload31/Y
 clkload32/Y
 clkload33/Y
 clkload34/Y
 clkload35/Y
 clkload36/Y
 clkload37/Y
 clkload38/Y
 clkload39/Y
 clkload4/X
 clkload40/Y
 clkload41/Y
 clkload42/Y
 clkload43/Y
 clkload44/Y
 clkload45/Y
 clkload46/Y
 clkload47/Y
 clkload48/Y
 clkload49/Y
 clkload5/Y
 clkload50/X
 clkload51/Y
 clkload52/Y
 clkload53/Y
 clkload54/Y
 clkload55/Y
 clkload56/Y
 clkload57/Y
 clkload58/X
 clkload59/Y
 clkload6/Y
 clkload60/X
 clkload61/X
 clkload62/Y
 clkload63/Y
 clkload64/Y
 clkload65/X
 clkload66/Y
 clkload67/Y
 clkload68/Y
 clkload69/Y
 clkload7/Y
 clkload70/X
 clkload71/Y
 clkload72/X
 clkload73/Y
 clkload74/Y
 clkload75/Y
 clkload76/Y
 clkload77/Y
 clkload78/Y
 clkload79/X
 clkload8/Y
 clkload80/Y
 clkload81/Y
 clkload82/Y
 clkload83/Y
 clkload84/Y
 clkload85/Y
 clkload86/Y
 clkload87/Y
 clkload9/X
 gelu_top_831/HI
 gelu_top_832/HI
 gelu_top_833/HI
 gelu_top_834/HI
 gelu_top_835/HI
 gelu_top_836/HI
 gelu_top_837/HI
 gelu_top_838/HI
 gelu_top_839/HI
 gelu_top_840/HI
 gelu_top_841/HI
 gelu_top_842/HI
 gelu_top_843/HI
 gelu_top_844/HI
 gelu_top_845/HI
 gelu_top_846/HI
 gelu_top_847/HI
 gelu_top_848/HI
 gelu_top_849/HI
 gelu_top_850/HI
 gelu_top_851/HI
 gelu_top_852/HI
 gelu_top_853/HI
 gelu_top_854/HI
 gelu_top_855/HI
 gelu_top_856/HI
 gelu_top_857/HI
 gelu_top_858/HI
 gelu_top_859/HI
 gelu_top_860/HI
 gelu_top_861/HI
 gelu_top_862/HI
 gelu_top_863/HI
 gelu_top_864/HI
 gelu_top_865/HI
Found 0 partially unannotated drivers.

===========================================================================
max slew violation count 0
max fanout violation count 76
max cap violation count 0
============================================================================

===========================================================================
check_setup -verbose -unconstrained_endpoints -multiple_clock -no_clock -no_input_delay -loops -generated_clocks
===========================================================================
Warning: There are 35 unconstrained endpoints.
  s_axil_bresp[0]
  s_axil_bresp[1]
  s_axil_rdata[10]
  s_axil_rdata[11]
  s_axil_rdata[12]
  s_axil_rdata[13]
  s_axil_rdata[14]
  s_axil_rdata[15]
  s_axil_rdata[16]
  s_axil_rdata[17]
  s_axil_rdata[18]
  s_axil_rdata[19]
  s_axil_rdata[1]
  s_axil_rdata[20]
  s_axil_rdata[21]
  s_axil_rdata[22]
  s_axil_rdata[23]
  s_axil_rdata[24]
  s_axil_rdata[25]
  s_axil_rdata[26]
  s_axil_rdata[27]
  s_axil_rdata[28]
  s_axil_rdata[29]
  s_axil_rdata[2]
  s_axil_rdata[30]
  s_axil_rdata[31]
  s_axil_rdata[3]
  s_axil_rdata[4]
  s_axil_rdata[5]
  s_axil_rdata[6]
  s_axil_rdata[7]
  s_axil_rdata[8]
  s_axil_rdata[9]
  s_axil_rresp[0]
  s_axil_rresp[1]
