Clock: clk
Sources: clk 
Generated: no
Virtual: yes
Propagated: no
Period: 22.000000

===========================================================================
report_clock_properties
============================================================================
Clock                   Period          Waveform
----------------------------------------------------
clk                  22.000000    0.000000 11.000000

===========================================================================
report_clock_latency
============================================================================
Clock clk
rise -> rise
    min     max
0.000000 0.000000 source latency
0.944350         network latency _13846_/CLK
        1.016453 network latency _13301_/CLK
---------------
0.944350 1.016453 latency
        0.072103 skew

fall -> fall
    min     max
0.000000 0.000000 source latency
0.773812         network latency _13846_/CLK
        0.827748 network latency _13301_/CLK
---------------
0.773812 0.827748 latency
        0.053936 skew



===========================================================================
report_clock_min_period
============================================================================
clk period_min = 10.17 fmax = 98.29
