Clock: clk
Sources: clk 
Generated: no
Virtual: yes
Propagated: no
Period: 22.000000

===========================================================================
report_clock_properties
============================================================================
Clock                   Period          Waveform
----------------------------------------------------
clk                  22.000000    0.000000 11.000000

===========================================================================
report_clock_latency
============================================================================
Clock clk
rise -> rise
    min     max
0.000000 0.000000 source latency
1.629395         network latency _13846_/CLK
        1.735563 network latency _13301_/CLK
---------------
1.629395 1.735563 latency
        0.106167 skew

fall -> fall
    min     max
0.000000 0.000000 source latency
1.381919         network latency _13846_/CLK
        1.460442 network latency _13301_/CLK
---------------
1.381919 1.460442 latency
        0.078523 skew



===========================================================================
report_clock_min_period
============================================================================
clk period_min = 20.28 fmax = 49.31
