
===========================================================================
 report_power
============================================================================
======================= nom_ss_100C_1v60 Corner ===================================

Group                    Internal    Switching      Leakage        Total
                            Power        Power        Power        Power (Watts)
------------------------------------------------------------------------
Sequential           1.927902e-03 1.879033e-04 1.584566e-05 2.131651e-03   8.9%
Combinational        9.687143e-03 1.099713e-02 4.007888e-05 2.072436e-02  86.2%
Clock                5.159850e-04 6.583586e-04 2.002729e-06 1.176346e-03   4.9%
Macro                0.000000e+00 0.000000e+00 0.000000e+00 0.000000e+00   0.0%
Pad                  0.000000e+00 0.000000e+00 0.000000e+00 0.000000e+00   0.0%
------------------------------------------------------------------------
Total                1.213104e-02 1.184339e-02 5.792638e-05 2.403236e-02 100.0%
                            50.5%        49.3%         0.2%

