Net: net120
  Pin:   output120/A (sky130_fd_sc_hd__buf_2)
    Layer: mcon
      Partial area ratio:    0.18
      Required ratio:    3.00 (Gate area) 
      Cumulative area ratio:    0.18
      Required ratio:    0.00 (Cumulative area) 

    Layer: met1
      Partial area ratio:   81.51
      Required ratio:    0.00 (Gate area) 
      Cumulative area ratio:   81.51
      Required ratio:    0.00 (Cumulative area) 
      Partial area ratio:  406.37
      Required ratio:  400.00 (Side area) (VIOLATED)
      Cumulative area ratio:  406.37
      Required ratio:    0.00 (Cumulative side area) 

    Layer: via
      Partial area ratio:    0.28
      Required ratio:    6.00 (Gate area) 
      Cumulative area ratio:    0.46
      Required ratio:    0.00 (Cumulative area) 

    Layer: met2
      Partial area ratio:    7.89
      Required ratio:    0.00 (Gate area) 
      Cumulative area ratio:   89.39
      Required ratio:    0.00 (Cumulative area) 
      Partial area ratio:   38.57
      Required ratio: 2771.60 (Side area) 
      Cumulative area ratio:  444.94
      Required ratio:    0.00 (Cumulative side area) 



[INFO ANT-0002] Found 1 net violations.
[INFO ANT-0001] Found 1 pin violations.
