Reading timing models for corner nom_tt_025C_1v80…
Reading timing library for the 'nom_tt_025C_1v80' corner at '/home/systemuser/.volare/volare/sky130/versions/0fe599b2afb6708d281543108caf8310912f54af/sky130A/libs.ref/sky130_fd_sc_hd/lib/sky130_fd_sc_hd__tt_025C_1v80.lib'…
Reading timing models for corner nom_ff_n40C_1v95…
Reading timing library for the 'nom_ff_n40C_1v95' corner at '/home/systemuser/.volare/volare/sky130/versions/0fe599b2afb6708d281543108caf8310912f54af/sky130A/libs.ref/sky130_fd_sc_hd/lib/sky130_fd_sc_hd__ff_n40C_1v95.lib'…
Reading timing models for corner nom_ss_100C_1v60…
Reading timing library for the 'nom_ss_100C_1v60' corner at '/home/systemuser/.volare/volare/sky130/versions/0fe599b2afb6708d281543108caf8310912f54af/sky130A/libs.ref/sky130_fd_sc_hd/lib/sky130_fd_sc_hd__ss_100C_1v60.lib'…
Reading OpenROAD database at '/home/systemuser/Documents/ECE/510/Project/m3/synth/runs/RUN_2026-05-24_21-40-35/27-openroad-globalplacement/gelu_top.odb'…
Reading design constraints file at '/nix/store/h0ldzjka94yryiq8yxbxmwargpnmwhx6-python3-3.11.9-env/lib/python3.11/site-packages/openlane/scripts/base.sdc'…
[INFO] Using clock clk…
[INFO] Setting output delay to: 4
[INFO] Setting input delay to: 4
[INFO] Setting load to: 0.033442
[INFO] Setting clock uncertainty to: 0.25
[INFO] Setting clock transition to: 0.1499999999999999944488848768742172978818416595458984375
[INFO] Setting timing derate to: 5%
[INFO] Setting RC values…
[INFO RSZ-0027] Inserted 108 input buffers.
[INFO RSZ-0028] Inserted 42 output buffers.
[INFO RSZ-0058] Using max wire length 6335um.
Iteration | Resized | Buffers | Nets repaired | Remaining
---------------------------------------------------------
        0 |       0 |       0 |             0 |      8038
      100 |     103 |       5 |            41 |      7938
      200 |     207 |      11 |            49 |      7838
      300 |     312 |      20 |            68 |      7738
      400 |     410 |      20 |            72 |      7638
      500 |     510 |      20 |            73 |      7538
      600 |     610 |      20 |            76 |      7438
      700 |     705 |      20 |            78 |      7338
      800 |     805 |      20 |            81 |      7238
      900 |     898 |      20 |            83 |      7138
     1000 |     988 |      20 |            84 |      7038
     1100 |    1084 |      20 |            87 |      6938
     1200 |    1180 |      20 |            90 |      6838
     1300 |    1269 |      20 |            91 |      6738
     1400 |    1358 |      21 |            93 |      6638
     1500 |    1449 |      24 |            99 |      6538
     1600 |    1533 |      24 |            99 |      6438
     1700 |    1631 |      26 |           103 |      6338
     1800 |    1716 |      31 |           105 |      6238
     1900 |    1802 |      31 |           108 |      6138
     2000 |    1893 |      35 |           109 |      6038
     2100 |    1981 |      35 |           109 |      5938
     2200 |    2077 |      36 |           114 |      5838
     2300 |    2164 |      36 |           114 |      5738
     2400 |    2257 |      36 |           114 |      5638
     2500 |    2347 |      36 |           120 |      5538
     2600 |    2441 |      38 |           122 |      5438
     2700 |    2542 |      47 |           125 |      5338
     2800 |    2630 |      47 |           132 |      5238
     2900 |    2723 |      51 |           135 |      5138
     3000 |    2819 |      51 |           135 |      5038
     3100 |    2917 |      51 |           135 |      4938
     3200 |    2969 |      51 |           137 |      4838
     3300 |    3027 |      51 |           140 |      4738
     3400 |    3126 |      56 |           143 |      4638
     3500 |    3220 |      56 |           143 |      4538
     3600 |    3315 |      56 |           143 |      4438
     3700 |    3332 |      56 |           144 |      4338
     3800 |    3356 |      56 |           144 |      4238
     3900 |    3356 |      56 |           144 |      4138
     4000 |    3358 |      56 |           144 |      4038
     4100 |    3358 |      56 |           144 |      3938
     4200 |    3444 |      60 |           165 |      3838
     4300 |    3544 |      64 |           167 |      3738
     4400 |    3639 |      64 |           167 |      3638
     4500 |    3735 |      66 |           168 |      3538
     4600 |    3828 |      66 |           171 |      3438
     4700 |    3870 |      66 |           171 |      3338
     4800 |    4002 |     126 |           189 |      3238
     4900 |    4097 |     126 |           189 |      3138
     5000 |    4194 |     126 |           189 |      3038
     5100 |    4289 |     127 |           190 |      2938
     5200 |    4385 |     127 |           190 |      2838
     5300 |    4477 |     130 |           197 |      2738
     5400 |    4538 |     136 |           201 |      2638
     5500 |    4614 |     137 |           203 |      2538
     5600 |    4658 |     138 |           204 |      2438
     5700 |    4748 |     138 |           205 |      2338
     5800 |    4844 |     138 |           205 |      2238
     5900 |    4941 |     138 |           205 |      2138
     6000 |    5036 |     138 |           205 |      2038
     6100 |    5128 |     138 |           205 |      1938
     6200 |    5224 |     138 |           205 |      1838
     6300 |    5320 |     143 |           207 |      1738
     6400 |    5399 |     155 |           211 |      1638
     6500 |    5499 |     155 |           211 |      1538
     6600 |    5599 |     173 |           216 |      1438
     6700 |    5718 |     199 |           226 |      1338
     6800 |    5837 |     236 |           245 |      1238
     6900 |    6071 |     377 |           278 |      1138
     7000 |    6178 |     384 |           279 |      1038
     7100 |    6299 |     410 |           287 |       938
     7200 |    6399 |     410 |           287 |       838
     7300 |    6646 |     574 |           314 |       738
     7400 |    6746 |     574 |           314 |       638
     7500 |    6890 |     621 |           318 |       538
     7600 |    6990 |     621 |           318 |       438
     7700 |    7090 |     621 |           318 |       338
     7800 |    7200 |     642 |           319 |       238
     7900 |    7261 |     680 |           320 |       138
     8000 |    7261 |     680 |           320 |        38
    final |    7261 |     680 |           320 |         0
---------------------------------------------------------
[INFO RSZ-0034] Found 167 slew violations.
[INFO RSZ-0035] Found 159 fanout violations.
[INFO RSZ-0038] Inserted 680 buffers in 320 nets.
[INFO RSZ-0039] Resized 7261 instances.
[INFO RSZ-0042] Inserted 35 tie sky130_fd_sc_hd__conb_1 instances.
Placement Analysis
---------------------------------
total displacement      22045.7 u
average displacement        1.9 u
max displacement           14.4 u
original HPWL          161603.6 u
legalized HPWL         183247.0 u
delta HPWL                   13 %

[INFO DPL-0020] Mirrored 2926 instances
[INFO DPL-0021] HPWL before          183247.0 u
[INFO DPL-0022] HPWL after           178025.7 u
[INFO DPL-0023] HPWL delta               -2.8 %
[INFO] Setting RC values…
Setting global connections for newly added cells…
[INFO] Setting global connections...
Updating metrics…
Cell type report:                       Count       Area
  Fill cell                               312    1171.12
  Tap cell                               2528    3163.03
  Buffer                                    1       3.75
  Timing Repair Buffer                    830    4670.73
  Inverter                                 86     322.81
  Sequential cell                        1142   22879.44
  Multi-Input combinational cell         6481   52221.33
  Total                                 11380   84432.23
Writing OpenROAD database to '/home/systemuser/Documents/ECE/510/Project/m3/synth/runs/RUN_2026-05-24_21-40-35/31-openroad-repairdesignpostgpl/gelu_top.odb'…
Writing netlist to '/home/systemuser/Documents/ECE/510/Project/m3/synth/runs/RUN_2026-05-24_21-40-35/31-openroad-repairdesignpostgpl/gelu_top.nl.v'…
Writing powered netlist to '/home/systemuser/Documents/ECE/510/Project/m3/synth/runs/RUN_2026-05-24_21-40-35/31-openroad-repairdesignpostgpl/gelu_top.pnl.v'…
Writing layout to '/home/systemuser/Documents/ECE/510/Project/m3/synth/runs/RUN_2026-05-24_21-40-35/31-openroad-repairdesignpostgpl/gelu_top.def'…
Writing timing constraints to '/home/systemuser/Documents/ECE/510/Project/m3/synth/runs/RUN_2026-05-24_21-40-35/31-openroad-repairdesignpostgpl/gelu_top.sdc'…
