Clock: clk
Sources: clk 
Generated: no
Virtual: no
Propagated: no
Period: 22.000000

===========================================================================
report_clock_properties
============================================================================
Clock                   Period          Waveform
----------------------------------------------------
clk                  22.000000    0.000000 11.000000

===========================================================================
report_clock_latency
============================================================================
Clock clk
rise -> rise
    min     max
0.000000 0.000000 source latency
5.217656         network latency _13031_/CLK
        5.217656 network latency _13031_/CLK
---------------
5.217656 5.217656 latency
        0.000000 skew

fall -> fall
    min     max
0.000000 0.000000 source latency
2.206722         network latency _13031_/CLK
        2.206722 network latency _13031_/CLK
---------------
2.206722 2.206722 latency
        0.000000 skew



===========================================================================
report_clock_min_period
============================================================================
clk period_min = 5.87 fmax = 170.42
