
===========================================================================
 report_power
============================================================================
======================= nom_ff_n40C_1v95 Corner ===================================

Group                    Internal    Switching      Leakage        Total
                            Power        Power        Power        Power (Watts)
------------------------------------------------------------------------
Sequential           2.977880e-03 7.367650e-04 2.287524e-08 3.714668e-03   8.8%
Combinational        2.062250e-02 1.771406e-02 6.820456e-08 3.833663e-02  91.2%
Clock                0.000000e+00 0.000000e+00 0.000000e+00 0.000000e+00   0.0%
Macro                0.000000e+00 0.000000e+00 0.000000e+00 0.000000e+00   0.0%
Pad                  0.000000e+00 0.000000e+00 0.000000e+00 0.000000e+00   0.0%
------------------------------------------------------------------------
Total                2.360079e-02 1.845084e-02 9.107885e-08 4.205173e-02 100.0%
                            56.1%        43.9%         0.0%

