Reading OpenROAD database at '/home/systemuser/Documents/ECE/510/Project/m3/synth/runs/RUN_2026-05-24_21-40-35/41-openroad-repairantennas/1-diodeinsertion/gelu_top.odb'…
Reading library file at '/home/systemuser/.volare/volare/sky130/versions/0fe599b2afb6708d281543108caf8310912f54af/sky130A/libs.ref/sky130_fd_sc_hd/lib/sky130_fd_sc_hd__tt_025C_1v80.lib'…
Reading design constraints file at '/nix/store/h0ldzjka94yryiq8yxbxmwargpnmwhx6-python3-3.11.9-env/lib/python3.11/site-packages/openlane/scripts/base.sdc'…
[INFO] Using clock clk…
[INFO] Setting output delay to: 4
[INFO] Setting input delay to: 4
[INFO] Setting load to: 0.033442
[INFO] Setting clock uncertainty to: 0.25
[INFO] Setting clock transition to: 0.1499999999999999944488848768742172978818416595458984375
[INFO] Setting timing derate to: 5%
[INFO ORD-0030] Using 8 thread(s).
[INFO DRT-0149] Reading tech and libs.
[WARNING DRT-0349] LEF58_ENCLOSURE with no CUTCLASS is not supported. Skipping for layer mcon
[WARNING DRT-0349] LEF58_ENCLOSURE with no CUTCLASS is not supported. Skipping for layer mcon
[WARNING DRT-0349] LEF58_ENCLOSURE with no CUTCLASS is not supported. Skipping for layer via
[WARNING DRT-0349] LEF58_ENCLOSURE with no CUTCLASS is not supported. Skipping for layer via
[WARNING DRT-0349] LEF58_ENCLOSURE with no CUTCLASS is not supported. Skipping for layer via2
[WARNING DRT-0349] LEF58_ENCLOSURE with no CUTCLASS is not supported. Skipping for layer via2
[WARNING DRT-0349] LEF58_ENCLOSURE with no CUTCLASS is not supported. Skipping for layer via3
[WARNING DRT-0349] LEF58_ENCLOSURE with no CUTCLASS is not supported. Skipping for layer via3
[WARNING DRT-0349] LEF58_ENCLOSURE with no CUTCLASS is not supported. Skipping for layer via4
[WARNING DRT-0349] LEF58_ENCLOSURE with no CUTCLASS is not supported. Skipping for layer via4

Units:                1000
Number of layers:     13
Number of macros:     441
Number of vias:       29
Number of viarulegen: 25

[INFO DRT-0150] Reading design.

Design:                   gelu_top
Die area:                 ( 0 0 ) ( 436410 447130 )
Number of track patterns: 12
Number of DEF vias:       0
Number of components:     12508
Number of terminals:      222
Number of snets:          2
Number of nets:           9706

[INFO DRT-0167] List of default vias:
  Layer via
    default via: M1M2_PR
  Layer via2
    default via: M2M3_PR
  Layer via3
    default via: M3M4_PR
  Layer via4
    default via: M4M5_PR
[INFO DRT-0162] Library cell analysis.
[INFO DRT-0163] Instance analysis.
[INFO DRT-0164] Number of unique instances = 387.
[INFO DRT-0168] Init region query.
[INFO DRT-0024]   Complete FR_MASTERSLICE.
[INFO DRT-0024]   Complete licon.
[INFO DRT-0024]   Complete li1.
[INFO DRT-0024]   Complete mcon.
[INFO DRT-0024]   Complete met1.
[INFO DRT-0024]   Complete via.
[INFO DRT-0024]   Complete met2.
[INFO DRT-0024]   Complete via2.
[INFO DRT-0024]   Complete met3.
[INFO DRT-0024]   Complete via3.
[INFO DRT-0024]   Complete met4.
[INFO DRT-0024]   Complete via4.
[INFO DRT-0024]   Complete met5.
[INFO DRT-0033] FR_MASTERSLICE shape region query size = 0.
[INFO DRT-0033] licon shape region query size = 0.
[INFO DRT-0033] li1 shape region query size = 319091.
[INFO DRT-0033] mcon shape region query size = 0.
[INFO DRT-0033] met1 shape region query size = 37142.
[INFO DRT-0033] via shape region query size = 2355.
[INFO DRT-0033] met2 shape region query size = 1578.
[INFO DRT-0033] via2 shape region query size = 1884.
[INFO DRT-0033] met3 shape region query size = 1468.
[INFO DRT-0033] via3 shape region query size = 1884.
[INFO DRT-0033] met4 shape region query size = 501.
[INFO DRT-0033] via4 shape region query size = 18.
[INFO DRT-0033] met5 shape region query size = 30.
[INFO DRT-0165] Start pin access.
[INFO DRT-0076]   Complete 1000 pins.
[INFO DRT-0078]   Complete 1485 pins.
[INFO DRT-0079]   Complete 100 unique inst patterns.
[INFO DRT-0079]   Complete 200 unique inst patterns.
[INFO DRT-0079]   Complete 300 unique inst patterns.
[INFO DRT-0081]   Complete 381 unique inst patterns.
[INFO DRT-0084]   Complete 5365 groups.
#scanned instances     = 12508
#unique  instances     = 387
#stdCellGenAp          = 10873
#stdCellValidPlanarAp  = 28
#stdCellValidViaAp     = 8633
#stdCellPinNoAp        = 0
#stdCellPinCnt         = 32595
#instTermValidViaApCnt = 0
#macroGenAp            = 0
#macroValidPlanarAp    = 0
#macroValidViaAp       = 0
#macroNoAp             = 0
[INFO DRT-0166] Complete pin access.
[INFO DRT-0267] cpu time = 00:02:01, elapsed time = 00:00:15, memory = 207.21 (MB), peak = 208.11 (MB)

[INFO DRT-0157] Number of guides:     65127

[INFO DRT-0169] Post process guides.
[INFO DRT-0176] GCELLGRID X 0 DO 63 STEP 6900 ;
[INFO DRT-0177] GCELLGRID Y 0 DO 64 STEP 6900 ;
[INFO DRT-0028]   Complete FR_MASTERSLICE.
[INFO DRT-0028]   Complete licon.
[INFO DRT-0028]   Complete li1.
[INFO DRT-0028]   Complete mcon.
[INFO DRT-0028]   Complete met1.
[INFO DRT-0028]   Complete via.
[INFO DRT-0028]   Complete met2.
[INFO DRT-0028]   Complete via2.
[INFO DRT-0028]   Complete met3.
[INFO DRT-0028]   Complete via3.
[INFO DRT-0028]   Complete met4.
[INFO DRT-0028]   Complete via4.
[INFO DRT-0028]   Complete met5.
[INFO DRT-0178] Init guide query.
[INFO DRT-0035]   Complete FR_MASTERSLICE (guide).
[INFO DRT-0035]   Complete licon (guide).
[INFO DRT-0035]   Complete li1 (guide).
[INFO DRT-0035]   Complete mcon (guide).
[INFO DRT-0035]   Complete met1 (guide).
[INFO DRT-0035]   Complete via (guide).
[INFO DRT-0035]   Complete met2 (guide).
[INFO DRT-0035]   Complete via2 (guide).
[INFO DRT-0035]   Complete met3 (guide).
[INFO DRT-0035]   Complete via3 (guide).
[INFO DRT-0035]   Complete met4 (guide).
[INFO DRT-0035]   Complete via4 (guide).
[INFO DRT-0035]   Complete met5 (guide).
[INFO DRT-0036] FR_MASTERSLICE guide region query size = 0.
[INFO DRT-0036] licon guide region query size = 0.
[INFO DRT-0036] li1 guide region query size = 24278.
[INFO DRT-0036] mcon guide region query size = 0.
[INFO DRT-0036] met1 guide region query size = 17796.
[INFO DRT-0036] via guide region query size = 0.
[INFO DRT-0036] met2 guide region query size = 9031.
[INFO DRT-0036] via2 guide region query size = 0.
[INFO DRT-0036] met3 guide region query size = 404.
[INFO DRT-0036] via3 guide region query size = 0.
[INFO DRT-0036] met4 guide region query size = 113.
[INFO DRT-0036] via4 guide region query size = 0.
[INFO DRT-0036] met5 guide region query size = 0.
[INFO DRT-0179] Init gr pin query.
[INFO DRT-0245] skipped writing guide updates to database.
[INFO DRT-0185] Post process initialize RPin region query.
[INFO DRT-0181] Start track assignment.
[INFO DRT-0184] Done with 33422 vertical wires in 2 frboxes and 18200 horizontal wires in 2 frboxes.
[INFO DRT-0186] Done with 2792 vertical wires in 2 frboxes and 5536 horizontal wires in 2 frboxes.
[INFO DRT-0182] Complete track assignment.
[INFO DRT-0267] cpu time = 00:00:08, elapsed time = 00:00:02, memory = 366.04 (MB), peak = 365.24 (MB)
[INFO DRT-0187] Start routing data preparation.
[INFO DRT-0267] cpu time = 00:00:00, elapsed time = 00:00:00, memory = 366.11 (MB), peak = 365.36 (MB)
[INFO DRT-0194] Start detail routing.
[INFO DRT-0195] Start 0th optimization iteration.
    Completing 10% with 0 violations.
    elapsed time = 00:00:02, memory = 606.25 (MB).
    Completing 20% with 0 violations.
    elapsed time = 00:00:04, memory = 646.69 (MB).
    Completing 30% with 772 violations.
    elapsed time = 00:00:06, memory = 754.20 (MB).
    Completing 40% with 772 violations.
    elapsed time = 00:00:10, memory = 859.16 (MB).
    Completing 50% with 772 violations.
    elapsed time = 00:00:12, memory = 858.71 (MB).
    Completing 60% with 1500 violations.
    elapsed time = 00:00:16, memory = 805.34 (MB).
    Completing 70% with 1500 violations.
    elapsed time = 00:00:19, memory = 835.17 (MB).
    Completing 80% with 2278 violations.
    elapsed time = 00:00:23, memory = 778.26 (MB).
    Completing 90% with 2278 violations.
    elapsed time = 00:00:26, memory = 864.78 (MB).
    Completing 100% with 2977 violations.
    elapsed time = 00:00:32, memory = 747.78 (MB).
[INFO DRT-0199]   Number of violations = 3418.
Viol/Layer         li1   mcon   met1    via   met2   met3   met4
Cut Spacing          0     10      0      0      0      0      0
Metal Spacing       63      0    680      0    132     19      0
Min Hole             0      0      1      0      0      0      0
NS Metal             2      0      0      0      0      0      0
Recheck              3      0    332      0    102      3      1
Short                0      0   1936      1    133      0      0
[INFO DRT-0267] cpu time = 00:03:11, elapsed time = 00:00:33, memory = 1022.84 (MB), peak = 1022.12 (MB)
Total wire length = 227087 um.
Total wire length on LAYER li1 = 0 um.
Total wire length on LAYER met1 = 110894 um.
Total wire length on LAYER met2 = 101236 um.
Total wire length on LAYER met3 = 9963 um.
Total wire length on LAYER met4 = 4992 um.
Total wire length on LAYER met5 = 0 um.
Total number of vias = 65775.
Up-via summary (total 65775):

------------------------
 FR_MASTERSLICE        0
            li1    32627
           met1    32246
           met2      694
           met3      208
           met4        0
------------------------
                   65775


[INFO DRT-0195] Start 1st optimization iteration.
    Completing 10% with 3418 violations.
    elapsed time = 00:00:02, memory = 1105.14 (MB).
    Completing 20% with 3418 violations.
    elapsed time = 00:00:04, memory = 1102.95 (MB).
    Completing 30% with 3106 violations.
    elapsed time = 00:00:07, memory = 1101.93 (MB).
    Completing 40% with 3106 violations.
    elapsed time = 00:00:09, memory = 1135.02 (MB).
    Completing 50% with 3106 violations.
    elapsed time = 00:00:12, memory = 1031.78 (MB).
    Completing 60% with 2664 violations.
    elapsed time = 00:00:14, memory = 1031.78 (MB).
    Completing 70% with 2664 violations.
    elapsed time = 00:00:16, memory = 1097.76 (MB).
    Completing 80% with 2103 violations.
    elapsed time = 00:00:20, memory = 1090.19 (MB).
    Completing 90% with 2103 violations.
    elapsed time = 00:00:23, memory = 1122.98 (MB).
    Completing 100% with 1669 violations.
    elapsed time = 00:00:26, memory = 1057.42 (MB).
[INFO DRT-0199]   Number of violations = 1669.
Viol/Layer        mcon   met1   met2   met3
Cut Spacing          4      0      0      0
Metal Spacing        0    347     55      7
Short                0   1201     55      0
[INFO DRT-0267] cpu time = 00:02:43, elapsed time = 00:00:26, memory = 1060.42 (MB), peak = 1139.04 (MB)
Total wire length = 225483 um.
Total wire length on LAYER li1 = 0 um.
Total wire length on LAYER met1 = 109800 um.
Total wire length on LAYER met2 = 100585 um.
Total wire length on LAYER met3 = 10159 um.
Total wire length on LAYER met4 = 4938 um.
Total wire length on LAYER met5 = 0 um.
Total number of vias = 65515.
Up-via summary (total 65515):

------------------------
 FR_MASTERSLICE        0
            li1    32595
           met1    31959
           met2      761
           met3      200
           met4        0
------------------------
                   65515


[INFO DRT-0195] Start 2nd optimization iteration.
    Completing 10% with 1669 violations.
    elapsed time = 00:00:00, memory = 1133.68 (MB).
    Completing 20% with 1669 violations.
    elapsed time = 00:00:03, memory = 1132.63 (MB).
    Completing 30% with 1565 violations.
    elapsed time = 00:00:06, memory = 1093.62 (MB).
    Completing 40% with 1565 violations.
    elapsed time = 00:00:09, memory = 1093.62 (MB).
    Completing 50% with 1565 violations.
    elapsed time = 00:00:11, memory = 1060.43 (MB).
    Completing 60% with 1441 violations.
    elapsed time = 00:00:15, memory = 1097.49 (MB).
    Completing 70% with 1441 violations.
    elapsed time = 00:00:16, memory = 1134.52 (MB).
    Completing 80% with 1423 violations.
    elapsed time = 00:00:20, memory = 1103.58 (MB).
    Completing 90% with 1423 violations.
    elapsed time = 00:00:23, memory = 1165.81 (MB).
    Completing 100% with 1350 violations.
    elapsed time = 00:00:25, memory = 1099.34 (MB).
[INFO DRT-0199]   Number of violations = 1350.
Viol/Layer        mcon   met1   met2
Cut Spacing          3      0      0
Metal Spacing        0    274     59
Short                0    973     41
[INFO DRT-0267] cpu time = 00:02:45, elapsed time = 00:00:26, memory = 1069.10 (MB), peak = 1198.36 (MB)
Total wire length = 225034 um.
Total wire length on LAYER li1 = 0 um.
Total wire length on LAYER met1 = 109658 um.
Total wire length on LAYER met2 = 100262 um.
Total wire length on LAYER met3 = 10129 um.
Total wire length on LAYER met4 = 4984 um.
Total wire length on LAYER met5 = 0 um.
Total number of vias = 65397.
Up-via summary (total 65397):

------------------------
 FR_MASTERSLICE        0
            li1    32594
           met1    31852
           met2      749
           met3      202
           met4        0
------------------------
                   65397


[INFO DRT-0195] Start 3rd optimization iteration.
    Completing 10% with 1350 violations.
    elapsed time = 00:00:00, memory = 1140.59 (MB).
    Completing 20% with 1350 violations.
    elapsed time = 00:00:02, memory = 1135.50 (MB).
    Completing 30% with 1055 violations.
    elapsed time = 00:00:06, memory = 1071.99 (MB).
    Completing 40% with 1055 violations.
    elapsed time = 00:00:07, memory = 1158.28 (MB).
    Completing 50% with 1055 violations.
    elapsed time = 00:00:08, memory = 1085.71 (MB).
    Completing 60% with 808 violations.
    elapsed time = 00:00:11, memory = 1104.19 (MB).
    Completing 70% with 808 violations.
    elapsed time = 00:00:12, memory = 1137.85 (MB).
    Completing 80% with 455 violations.
    elapsed time = 00:00:14, memory = 1072.00 (MB).
    Completing 90% with 455 violations.
    elapsed time = 00:00:15, memory = 1132.30 (MB).
    Completing 100% with 106 violations.
    elapsed time = 00:00:17, memory = 1072.00 (MB).
[INFO DRT-0199]   Number of violations = 106.
Viol/Layer        met1   met2
Metal Spacing       35     12
Min Hole             1      0
Short               57      1
[INFO DRT-0267] cpu time = 00:01:35, elapsed time = 00:00:17, memory = 1072.00 (MB), peak = 1198.36 (MB)
Total wire length = 224715 um.
Total wire length on LAYER li1 = 0 um.
Total wire length on LAYER met1 = 105630 um.
Total wire length on LAYER met2 = 100340 um.
Total wire length on LAYER met3 = 13688 um.
Total wire length on LAYER met4 = 5056 um.
Total wire length on LAYER met5 = 0 um.
Total number of vias = 66192.
Up-via summary (total 66192):

------------------------
 FR_MASTERSLICE        0
            li1    32594
           met1    32013
           met2     1374
           met3      211
           met4        0
------------------------
                   66192


[INFO DRT-0195] Start 4th optimization iteration.
    Completing 10% with 106 violations.
    elapsed time = 00:00:00, memory = 1072.00 (MB).
    Completing 20% with 106 violations.
    elapsed time = 00:00:00, memory = 1072.00 (MB).
    Completing 30% with 80 violations.
    elapsed time = 00:00:00, memory = 1072.00 (MB).
    Completing 40% with 80 violations.
    elapsed time = 00:00:00, memory = 1072.00 (MB).
    Completing 50% with 80 violations.
    elapsed time = 00:00:03, memory = 1072.00 (MB).
    Completing 60% with 46 violations.
    elapsed time = 00:00:03, memory = 1072.00 (MB).
    Completing 70% with 46 violations.
    elapsed time = 00:00:03, memory = 1072.00 (MB).
    Completing 80% with 18 violations.
    elapsed time = 00:00:04, memory = 1072.00 (MB).
    Completing 90% with 18 violations.
    elapsed time = 00:00:04, memory = 1072.00 (MB).
    Completing 100% with 1 violations.
    elapsed time = 00:00:05, memory = 1072.00 (MB).
[INFO DRT-0199]   Number of violations = 1.
Viol/Layer        met1
Metal Spacing        1
[INFO DRT-0267] cpu time = 00:00:16, elapsed time = 00:00:05, memory = 1072.00 (MB), peak = 1198.36 (MB)
Total wire length = 224675 um.
Total wire length on LAYER li1 = 0 um.
Total wire length on LAYER met1 = 105327 um.
Total wire length on LAYER met2 = 100326 um.
Total wire length on LAYER met3 = 13948 um.
Total wire length on LAYER met4 = 5072 um.
Total wire length on LAYER met5 = 0 um.
Total number of vias = 66225.
Up-via summary (total 66225):

------------------------
 FR_MASTERSLICE        0
            li1    32594
           met1    32021
           met2     1397
           met3      213
           met4        0
------------------------
                   66225


[INFO DRT-0195] Start 5th optimization iteration.
    Completing 10% with 1 violations.
    elapsed time = 00:00:00, memory = 1072.00 (MB).
    Completing 20% with 1 violations.
    elapsed time = 00:00:00, memory = 1072.00 (MB).
    Completing 30% with 1 violations.
    elapsed time = 00:00:00, memory = 1072.00 (MB).
    Completing 40% with 1 violations.
    elapsed time = 00:00:00, memory = 1072.00 (MB).
    Completing 50% with 1 violations.
    elapsed time = 00:00:00, memory = 1072.00 (MB).
    Completing 60% with 0 violations.
    elapsed time = 00:00:00, memory = 1072.00 (MB).
    Completing 70% with 0 violations.
    elapsed time = 00:00:00, memory = 1072.00 (MB).
    Completing 80% with 0 violations.
    elapsed time = 00:00:00, memory = 1072.00 (MB).
    Completing 90% with 0 violations.
    elapsed time = 00:00:00, memory = 1072.00 (MB).
    Completing 100% with 0 violations.
    elapsed time = 00:00:00, memory = 1072.00 (MB).
[INFO DRT-0199]   Number of violations = 0.
[INFO DRT-0267] cpu time = 00:00:02, elapsed time = 00:00:00, memory = 1072.00 (MB), peak = 1198.36 (MB)
Total wire length = 224674 um.
Total wire length on LAYER li1 = 0 um.
Total wire length on LAYER met1 = 105328 um.
Total wire length on LAYER met2 = 100325 um.
Total wire length on LAYER met3 = 13948 um.
Total wire length on LAYER met4 = 5072 um.
Total wire length on LAYER met5 = 0 um.
Total number of vias = 66225.
Up-via summary (total 66225):

------------------------
 FR_MASTERSLICE        0
            li1    32594
           met1    32021
           met2     1397
           met3      213
           met4        0
------------------------
                   66225


[INFO DRT-0198] Complete detail routing.
Total wire length = 224674 um.
Total wire length on LAYER li1 = 0 um.
Total wire length on LAYER met1 = 105328 um.
Total wire length on LAYER met2 = 100325 um.
Total wire length on LAYER met3 = 13948 um.
Total wire length on LAYER met4 = 5072 um.
Total wire length on LAYER met5 = 0 um.
Total number of vias = 66225.
Up-via summary (total 66225):

------------------------
 FR_MASTERSLICE        0
            li1    32594
           met1    32021
           met2     1397
           met3      213
           met4        0
------------------------
                   66225


[INFO DRT-0267] cpu time = 00:10:36, elapsed time = 00:01:49, memory = 1072.00 (MB), peak = 1198.36 (MB)

[INFO DRT-0180] Post processing.
Setting global connections for newly added cells…
[INFO] Setting global connections...
Updating metrics…
Cell type report:                       Count       Area
  Fill cell                               312    1171.12
  Tap cell                               2528    3163.03
  Antenna cell                             17      42.54
  Buffer                                    1       3.75
  Clock buffer                            110    1584.02
  Timing Repair Buffer                   1753   13909.59
  Inverter                                 86     322.81
  Clock inverter                           78    1002.21
  Sequential cell                        1142   22879.44
  Multi-Input combinational cell         6481   52221.33
  Total                                 12508   96299.86
Writing OpenROAD database to '/home/systemuser/Documents/ECE/510/Project/m3/synth/runs/RUN_2026-05-24_21-40-35/43-openroad-detailedrouting/gelu_top.odb'…
Writing netlist to '/home/systemuser/Documents/ECE/510/Project/m3/synth/runs/RUN_2026-05-24_21-40-35/43-openroad-detailedrouting/gelu_top.nl.v'…
Writing powered netlist to '/home/systemuser/Documents/ECE/510/Project/m3/synth/runs/RUN_2026-05-24_21-40-35/43-openroad-detailedrouting/gelu_top.pnl.v'…
Writing layout to '/home/systemuser/Documents/ECE/510/Project/m3/synth/runs/RUN_2026-05-24_21-40-35/43-openroad-detailedrouting/gelu_top.def'…
Writing timing constraints to '/home/systemuser/Documents/ECE/510/Project/m3/synth/runs/RUN_2026-05-24_21-40-35/43-openroad-detailedrouting/gelu_top.sdc'…
