
===========================================================================
report_checks -unconstrained
===========================================================================
======================= max_ss_100C_1v60 Corner ===================================

Startpoint: _13499_ (rising edge-triggered flip-flop clocked by clk)
Endpoint: _13832_ (rising edge-triggered flip-flop clocked by clk)
Path Group: clk
Path Type: max

Fanout         Cap        Slew       Delay        Time   Description
---------------------------------------------------------------------------------------------
                                  0.000000    0.000000   clock clk (rise edge)
                                  0.000000    0.000000   clock source latency
     1    0.069000    0.494423    0.352168    0.352168 ^ clk (in)
                                                         clk (net)
                      0.494986    0.000000    0.352168 ^ clkbuf_0_clk/A (sky130_fd_sc_hd__clkbuf_16)
     8    0.187878    0.299957    0.582585    0.934753 ^ clkbuf_0_clk/X (sky130_fd_sc_hd__clkbuf_16)
                                                         clknet_0_clk (net)
                      0.301231    0.015941    0.950694 ^ clkbuf_3_2__f_clk/A (sky130_fd_sc_hd__clkbuf_16)
    14    0.138987    0.232869    0.456075    1.406769 ^ clkbuf_3_2__f_clk/X (sky130_fd_sc_hd__clkbuf_16)
                                                         clknet_3_2__leaf_clk (net)
                      0.233187    0.007639    1.414408 ^ clkbuf_leaf_3_clk/A (sky130_fd_sc_hd__clkbuf_8)
    21    0.061482    0.182667    0.389658    1.804066 ^ clkbuf_leaf_3_clk/X (sky130_fd_sc_hd__clkbuf_8)
                                                         clknet_leaf_3_clk (net)
                      0.182719    0.003163    1.807229 ^ _13499_/CLK (sky130_fd_sc_hd__dfxtp_1)
     1    0.013789    0.218291    0.793122    2.600352 ^ _13499_/Q (sky130_fd_sc_hd__dfxtp_1)
                                                         u_interface.u_gelu_fp32.u_synth_top.s2_m[12] (net)
                      0.218293    0.001110    2.601461 ^ fanout683/A (sky130_fd_sc_hd__buf_2)
     5    0.062959    0.485889    0.560175    3.161636 ^ fanout683/X (sky130_fd_sc_hd__buf_2)
                                                         net683 (net)
                      0.485895    0.001523    3.163159 ^ fanout682/A (sky130_fd_sc_hd__buf_2)
     8    0.049094    0.382278    0.591865    3.755024 ^ fanout682/X (sky130_fd_sc_hd__buf_2)
                                                         net682 (net)
                      0.382278    0.001303    3.756326 ^ fanout681/A (sky130_fd_sc_hd__clkbuf_2)
     7    0.030158    0.262752    0.460207    4.216534 ^ fanout681/X (sky130_fd_sc_hd__clkbuf_2)
                                                         net681 (net)
                      0.262756    0.001513    4.218046 ^ fanout680/A (sky130_fd_sc_hd__buf_2)
     8    0.049234    0.384343    0.508011    4.726058 ^ fanout680/X (sky130_fd_sc_hd__buf_2)
                                                         net680 (net)
                      0.384564    0.005174    4.731232 ^ fanout679/A (sky130_fd_sc_hd__clkbuf_2)
    10    0.034579    0.298421    0.485941    5.217172 ^ fanout679/X (sky130_fd_sc_hd__clkbuf_2)
                                                         net679 (net)
                      0.298421    0.000953    5.218126 ^ _08906_/B (sky130_fd_sc_hd__and4_1)
     2    0.005295    0.134995    0.479774    5.697899 ^ _08906_/X (sky130_fd_sc_hd__and4_1)
                                                         _02665_ (net)
                      0.134995    0.000317    5.698216 ^ _08908_/A_N (sky130_fd_sc_hd__and2b_1)
     1    0.005838    0.090379    0.410568    6.108784 v _08908_/X (sky130_fd_sc_hd__and2b_1)
                                                         _02667_ (net)
                      0.090380    0.000426    6.109210 v _08909_/B (sky130_fd_sc_hd__xnor2_1)
     2    0.007789    0.346851    0.345206    6.454416 ^ _08909_/Y (sky130_fd_sc_hd__xnor2_1)
                                                         _02668_ (net)
                      0.346851    0.000301    6.454717 ^ _08911_/A (sky130_fd_sc_hd__xor2_1)
     2    0.008299    0.340036    0.448401    6.903118 ^ _08911_/X (sky130_fd_sc_hd__xor2_1)
                                                         _02670_ (net)
                      0.340036    0.000532    6.903650 ^ _08912_/B (sky130_fd_sc_hd__xnor2_1)
     2    0.008714    0.376759    0.357852    7.261501 ^ _08912_/Y (sky130_fd_sc_hd__xnor2_1)
                                                         _02671_ (net)
                      0.376761    0.000578    7.262080 ^ _08915_/A (sky130_fd_sc_hd__xnor2_1)
     2    0.007685    0.343248    0.356495    7.618575 ^ _08915_/Y (sky130_fd_sc_hd__xnor2_1)
                                                         _02674_ (net)
                      0.343248    0.000515    7.619090 ^ _08917_/B (sky130_fd_sc_hd__xnor2_1)
     2    0.009536    0.189897    0.297116    7.916206 v _08917_/Y (sky130_fd_sc_hd__xnor2_1)
                                                         _02676_ (net)
                      0.189897    0.000560    7.916766 v _08938_/A (sky130_fd_sc_hd__or3_2)
     5    0.014694    0.235472    1.270527    9.187293 v _08938_/X (sky130_fd_sc_hd__or3_2)
                                                         _02697_ (net)
                      0.235472    0.000810    9.188103 v _08939_/A2 (sky130_fd_sc_hd__a21o_1)
     2    0.004608    0.074989    0.400957    9.589060 v _08939_/X (sky130_fd_sc_hd__a21o_1)
                                                         _02698_ (net)
                      0.075024    0.000275    9.589334 v _08943_/B (sky130_fd_sc_hd__and3_1)
     4    0.017111    0.184118    0.449730   10.039065 v _08943_/X (sky130_fd_sc_hd__and3_1)
                                                         _02702_ (net)
                      0.184119    0.000967   10.040032 v _08944_/B (sky130_fd_sc_hd__or3b_2)
     4    0.013046    0.225403    1.177813   11.217845 v _08944_/X (sky130_fd_sc_hd__or3b_2)
                                                         _02703_ (net)
                      0.225403    0.000701   11.218546 v _09455_/A (sky130_fd_sc_hd__or3_2)
     4    0.021411    0.266383    1.337650   12.556195 v _09455_/X (sky130_fd_sc_hd__or3_2)
                                                         _03213_ (net)
                      0.266383    0.001003   12.557199 v _09456_/A2 (sky130_fd_sc_hd__a211o_1)
     2    0.007914    0.130203    0.667939   13.225137 v _09456_/X (sky130_fd_sc_hd__a211o_1)
                                                         _03214_ (net)
                      0.130203    0.000480   13.225616 v _09458_/A1 (sky130_fd_sc_hd__a211oi_2)
     2    0.011893    0.448288    0.488072   13.713688 ^ _09458_/Y (sky130_fd_sc_hd__a211oi_2)
                                                         _03216_ (net)
                      0.448288    0.000788   13.714477 ^ _09461_/B1 (sky130_fd_sc_hd__a211oi_2)
     4    0.014074    0.176626    0.255065   13.969542 v _09461_/Y (sky130_fd_sc_hd__a211oi_2)
                                                         _03219_ (net)
                      0.176627    0.000746   13.970287 v _09561_/A2 (sky130_fd_sc_hd__o211a_1)
     4    0.009799    0.132487    0.485031   14.455318 v _09561_/X (sky130_fd_sc_hd__o211a_1)
                                                         _03318_ (net)
                      0.132489    0.000738   14.456057 v _09768_/A (sky130_fd_sc_hd__or4_1)
     2    0.007568    0.232822    1.316931   15.772987 v _09768_/X (sky130_fd_sc_hd__or4_1)
                                                         _03523_ (net)
                      0.232822    0.000441   15.773427 v _09769_/C1 (sky130_fd_sc_hd__a2111o_1)
     2    0.018183    0.241098    0.889795   16.663223 v _09769_/X (sky130_fd_sc_hd__a2111o_1)
                                                         _03524_ (net)
                      0.241130    0.002860   16.666082 v _10219_/A1 (sky130_fd_sc_hd__a211o_1)
     4    0.025078    0.262446    0.741956   17.408039 v _10219_/X (sky130_fd_sc_hd__a211o_1)
                                                         _03970_ (net)
                      0.262497    0.003576   17.411613 v _11166_/A2 (sky130_fd_sc_hd__a211o_1)
     1    0.002411    0.081053    0.602768   18.014381 v _11166_/X (sky130_fd_sc_hd__a211o_1)
                                                         _04909_ (net)
                      0.081053    0.000149   18.014530 v _11169_/B (sky130_fd_sc_hd__and3_2)
     6    0.027887    0.173887    0.531729   18.546261 v _11169_/X (sky130_fd_sc_hd__and3_2)
                                                         _04912_ (net)
                      0.173930    0.002629   18.548889 v _11911_/A1 (sky130_fd_sc_hd__o311a_1)
     5    0.020449    0.235135    0.855788   19.404678 v _11911_/X (sky130_fd_sc_hd__o311a_1)
                                                         _05646_ (net)
                      0.235159    0.002519   19.407196 v _12451_/B2 (sky130_fd_sc_hd__o221a_1)
     3    0.011660    0.176247    0.560579   19.967775 v _12451_/X (sky130_fd_sc_hd__o221a_1)
                                                         _06178_ (net)
                      0.176249    0.000780   19.968555 v _12493_/A2 (sky130_fd_sc_hd__o21a_1)
     3    0.008327    0.113351    0.401890   20.370445 v _12493_/X (sky130_fd_sc_hd__o21a_1)
                                                         _06219_ (net)
                      0.113351    0.000401   20.370848 v _12523_/A2 (sky130_fd_sc_hd__o21ai_1)
     2    0.005210    0.229724    0.260686   20.631533 ^ _12523_/Y (sky130_fd_sc_hd__o21ai_1)
                                                         _06248_ (net)
                      0.229724    0.000341   20.631874 ^ _12525_/B (sky130_fd_sc_hd__nand2_1)
     3    0.016170    0.277624    0.323869   20.955742 v _12525_/Y (sky130_fd_sc_hd__nand2_1)
                                                         _06250_ (net)
                      0.277624    0.000785   20.956528 v fanout151/A (sky130_fd_sc_hd__clkbuf_2)
    10    0.033889    0.238810    0.426571   21.383099 v fanout151/X (sky130_fd_sc_hd__clkbuf_2)
                                                         net151 (net)
                      0.238815    0.001499   21.384598 v _12526_/C (sky130_fd_sc_hd__and3_1)
     1    0.002815    0.071061    0.441414   21.826012 v _12526_/X (sky130_fd_sc_hd__and3_1)
                                                         _00842_ (net)
                      0.071061    0.000176   21.826187 v _13832_/D (sky130_fd_sc_hd__dfxtp_1)
                                             21.826187   data arrival time

                                 22.000000   22.000000   clock clk (rise edge)
                                  0.000000   22.000000   clock source latency
     1    0.069000    0.494423    0.352168   22.352169 ^ clk (in)
                                                         clk (net)
                      0.494986    0.000000   22.352169 ^ clkbuf_0_clk/A (sky130_fd_sc_hd__clkbuf_16)
     8    0.187878    0.299957    0.582585   22.934753 ^ clkbuf_0_clk/X (sky130_fd_sc_hd__clkbuf_16)
                                                         clknet_0_clk (net)
                      0.302185    0.020838   22.955591 ^ clkbuf_3_4__f_clk/A (sky130_fd_sc_hd__clkbuf_16)
    15    0.138775    0.232559    0.456273   23.411865 ^ clkbuf_3_4__f_clk/X (sky130_fd_sc_hd__clkbuf_16)
                                                         clknet_3_4__leaf_clk (net)
                      0.233282    0.009777   23.421642 ^ clkbuf_leaf_79_clk/A (sky130_fd_sc_hd__clkbuf_8)
     7    0.037822    0.124651    0.347780   23.769423 ^ clkbuf_leaf_79_clk/X (sky130_fd_sc_hd__clkbuf_8)
                                                         clknet_leaf_79_clk (net)
                      0.124659    0.001195   23.770618 ^ _13832_/CLK (sky130_fd_sc_hd__dfxtp_1)
                                 -0.250000   23.520618   clock uncertainty
                                  0.000000   23.520618   clock reconvergence pessimism
                                 -0.254697   23.265921   library setup time
                                             23.265921   data required time
---------------------------------------------------------------------------------------------
                                             23.265921   data required time
                                            -21.826187   data arrival time
---------------------------------------------------------------------------------------------
                                              1.439734   slack (MET)




===========================================================================
report_checks --slack_max -0.01
============================================================================
======================= max_ss_100C_1v60 Corner ===================================

No paths found.


===========================================================================
 report_check_types -max_slew -max_cap -max_fanout -violators
============================================================================
======================= max_ss_100C_1v60 Corner ===================================

max slew

Pin                                        Limit        Slew       Slack
------------------------------------------------------------------------
fanout261/A                             0.750000    0.924265   -0.174265 (VIOLATED)
fanout262/A                             0.750000    0.924226   -0.174226 (VIOLATED)
fanout264/A                             0.750000    0.924048   -0.174048 (VIOLATED)
_06983_/Y                               0.750000    0.924029   -0.174029 (VIOLATED)
_10314_/Y                               0.750000    0.922584   -0.172584 (VIOLATED)
_10430_/C1                              0.750000    0.922584   -0.172584 (VIOLATED)
_10431_/A2                              0.750000    0.922584   -0.172584 (VIOLATED)
max_cap181/A                            0.750000    0.922584   -0.172584 (VIOLATED)
fanout269/A                             0.750000    0.910056   -0.160056 (VIOLATED)
fanout270/A                             0.750000    0.910023   -0.160023 (VIOLATED)
fanout272/A                             0.750000    0.909903   -0.159903 (VIOLATED)
_06977_/Y                               0.750000    0.909895   -0.159895 (VIOLATED)
fanout207/A                             0.750000    0.902530   -0.152530 (VIOLATED)
fanout208/A                             0.750000    0.902513   -0.152513 (VIOLATED)
fanout210/A                             0.750000    0.902476   -0.152476 (VIOLATED)
_07013_/Y                               0.750000    0.902467   -0.152467 (VIOLATED)
_09865_/Y                               0.750000    0.874654   -0.124654 (VIOLATED)
_09976_/C1                              0.750000    0.874654   -0.124654 (VIOLATED)
_09977_/A2                              0.750000    0.874654   -0.124654 (VIOLATED)
max_cap172/A                            0.750000    0.874654   -0.124654 (VIOLATED)
fanout250/A                             0.750000    0.870085   -0.120085 (VIOLATED)
ANTENNA_2/DIODE                         0.750000    0.870085   -0.120085 (VIOLATED)
fanout252/A                             0.750000    0.870054   -0.120055 (VIOLATED)
_06992_/Y                               0.750000    0.870038   -0.120038 (VIOLATED)
fanout265/A                             0.750000    0.868943   -0.118943 (VIOLATED)
fanout266/A                             0.750000    0.868920   -0.118920 (VIOLATED)
fanout268/A                             0.750000    0.868875   -0.118875 (VIOLATED)
_06980_/Y                               0.750000    0.868858   -0.118858 (VIOLATED)
fanout246/A                             0.750000    0.867391   -0.117391 (VIOLATED)
fanout247/A                             0.750000    0.867290   -0.117290 (VIOLATED)
fanout248/A                             0.750000    0.867255   -0.117255 (VIOLATED)
_06994_/Y                               0.750000    0.867237   -0.117237 (VIOLATED)
fanout230/A                             0.750000    0.819365   -0.069365 (VIOLATED)
ANTENNA_15/DIODE                        0.750000    0.819365   -0.069365 (VIOLATED)
fanout232/A                             0.750000    0.819356   -0.069356 (VIOLATED)
_07003_/Y                               0.750000    0.819344   -0.069344 (VIOLATED)
_10433_/Y                               0.750000    0.814918   -0.064918 (VIOLATED)
_10557_/C1                              0.750000    0.814918   -0.064918 (VIOLATED)
_10558_/A2                              0.750000    0.814918   -0.064918 (VIOLATED)
max_cap171/A                            0.750000    0.814918   -0.064918 (VIOLATED)
fanout218/A                             0.750000    0.806538   -0.056538 (VIOLATED)
fanout219/A                             0.750000    0.806486   -0.056486 (VIOLATED)
fanout220/A                             0.750000    0.806448   -0.056448 (VIOLATED)
_07015_/Y                               0.750000    0.806440   -0.056440 (VIOLATED)
fanout222/A                             0.750000    0.774539   -0.024539 (VIOLATED)
fanout224/A                             0.750000    0.774515   -0.024515 (VIOLATED)
_07009_/Y                               0.750000    0.774503   -0.024503 (VIOLATED)
fanout234/A                             0.750000    0.764224   -0.014224 (VIOLATED)
ANTENNA_3/DIODE                         0.750000    0.764223   -0.014223 (VIOLATED)
fanout236/A                             0.750000    0.764213   -0.014213 (VIOLATED)
_07001_/Y                               0.750000    0.764202   -0.014202 (VIOLATED)
_06552_/C                               0.750000    0.761308   -0.011308 (VIOLATED)
_06561_/C                               0.750000    0.761306   -0.011306 (VIOLATED)
_06551_/C                               0.750000    0.761305   -0.011305 (VIOLATED)
_06550_/Y                               0.750000    0.761273   -0.011273 (VIOLATED)

max fanout

Pin                                   Limit Fanout  Slack
---------------------------------------------------------
clkbuf_leaf_42_clk/X                     10     22    -12 (VIOLATED)
clkbuf_leaf_3_clk/X                      10     21    -11 (VIOLATED)
clkbuf_leaf_44_clk/X                     10     21    -11 (VIOLATED)
clkbuf_leaf_68_clk/X                     10     21    -11 (VIOLATED)
clkbuf_leaf_70_clk/X                     10     21    -11 (VIOLATED)
clkbuf_leaf_71_clk/X                     10     21    -11 (VIOLATED)
clkbuf_leaf_17_clk/X                     10     20    -10 (VIOLATED)
clkbuf_leaf_54_clk/X                     10     20    -10 (VIOLATED)
clkbuf_leaf_72_clk/X                     10     20    -10 (VIOLATED)
clkbuf_leaf_62_clk/X                     10     19     -9 (VIOLATED)
clkbuf_leaf_13_clk/X                     10     18     -8 (VIOLATED)
clkbuf_leaf_22_clk/X                     10     18     -8 (VIOLATED)
clkbuf_leaf_27_clk/X                     10     18     -8 (VIOLATED)
clkbuf_leaf_2_clk/X                      10     18     -8 (VIOLATED)
clkbuf_leaf_34_clk/X                     10     18     -8 (VIOLATED)
clkbuf_leaf_35_clk/X                     10     18     -8 (VIOLATED)
clkbuf_leaf_36_clk/X                     10     18     -8 (VIOLATED)
clkbuf_leaf_43_clk/X                     10     18     -8 (VIOLATED)
clkbuf_leaf_45_clk/X                     10     18     -8 (VIOLATED)
clkbuf_leaf_49_clk/X                     10     18     -8 (VIOLATED)
clkbuf_leaf_4_clk/X                      10     18     -8 (VIOLATED)
clkbuf_leaf_53_clk/X                     10     18     -8 (VIOLATED)
clkbuf_leaf_5_clk/X                      10     18     -8 (VIOLATED)
clkbuf_leaf_83_clk/X                     10     18     -8 (VIOLATED)
clkbuf_leaf_84_clk/X                     10     18     -8 (VIOLATED)
clkbuf_leaf_16_clk/X                     10     17     -7 (VIOLATED)
clkbuf_leaf_26_clk/X                     10     17     -7 (VIOLATED)
clkbuf_leaf_39_clk/X                     10     17     -7 (VIOLATED)
clkbuf_leaf_67_clk/X                     10     17     -7 (VIOLATED)
clkbuf_leaf_6_clk/X                      10     17     -7 (VIOLATED)
clkbuf_leaf_18_clk/X                     10     16     -6 (VIOLATED)
clkbuf_leaf_48_clk/X                     10     16     -6 (VIOLATED)
clkbuf_leaf_55_clk/X                     10     16     -6 (VIOLATED)
clkbuf_leaf_63_clk/X                     10     16     -6 (VIOLATED)
clkbuf_leaf_73_clk/X                     10     16     -6 (VIOLATED)
clkbuf_leaf_75_clk/X                     10     16     -6 (VIOLATED)
clkbuf_3_4__f_clk/X                      10     15     -5 (VIOLATED)
clkbuf_3_7__f_clk/X                      10     15     -5 (VIOLATED)
clkbuf_leaf_10_clk/X                     10     15     -5 (VIOLATED)
clkbuf_leaf_31_clk/X                     10     15     -5 (VIOLATED)
clkbuf_leaf_40_clk/X                     10     15     -5 (VIOLATED)
clkbuf_leaf_50_clk/X                     10     15     -5 (VIOLATED)
clkbuf_leaf_66_clk/X                     10     15     -5 (VIOLATED)
clkbuf_leaf_82_clk/X                     10     15     -5 (VIOLATED)
clkbuf_3_2__f_clk/X                      10     14     -4 (VIOLATED)
clkbuf_3_5__f_clk/X                      10     14     -4 (VIOLATED)
clkbuf_leaf_41_clk/X                     10     14     -4 (VIOLATED)
clkbuf_leaf_47_clk/X                     10     14     -4 (VIOLATED)
clkbuf_leaf_52_clk/X                     10     14     -4 (VIOLATED)
clkbuf_leaf_76_clk/X                     10     14     -4 (VIOLATED)
clkbuf_leaf_7_clk/X                      10     14     -4 (VIOLATED)
clkbuf_leaf_87_clk/X                     10     14     -4 (VIOLATED)
clkbuf_3_6__f_clk/X                      10     13     -3 (VIOLATED)
clkbuf_leaf_11_clk/X                     10     13     -3 (VIOLATED)
clkbuf_leaf_14_clk/X                     10     13     -3 (VIOLATED)
clkbuf_leaf_57_clk/X                     10     13     -3 (VIOLATED)
clkbuf_leaf_59_clk/X                     10     13     -3 (VIOLATED)
clkbuf_leaf_64_clk/X                     10     13     -3 (VIOLATED)
clkbuf_leaf_65_clk/X                     10     13     -3 (VIOLATED)
clkbuf_leaf_69_clk/X                     10     13     -3 (VIOLATED)
clkbuf_leaf_19_clk/X                     10     12     -2 (VIOLATED)
clkbuf_leaf_29_clk/X                     10     12     -2 (VIOLATED)
clkbuf_leaf_32_clk/X                     10     12     -2 (VIOLATED)
clkbuf_leaf_33_clk/X                     10     12     -2 (VIOLATED)
clkbuf_leaf_37_clk/X                     10     12     -2 (VIOLATED)
clkbuf_leaf_38_clk/X                     10     12     -2 (VIOLATED)
clkbuf_leaf_56_clk/X                     10     12     -2 (VIOLATED)
clkbuf_leaf_58_clk/X                     10     12     -2 (VIOLATED)
clkbuf_leaf_74_clk/X                     10     12     -2 (VIOLATED)
clkbuf_leaf_78_clk/X                     10     12     -2 (VIOLATED)
clkbuf_leaf_9_clk/X                      10     12     -2 (VIOLATED)
fanout388/X                              10     12     -2 (VIOLATED)
clkbuf_leaf_46_clk/X                     10     11        (VIOLATED)
clkbuf_leaf_51_clk/X                     10     11        (VIOLATED)
clkbuf_leaf_60_clk/X                     10     11        (VIOLATED)
fanout320/X                              10     11        (VIOLATED)



===========================================================================
report_parasitic_annotation -report_unannotated
============================================================================
Found 157 unannotated drivers.
 s_axil_wdata[10]
 s_axil_wdata[11]
 s_axil_wdata[12]
 s_axil_wdata[13]
 s_axil_wdata[14]
 s_axil_wdata[15]
 s_axil_wdata[16]
 s_axil_wdata[17]
 s_axil_wdata[18]
 s_axil_wdata[19]
 s_axil_wdata[1]
 s_axil_wdata[20]
 s_axil_wdata[21]
 s_axil_wdata[22]
 s_axil_wdata[23]
 s_axil_wdata[24]
 s_axil_wdata[25]
 s_axil_wdata[26]
 s_axil_wdata[27]
 s_axil_wdata[28]
 s_axil_wdata[29]
 s_axil_wdata[2]
 s_axil_wdata[30]
 s_axil_wdata[31]
 s_axil_wdata[3]
 s_axil_wdata[4]
 s_axil_wdata[5]
 s_axil_wdata[6]
 s_axil_wdata[7]
 s_axil_wdata[8]
 s_axil_wdata[9]
 s_axil_wstrb[1]
 s_axil_wstrb[2]
 s_axil_wstrb[3]
 clkload0/Y
 clkload1/Y
 clkload10/Y
 clkload11/Y
 clkload12/Y
 clkload13/Y
 clkload14/Y
 clkload15/Y
 clkload16/Y
 clkload17/Y
 clkload18/Y
 clkload19/Y
 clkload2/Y
 clkload20/Y
 clkload21/Y
 clkload22/Y
 clkload23/Y
 clkload24/Y
 clkload25/Y
 clkload26/Y
 clkload27/Y
 clkload28/Y
 clkload29/Y
 clkload3/Y
 clkload30/Y
 clkload31/Y
 clkload32/Y
 clkload33/Y
 clkload34/Y
 clkload35/Y
 clkload36/Y
 clkload37/Y
 clkload38/Y
 clkload39/Y
 clkload4/X
 clkload40/Y
 clkload41/Y
 clkload42/Y
 clkload43/Y
 clkload44/Y
 clkload45/Y
 clkload46/Y
 clkload47/Y
 clkload48/Y
 clkload49/Y
 clkload5/Y
 clkload50/X
 clkload51/Y
 clkload52/Y
 clkload53/Y
 clkload54/Y
 clkload55/Y
 clkload56/Y
 clkload57/Y
 clkload58/X
 clkload59/Y
 clkload6/Y
 clkload60/X
 clkload61/X
 clkload62/Y
 clkload63/Y
 clkload64/Y
 clkload65/X
 clkload66/Y
 clkload67/Y
 clkload68/Y
 clkload69/Y
 clkload7/Y
 clkload70/X
 clkload71/Y
 clkload72/X
 clkload73/Y
 clkload74/Y
 clkload75/Y
 clkload76/Y
 clkload77/Y
 clkload78/Y
 clkload79/X
 clkload8/Y
 clkload80/Y
 clkload81/Y
 clkload82/Y
 clkload83/Y
 clkload84/Y
 clkload85/Y
 clkload86/Y
 clkload87/Y
 clkload9/X
 gelu_top_831/HI
 gelu_top_832/HI
 gelu_top_833/HI
 gelu_top_834/HI
 gelu_top_835/HI
 gelu_top_836/HI
 gelu_top_837/HI
 gelu_top_838/HI
 gelu_top_839/HI
 gelu_top_840/HI
 gelu_top_841/HI
 gelu_top_842/HI
 gelu_top_843/HI
 gelu_top_844/HI
 gelu_top_845/HI
 gelu_top_846/HI
 gelu_top_847/HI
 gelu_top_848/HI
 gelu_top_849/HI
 gelu_top_850/HI
 gelu_top_851/HI
 gelu_top_852/HI
 gelu_top_853/HI
 gelu_top_854/HI
 gelu_top_855/HI
 gelu_top_856/HI
 gelu_top_857/HI
 gelu_top_858/HI
 gelu_top_859/HI
 gelu_top_860/HI
 gelu_top_861/HI
 gelu_top_862/HI
 gelu_top_863/HI
 gelu_top_864/HI
 gelu_top_865/HI
Found 0 partially unannotated drivers.

===========================================================================
max slew violation count 55
max fanout violation count 76
max cap violation count 0
============================================================================

===========================================================================
check_setup -verbose -unconstrained_endpoints -multiple_clock -no_clock -no_input_delay -loops -generated_clocks
===========================================================================
Warning: There are 35 unconstrained endpoints.
  s_axil_bresp[0]
  s_axil_bresp[1]
  s_axil_rdata[10]
  s_axil_rdata[11]
  s_axil_rdata[12]
  s_axil_rdata[13]
  s_axil_rdata[14]
  s_axil_rdata[15]
  s_axil_rdata[16]
  s_axil_rdata[17]
  s_axil_rdata[18]
  s_axil_rdata[19]
  s_axil_rdata[1]
  s_axil_rdata[20]
  s_axil_rdata[21]
  s_axil_rdata[22]
  s_axil_rdata[23]
  s_axil_rdata[24]
  s_axil_rdata[25]
  s_axil_rdata[26]
  s_axil_rdata[27]
  s_axil_rdata[28]
  s_axil_rdata[29]
  s_axil_rdata[2]
  s_axil_rdata[30]
  s_axil_rdata[31]
  s_axil_rdata[3]
  s_axil_rdata[4]
  s_axil_rdata[5]
  s_axil_rdata[6]
  s_axil_rdata[7]
  s_axil_rdata[8]
  s_axil_rdata[9]
  s_axil_rresp[0]
  s_axil_rresp[1]
