Clock: clk
Sources: clk 
Generated: no
Virtual: yes
Propagated: no
Period: 22.000000

===========================================================================
report_clock_properties
============================================================================
Clock                   Period          Waveform
----------------------------------------------------
clk                  22.000000    0.000000 11.000000

===========================================================================
report_clock_latency
============================================================================
Clock clk
rise -> rise
    min     max
0.000000 0.000000 source latency
1.700414         network latency _13846_/CLK
        1.823729 network latency _13301_/CLK
---------------
1.700414 1.823729 latency
        0.123315 skew

fall -> fall
    min     max
0.000000 0.000000 source latency
1.432727         network latency _13846_/CLK
        1.525871 network latency _13301_/CLK
---------------
1.432727 1.525871 latency
        0.093144 skew



===========================================================================
report_clock_min_period
============================================================================
clk period_min = 20.56 fmax = 48.64
