
===========================================================================
 report_power
============================================================================
======================= max_ss_100C_1v60 Corner ===================================

Group                    Internal    Switching      Leakage        Total
                            Power        Power        Power        Power (Watts)
------------------------------------------------------------------------
Sequential           1.927730e-03 1.974260e-04 1.584566e-05 2.141001e-03   8.8%
Combinational        9.687183e-03 1.125217e-02 4.007888e-05 2.097943e-02  86.3%
Clock                5.157149e-04 6.809069e-04 2.002729e-06 1.198625e-03   4.9%
Macro                0.000000e+00 0.000000e+00 0.000000e+00 0.000000e+00   0.0%
Pad                  0.000000e+00 0.000000e+00 0.000000e+00 0.000000e+00   0.0%
------------------------------------------------------------------------
Total                1.213066e-02 1.213051e-02 5.792638e-05 2.431910e-02 100.0%
                            49.9%        49.9%         0.2%

