
 /----------------------------------------------------------------------------\
 |  yosys -- Yosys Open SYnthesis Suite                                       |
 |  Copyright (C) 2012 - 2024  Claire Xenia Wolf <claire@yosyshq.com>         |
 |  Distributed under an ISC-like license, type "license" to see terms        |
 \----------------------------------------------------------------------------/
 Yosys 0.46 (git sha1 e97731b9dda91fa5fa53ed87df7c34163ba59a41, clang++ 17.0.6 -fPIC -O3)
Loaded SDC plugin

1. Executing Verilog-2005 frontend: /home/systemuser/Documents/ECE/510/Project/m3/synth/runs/RUN_2026-05-24_21-39-06/tmp/6bf726d8bc174b26a7edf548ef47a428.bb.v
Parsing SystemVerilog input from `/home/systemuser/Documents/ECE/510/Project/m3/synth/runs/RUN_2026-05-24_21-39-06/tmp/6bf726d8bc174b26a7edf548ef47a428.bb.v' to AST representation.
Generating RTLIL representation for module `\sky130_ef_sc_hd__decap_12'.
Generating RTLIL representation for module `\sky130_ef_sc_hd__fill_12'.
Generating RTLIL representation for module `\sky130_ef_sc_hd__fill_4'.
Generating RTLIL representation for module `\sky130_ef_sc_hd__fill_8'.
Generating RTLIL representation for module `\sky130_fd_sc_hd__a2111o_1'.
Generating RTLIL representation for module `\sky130_fd_sc_hd__a2111o_2'.
Generating RTLIL representation for module `\sky130_fd_sc_hd__a2111o_4'.
Generating RTLIL representation for module `\sky130_fd_sc_hd__a2111oi_0'.
Generating RTLIL representation for module `\sky130_fd_sc_hd__a2111oi_1'.
Generating RTLIL representation for module `\sky130_fd_sc_hd__a2111oi_2'.
Generating RTLIL representation for module `\sky130_fd_sc_hd__a2111oi_4'.
Generating RTLIL representation for module `\sky130_fd_sc_hd__a211o_1'.
Generating RTLIL representation for module `\sky130_fd_sc_hd__a211o_2'.
Generating RTLIL representation for module `\sky130_fd_sc_hd__a211o_4'.
Generating RTLIL representation for module `\sky130_fd_sc_hd__a211oi_1'.
Generating RTLIL representation for module `\sky130_fd_sc_hd__a211oi_2'.
Generating RTLIL representation for module `\sky130_fd_sc_hd__a211oi_4'.
Generating RTLIL representation for module `\sky130_fd_sc_hd__a21bo_1'.
Generating RTLIL representation for module `\sky130_fd_sc_hd__a21bo_2'.
Generating RTLIL representation for module `\sky130_fd_sc_hd__a21bo_4'.
Generating RTLIL representation for module `\sky130_fd_sc_hd__a21boi_0'.
Generating RTLIL representation for module `\sky130_fd_sc_hd__a21boi_1'.
Generating RTLIL representation for module `\sky130_fd_sc_hd__a21boi_2'.
Generating RTLIL representation for module `\sky130_fd_sc_hd__a21boi_4'.
Generating RTLIL representation for module `\sky130_fd_sc_hd__a21o_1'.
Generating RTLIL representation for module `\sky130_fd_sc_hd__a21o_2'.
Generating RTLIL representation for module `\sky130_fd_sc_hd__a21o_4'.
Generating RTLIL representation for module `\sky130_fd_sc_hd__a21oi_1'.
Generating RTLIL representation for module `\sky130_fd_sc_hd__a21oi_2'.
Generating RTLIL representation for module `\sky130_fd_sc_hd__a21oi_4'.
Generating RTLIL representation for module `\sky130_fd_sc_hd__a221o_1'.
Generating RTLIL representation for module `\sky130_fd_sc_hd__a221o_2'.
Generating RTLIL representation for module `\sky130_fd_sc_hd__a221o_4'.
Generating RTLIL representation for module `\sky130_fd_sc_hd__a221oi_1'.
Generating RTLIL representation for module `\sky130_fd_sc_hd__a221oi_2'.
Generating RTLIL representation for module `\sky130_fd_sc_hd__a221oi_4'.
Generating RTLIL representation for module `\sky130_fd_sc_hd__a222oi_1'.
Generating RTLIL representation for module `\sky130_fd_sc_hd__a22o_1'.
Generating RTLIL representation for module `\sky130_fd_sc_hd__a22o_2'.
Generating RTLIL representation for module `\sky130_fd_sc_hd__a22o_4'.
Generating RTLIL representation for module `\sky130_fd_sc_hd__a22oi_1'.
Generating RTLIL representation for module `\sky130_fd_sc_hd__a22oi_2'.
Generating RTLIL representation for module `\sky130_fd_sc_hd__a22oi_4'.
Generating RTLIL representation for module `\sky130_fd_sc_hd__a2bb2o_1'.
Generating RTLIL representation for module `\sky130_fd_sc_hd__a2bb2o_2'.
Generating RTLIL representation for module `\sky130_fd_sc_hd__a2bb2o_4'.
Generating RTLIL representation for module `\sky130_fd_sc_hd__a2bb2oi_1'.
Generating RTLIL representation for module `\sky130_fd_sc_hd__a2bb2oi_2'.
Generating RTLIL representation for module `\sky130_fd_sc_hd__a2bb2oi_4'.
Generating RTLIL representation for module `\sky130_fd_sc_hd__a311o_1'.
Generating RTLIL representation for module `\sky130_fd_sc_hd__a311o_2'.
Generating RTLIL representation for module `\sky130_fd_sc_hd__a311o_4'.
Generating RTLIL representation for module `\sky130_fd_sc_hd__a311oi_1'.
Generating RTLIL representation for module `\sky130_fd_sc_hd__a311oi_2'.
Generating RTLIL representation for module `\sky130_fd_sc_hd__a311oi_4'.
Generating RTLIL representation for module `\sky130_fd_sc_hd__a31o_1'.
Generating RTLIL representation for module `\sky130_fd_sc_hd__a31o_2'.
Generating RTLIL representation for module `\sky130_fd_sc_hd__a31o_4'.
Generating RTLIL representation for module `\sky130_fd_sc_hd__a31oi_1'.
Generating RTLIL representation for module `\sky130_fd_sc_hd__a31oi_2'.
Generating RTLIL representation for module `\sky130_fd_sc_hd__a31oi_4'.
Generating RTLIL representation for module `\sky130_fd_sc_hd__a32o_1'.
Generating RTLIL representation for module `\sky130_fd_sc_hd__a32o_2'.
Generating RTLIL representation for module `\sky130_fd_sc_hd__a32o_4'.
Generating RTLIL representation for module `\sky130_fd_sc_hd__a32oi_1'.
Generating RTLIL representation for module `\sky130_fd_sc_hd__a32oi_2'.
Generating RTLIL representation for module `\sky130_fd_sc_hd__a32oi_4'.
Generating RTLIL representation for module `\sky130_fd_sc_hd__a41o_1'.
Generating RTLIL representation for module `\sky130_fd_sc_hd__a41o_2'.
Generating RTLIL representation for module `\sky130_fd_sc_hd__a41o_4'.
Generating RTLIL representation for module `\sky130_fd_sc_hd__a41oi_1'.
Generating RTLIL representation for module `\sky130_fd_sc_hd__a41oi_2'.
Generating RTLIL representation for module `\sky130_fd_sc_hd__a41oi_4'.
Generating RTLIL representation for module `\sky130_fd_sc_hd__and2_0'.
Generating RTLIL representation for module `\sky130_fd_sc_hd__and2_1'.
Generating RTLIL representation for module `\sky130_fd_sc_hd__and2_2'.
Generating RTLIL representation for module `\sky130_fd_sc_hd__and2_4'.
Generating RTLIL representation for module `\sky130_fd_sc_hd__and2b_1'.
Generating RTLIL representation for module `\sky130_fd_sc_hd__and2b_2'.
Generating RTLIL representation for module `\sky130_fd_sc_hd__and2b_4'.
Generating RTLIL representation for module `\sky130_fd_sc_hd__and3_1'.
Generating RTLIL representation for module `\sky130_fd_sc_hd__and3_2'.
Generating RTLIL representation for module `\sky130_fd_sc_hd__and3_4'.
Generating RTLIL representation for module `\sky130_fd_sc_hd__and3b_1'.
Generating RTLIL representation for module `\sky130_fd_sc_hd__and3b_2'.
Generating RTLIL representation for module `\sky130_fd_sc_hd__and3b_4'.
Generating RTLIL representation for module `\sky130_fd_sc_hd__and4_1'.
Generating RTLIL representation for module `\sky130_fd_sc_hd__and4_2'.
Generating RTLIL representation for module `\sky130_fd_sc_hd__and4_4'.
Generating RTLIL representation for module `\sky130_fd_sc_hd__and4b_1'.
Generating RTLIL representation for module `\sky130_fd_sc_hd__and4b_2'.
Generating RTLIL representation for module `\sky130_fd_sc_hd__and4b_4'.
Generating RTLIL representation for module `\sky130_fd_sc_hd__and4bb_1'.
Generating RTLIL representation for module `\sky130_fd_sc_hd__and4bb_2'.
Generating RTLIL representation for module `\sky130_fd_sc_hd__and4bb_4'.
Generating RTLIL representation for module `\sky130_fd_sc_hd__buf_1'.
Generating RTLIL representation for module `\sky130_fd_sc_hd__buf_12'.
Generating RTLIL representation for module `\sky130_fd_sc_hd__buf_16'.
Generating RTLIL representation for module `\sky130_fd_sc_hd__buf_2'.
Generating RTLIL representation for module `\sky130_fd_sc_hd__buf_4'.
Generating RTLIL representation for module `\sky130_fd_sc_hd__buf_6'.
Generating RTLIL representation for module `\sky130_fd_sc_hd__buf_8'.
Generating RTLIL representation for module `\sky130_fd_sc_hd__bufbuf_16'.
Generating RTLIL representation for module `\sky130_fd_sc_hd__bufbuf_8'.
Generating RTLIL representation for module `\sky130_fd_sc_hd__bufinv_16'.
Generating RTLIL representation for module `\sky130_fd_sc_hd__bufinv_8'.
Generating RTLIL representation for module `\sky130_fd_sc_hd__clkbuf_1'.
Generating RTLIL representation for module `\sky130_fd_sc_hd__clkbuf_16'.
Generating RTLIL representation for module `\sky130_fd_sc_hd__clkbuf_2'.
Generating RTLIL representation for module `\sky130_fd_sc_hd__clkbuf_4'.
Generating RTLIL representation for module `\sky130_fd_sc_hd__clkbuf_8'.
Generating RTLIL representation for module `\sky130_fd_sc_hd__clkdlybuf4s15_1'.
Generating RTLIL representation for module `\sky130_fd_sc_hd__clkdlybuf4s15_2'.
Generating RTLIL representation for module `\sky130_fd_sc_hd__clkdlybuf4s18_1'.
Generating RTLIL representation for module `\sky130_fd_sc_hd__clkdlybuf4s18_2'.
Generating RTLIL representation for module `\sky130_fd_sc_hd__clkdlybuf4s25_1'.
Generating RTLIL representation for module `\sky130_fd_sc_hd__clkdlybuf4s25_2'.
Generating RTLIL representation for module `\sky130_fd_sc_hd__clkdlybuf4s50_1'.
Generating RTLIL representation for module `\sky130_fd_sc_hd__clkdlybuf4s50_2'.
Generating RTLIL representation for module `\sky130_fd_sc_hd__clkinv_1'.
Generating RTLIL representation for module `\sky130_fd_sc_hd__clkinv_16'.
Generating RTLIL representation for module `\sky130_fd_sc_hd__clkinv_2'.
Generating RTLIL representation for module `\sky130_fd_sc_hd__clkinv_4'.
Generating RTLIL representation for module `\sky130_fd_sc_hd__clkinv_8'.
Generating RTLIL representation for module `\sky130_fd_sc_hd__clkinvlp_2'.
Generating RTLIL representation for module `\sky130_fd_sc_hd__clkinvlp_4'.
Generating RTLIL representation for module `\sky130_fd_sc_hd__conb_1'.
Generating RTLIL representation for module `\sky130_fd_sc_hd__decap_12'.
Generating RTLIL representation for module `\sky130_fd_sc_hd__decap_3'.
Generating RTLIL representation for module `\sky130_fd_sc_hd__decap_4'.
Generating RTLIL representation for module `\sky130_fd_sc_hd__decap_6'.
Generating RTLIL representation for module `\sky130_fd_sc_hd__decap_8'.
Generating RTLIL representation for module `\sky130_fd_sc_hd__dfbbn_1'.
Generating RTLIL representation for module `\sky130_fd_sc_hd__dfbbn_2'.
Generating RTLIL representation for module `\sky130_fd_sc_hd__dfbbp_1'.
Generating RTLIL representation for module `\sky130_fd_sc_hd__dfrbp_1'.
Generating RTLIL representation for module `\sky130_fd_sc_hd__dfrbp_2'.
Generating RTLIL representation for module `\sky130_fd_sc_hd__dfrtn_1'.
Generating RTLIL representation for module `\sky130_fd_sc_hd__dfrtp_1'.
Generating RTLIL representation for module `\sky130_fd_sc_hd__dfrtp_2'.
Generating RTLIL representation for module `\sky130_fd_sc_hd__dfrtp_4'.
Generating RTLIL representation for module `\sky130_fd_sc_hd__dfsbp_1'.
Generating RTLIL representation for module `\sky130_fd_sc_hd__dfsbp_2'.
Generating RTLIL representation for module `\sky130_fd_sc_hd__dfstp_1'.
Generating RTLIL representation for module `\sky130_fd_sc_hd__dfstp_2'.
Generating RTLIL representation for module `\sky130_fd_sc_hd__dfstp_4'.
Generating RTLIL representation for module `\sky130_fd_sc_hd__dfxbp_1'.
Generating RTLIL representation for module `\sky130_fd_sc_hd__dfxbp_2'.
Generating RTLIL representation for module `\sky130_fd_sc_hd__dfxtp_1'.
Generating RTLIL representation for module `\sky130_fd_sc_hd__dfxtp_2'.
Generating RTLIL representation for module `\sky130_fd_sc_hd__dfxtp_4'.
Generating RTLIL representation for module `\sky130_fd_sc_hd__diode_2'.
Generating RTLIL representation for module `\sky130_fd_sc_hd__dlclkp_1'.
Generating RTLIL representation for module `\sky130_fd_sc_hd__dlclkp_2'.
Generating RTLIL representation for module `\sky130_fd_sc_hd__dlclkp_4'.
Generating RTLIL representation for module `\sky130_fd_sc_hd__dlrbn_1'.
Generating RTLIL representation for module `\sky130_fd_sc_hd__dlrbn_2'.
Generating RTLIL representation for module `\sky130_fd_sc_hd__dlrbp_1'.
Generating RTLIL representation for module `\sky130_fd_sc_hd__dlrbp_2'.
Generating RTLIL representation for module `\sky130_fd_sc_hd__dlrtn_1'.
Generating RTLIL representation for module `\sky130_fd_sc_hd__dlrtn_2'.
Generating RTLIL representation for module `\sky130_fd_sc_hd__dlrtn_4'.
Generating RTLIL representation for module `\sky130_fd_sc_hd__dlrtp_1'.
Generating RTLIL representation for module `\sky130_fd_sc_hd__dlrtp_2'.
Generating RTLIL representation for module `\sky130_fd_sc_hd__dlrtp_4'.
Generating RTLIL representation for module `\sky130_fd_sc_hd__dlxbn_1'.
Generating RTLIL representation for module `\sky130_fd_sc_hd__dlxbn_2'.
Generating RTLIL representation for module `\sky130_fd_sc_hd__dlxbp_1'.
Generating RTLIL representation for module `\sky130_fd_sc_hd__dlxtn_1'.
Generating RTLIL representation for module `\sky130_fd_sc_hd__dlxtn_2'.
Generating RTLIL representation for module `\sky130_fd_sc_hd__dlxtn_4'.
Generating RTLIL representation for module `\sky130_fd_sc_hd__dlxtp_1'.
Generating RTLIL representation for module `\sky130_fd_sc_hd__dlygate4sd1_1'.
Generating RTLIL representation for module `\sky130_fd_sc_hd__dlygate4sd2_1'.
Generating RTLIL representation for module `\sky130_fd_sc_hd__dlygate4sd3_1'.
Generating RTLIL representation for module `\sky130_fd_sc_hd__dlymetal6s2s_1'.
Generating RTLIL representation for module `\sky130_fd_sc_hd__dlymetal6s4s_1'.
Generating RTLIL representation for module `\sky130_fd_sc_hd__dlymetal6s6s_1'.
Generating RTLIL representation for module `\sky130_fd_sc_hd__ebufn_1'.
Generating RTLIL representation for module `\sky130_fd_sc_hd__ebufn_2'.
Generating RTLIL representation for module `\sky130_fd_sc_hd__ebufn_4'.
Generating RTLIL representation for module `\sky130_fd_sc_hd__ebufn_8'.
Generating RTLIL representation for module `\sky130_fd_sc_hd__edfxbp_1'.
Generating RTLIL representation for module `\sky130_fd_sc_hd__edfxtp_1'.
Generating RTLIL representation for module `\sky130_fd_sc_hd__einvn_0'.
Generating RTLIL representation for module `\sky130_fd_sc_hd__einvn_1'.
Generating RTLIL representation for module `\sky130_fd_sc_hd__einvn_2'.
Generating RTLIL representation for module `\sky130_fd_sc_hd__einvn_4'.
Generating RTLIL representation for module `\sky130_fd_sc_hd__einvn_8'.
Generating RTLIL representation for module `\sky130_fd_sc_hd__einvp_1'.
Generating RTLIL representation for module `\sky130_fd_sc_hd__einvp_2'.
Generating RTLIL representation for module `\sky130_fd_sc_hd__einvp_4'.
Generating RTLIL representation for module `\sky130_fd_sc_hd__einvp_8'.
Generating RTLIL representation for module `\sky130_fd_sc_hd__fa_1'.
Generating RTLIL representation for module `\sky130_fd_sc_hd__fa_2'.
Generating RTLIL representation for module `\sky130_fd_sc_hd__fa_4'.
Generating RTLIL representation for module `\sky130_fd_sc_hd__fah_1'.
Generating RTLIL representation for module `\sky130_fd_sc_hd__fahcin_1'.
Generating RTLIL representation for module `\sky130_fd_sc_hd__fahcon_1'.
Generating RTLIL representation for module `\sky130_fd_sc_hd__fill_1'.
Generating RTLIL representation for module `\sky130_fd_sc_hd__fill_2'.
Generating RTLIL representation for module `\sky130_fd_sc_hd__fill_4'.
Generating RTLIL representation for module `\sky130_fd_sc_hd__fill_8'.
Generating RTLIL representation for module `\sky130_fd_sc_hd__ha_1'.
Generating RTLIL representation for module `\sky130_fd_sc_hd__ha_2'.
Generating RTLIL representation for module `\sky130_fd_sc_hd__ha_4'.
Generating RTLIL representation for module `\sky130_fd_sc_hd__inv_1'.
Generating RTLIL representation for module `\sky130_fd_sc_hd__inv_12'.
Generating RTLIL representation for module `\sky130_fd_sc_hd__inv_16'.
Generating RTLIL representation for module `\sky130_fd_sc_hd__inv_2'.
Generating RTLIL representation for module `\sky130_fd_sc_hd__inv_4'.
Generating RTLIL representation for module `\sky130_fd_sc_hd__inv_6'.
Generating RTLIL representation for module `\sky130_fd_sc_hd__inv_8'.
Generating RTLIL representation for module `\sky130_fd_sc_hd__lpflow_bleeder_1'.
Generating RTLIL representation for module `\sky130_fd_sc_hd__lpflow_clkbufkapwr_1'.
Generating RTLIL representation for module `\sky130_fd_sc_hd__lpflow_clkbufkapwr_16'.
Generating RTLIL representation for module `\sky130_fd_sc_hd__lpflow_clkbufkapwr_2'.
Generating RTLIL representation for module `\sky130_fd_sc_hd__lpflow_clkbufkapwr_4'.
Generating RTLIL representation for module `\sky130_fd_sc_hd__lpflow_clkbufkapwr_8'.
Generating RTLIL representation for module `\sky130_fd_sc_hd__lpflow_clkinvkapwr_1'.
Generating RTLIL representation for module `\sky130_fd_sc_hd__lpflow_clkinvkapwr_16'.
Generating RTLIL representation for module `\sky130_fd_sc_hd__lpflow_clkinvkapwr_2'.
Generating RTLIL representation for module `\sky130_fd_sc_hd__lpflow_clkinvkapwr_4'.
Generating RTLIL representation for module `\sky130_fd_sc_hd__lpflow_clkinvkapwr_8'.
Generating RTLIL representation for module `\sky130_fd_sc_hd__lpflow_decapkapwr_12'.
Generating RTLIL representation for module `\sky130_fd_sc_hd__lpflow_decapkapwr_3'.
Generating RTLIL representation for module `\sky130_fd_sc_hd__lpflow_decapkapwr_4'.
Generating RTLIL representation for module `\sky130_fd_sc_hd__lpflow_decapkapwr_6'.
Generating RTLIL representation for module `\sky130_fd_sc_hd__lpflow_decapkapwr_8'.
Generating RTLIL representation for module `\sky130_fd_sc_hd__lpflow_inputiso0n_1'.
Generating RTLIL representation for module `\sky130_fd_sc_hd__lpflow_inputiso0p_1'.
Generating RTLIL representation for module `\sky130_fd_sc_hd__lpflow_inputiso1n_1'.
Generating RTLIL representation for module `\sky130_fd_sc_hd__lpflow_inputiso1p_1'.
Generating RTLIL representation for module `\sky130_fd_sc_hd__lpflow_inputisolatch_1'.
Generating RTLIL representation for module `\sky130_fd_sc_hd__lpflow_isobufsrc_1'.
Generating RTLIL representation for module `\sky130_fd_sc_hd__lpflow_isobufsrc_16'.
Generating RTLIL representation for module `\sky130_fd_sc_hd__lpflow_isobufsrc_2'.
Generating RTLIL representation for module `\sky130_fd_sc_hd__lpflow_isobufsrc_4'.
Generating RTLIL representation for module `\sky130_fd_sc_hd__lpflow_isobufsrc_8'.
Generating RTLIL representation for module `\sky130_fd_sc_hd__lpflow_isobufsrckapwr_16'.
Generating RTLIL representation for module `\sky130_fd_sc_hd__lpflow_lsbuf_lh_hl_isowell_tap_1'.
Generating RTLIL representation for module `\sky130_fd_sc_hd__lpflow_lsbuf_lh_hl_isowell_tap_2'.
Generating RTLIL representation for module `\sky130_fd_sc_hd__lpflow_lsbuf_lh_hl_isowell_tap_4'.
Generating RTLIL representation for module `\sky130_fd_sc_hd__lpflow_lsbuf_lh_isowell_4'.
Generating RTLIL representation for module `\sky130_fd_sc_hd__lpflow_lsbuf_lh_isowell_tap_1'.
Generating RTLIL representation for module `\sky130_fd_sc_hd__lpflow_lsbuf_lh_isowell_tap_2'.
Generating RTLIL representation for module `\sky130_fd_sc_hd__lpflow_lsbuf_lh_isowell_tap_4'.
Generating RTLIL representation for module `\sky130_fd_sc_hd__macro_sparecell'.
Generating RTLIL representation for module `\sky130_fd_sc_hd__maj3_1'.
Generating RTLIL representation for module `\sky130_fd_sc_hd__maj3_2'.
Generating RTLIL representation for module `\sky130_fd_sc_hd__maj3_4'.
Generating RTLIL representation for module `\sky130_fd_sc_hd__mux2_1'.
Generating RTLIL representation for module `\sky130_fd_sc_hd__mux2_2'.
Generating RTLIL representation for module `\sky130_fd_sc_hd__mux2_4'.
Generating RTLIL representation for module `\sky130_fd_sc_hd__mux2_8'.
Generating RTLIL representation for module `\sky130_fd_sc_hd__mux2i_1'.
Generating RTLIL representation for module `\sky130_fd_sc_hd__mux2i_2'.
Generating RTLIL representation for module `\sky130_fd_sc_hd__mux2i_4'.
Generating RTLIL representation for module `\sky130_fd_sc_hd__mux4_1'.
Generating RTLIL representation for module `\sky130_fd_sc_hd__mux4_2'.
Generating RTLIL representation for module `\sky130_fd_sc_hd__mux4_4'.
Generating RTLIL representation for module `\sky130_fd_sc_hd__nand2_1'.
Generating RTLIL representation for module `\sky130_fd_sc_hd__nand2_2'.
Generating RTLIL representation for module `\sky130_fd_sc_hd__nand2_4'.
Generating RTLIL representation for module `\sky130_fd_sc_hd__nand2_8'.
Generating RTLIL representation for module `\sky130_fd_sc_hd__nand2b_1'.
Generating RTLIL representation for module `\sky130_fd_sc_hd__nand2b_2'.
Generating RTLIL representation for module `\sky130_fd_sc_hd__nand2b_4'.
Generating RTLIL representation for module `\sky130_fd_sc_hd__nand3_1'.
Generating RTLIL representation for module `\sky130_fd_sc_hd__nand3_2'.
Generating RTLIL representation for module `\sky130_fd_sc_hd__nand3_4'.
Generating RTLIL representation for module `\sky130_fd_sc_hd__nand3b_1'.
Generating RTLIL representation for module `\sky130_fd_sc_hd__nand3b_2'.
Generating RTLIL representation for module `\sky130_fd_sc_hd__nand3b_4'.
Generating RTLIL representation for module `\sky130_fd_sc_hd__nand4_1'.
Generating RTLIL representation for module `\sky130_fd_sc_hd__nand4_2'.
Generating RTLIL representation for module `\sky130_fd_sc_hd__nand4_4'.
Generating RTLIL representation for module `\sky130_fd_sc_hd__nand4b_1'.
Generating RTLIL representation for module `\sky130_fd_sc_hd__nand4b_2'.
Generating RTLIL representation for module `\sky130_fd_sc_hd__nand4b_4'.
Generating RTLIL representation for module `\sky130_fd_sc_hd__nand4bb_1'.
Generating RTLIL representation for module `\sky130_fd_sc_hd__nand4bb_2'.
Generating RTLIL representation for module `\sky130_fd_sc_hd__nand4bb_4'.
Generating RTLIL representation for module `\sky130_fd_sc_hd__nor2_1'.
Generating RTLIL representation for module `\sky130_fd_sc_hd__nor2_2'.
Generating RTLIL representation for module `\sky130_fd_sc_hd__nor2_4'.
Generating RTLIL representation for module `\sky130_fd_sc_hd__nor2_8'.
Generating RTLIL representation for module `\sky130_fd_sc_hd__nor2b_1'.
Generating RTLIL representation for module `\sky130_fd_sc_hd__nor2b_2'.
Generating RTLIL representation for module `\sky130_fd_sc_hd__nor2b_4'.
Generating RTLIL representation for module `\sky130_fd_sc_hd__nor3_1'.
Generating RTLIL representation for module `\sky130_fd_sc_hd__nor3_2'.
Generating RTLIL representation for module `\sky130_fd_sc_hd__nor3_4'.
Generating RTLIL representation for module `\sky130_fd_sc_hd__nor3b_1'.
Generating RTLIL representation for module `\sky130_fd_sc_hd__nor3b_2'.
Generating RTLIL representation for module `\sky130_fd_sc_hd__nor3b_4'.
Generating RTLIL representation for module `\sky130_fd_sc_hd__nor4_1'.
Generating RTLIL representation for module `\sky130_fd_sc_hd__nor4_2'.
Generating RTLIL representation for module `\sky130_fd_sc_hd__nor4_4'.
Generating RTLIL representation for module `\sky130_fd_sc_hd__nor4b_1'.
Generating RTLIL representation for module `\sky130_fd_sc_hd__nor4b_2'.
Generating RTLIL representation for module `\sky130_fd_sc_hd__nor4b_4'.
Generating RTLIL representation for module `\sky130_fd_sc_hd__nor4bb_1'.
Generating RTLIL representation for module `\sky130_fd_sc_hd__nor4bb_2'.
Generating RTLIL representation for module `\sky130_fd_sc_hd__nor4bb_4'.
Generating RTLIL representation for module `\sky130_fd_sc_hd__o2111a_1'.
Generating RTLIL representation for module `\sky130_fd_sc_hd__o2111a_2'.
Generating RTLIL representation for module `\sky130_fd_sc_hd__o2111a_4'.
Generating RTLIL representation for module `\sky130_fd_sc_hd__o2111ai_1'.
Generating RTLIL representation for module `\sky130_fd_sc_hd__o2111ai_2'.
Generating RTLIL representation for module `\sky130_fd_sc_hd__o2111ai_4'.
Generating RTLIL representation for module `\sky130_fd_sc_hd__o211a_1'.
Generating RTLIL representation for module `\sky130_fd_sc_hd__o211a_2'.
Generating RTLIL representation for module `\sky130_fd_sc_hd__o211a_4'.
Generating RTLIL representation for module `\sky130_fd_sc_hd__o211ai_1'.
Generating RTLIL representation for module `\sky130_fd_sc_hd__o211ai_2'.
Generating RTLIL representation for module `\sky130_fd_sc_hd__o211ai_4'.
Generating RTLIL representation for module `\sky130_fd_sc_hd__o21a_1'.
Generating RTLIL representation for module `\sky130_fd_sc_hd__o21a_2'.
Generating RTLIL representation for module `\sky130_fd_sc_hd__o21a_4'.
Generating RTLIL representation for module `\sky130_fd_sc_hd__o21ai_0'.
Generating RTLIL representation for module `\sky130_fd_sc_hd__o21ai_1'.
Generating RTLIL representation for module `\sky130_fd_sc_hd__o21ai_2'.
Generating RTLIL representation for module `\sky130_fd_sc_hd__o21ai_4'.
Generating RTLIL representation for module `\sky130_fd_sc_hd__o21ba_1'.
Generating RTLIL representation for module `\sky130_fd_sc_hd__o21ba_2'.
Generating RTLIL representation for module `\sky130_fd_sc_hd__o21ba_4'.
Generating RTLIL representation for module `\sky130_fd_sc_hd__o21bai_1'.
Generating RTLIL representation for module `\sky130_fd_sc_hd__o21bai_2'.
Generating RTLIL representation for module `\sky130_fd_sc_hd__o21bai_4'.
Generating RTLIL representation for module `\sky130_fd_sc_hd__o221a_1'.
Generating RTLIL representation for module `\sky130_fd_sc_hd__o221a_2'.
Generating RTLIL representation for module `\sky130_fd_sc_hd__o221a_4'.
Generating RTLIL representation for module `\sky130_fd_sc_hd__o221ai_1'.
Generating RTLIL representation for module `\sky130_fd_sc_hd__o221ai_2'.
Generating RTLIL representation for module `\sky130_fd_sc_hd__o221ai_4'.
Generating RTLIL representation for module `\sky130_fd_sc_hd__o22a_1'.
Generating RTLIL representation for module `\sky130_fd_sc_hd__o22a_2'.
Generating RTLIL representation for module `\sky130_fd_sc_hd__o22a_4'.
Generating RTLIL representation for module `\sky130_fd_sc_hd__o22ai_1'.
Generating RTLIL representation for module `\sky130_fd_sc_hd__o22ai_2'.
Generating RTLIL representation for module `\sky130_fd_sc_hd__o22ai_4'.
Generating RTLIL representation for module `\sky130_fd_sc_hd__o2bb2a_1'.
Generating RTLIL representation for module `\sky130_fd_sc_hd__o2bb2a_2'.
Generating RTLIL representation for module `\sky130_fd_sc_hd__o2bb2a_4'.
Generating RTLIL representation for module `\sky130_fd_sc_hd__o2bb2ai_1'.
Generating RTLIL representation for module `\sky130_fd_sc_hd__o2bb2ai_2'.
Generating RTLIL representation for module `\sky130_fd_sc_hd__o2bb2ai_4'.
Generating RTLIL representation for module `\sky130_fd_sc_hd__o311a_1'.
Generating RTLIL representation for module `\sky130_fd_sc_hd__o311a_2'.
Generating RTLIL representation for module `\sky130_fd_sc_hd__o311a_4'.
Generating RTLIL representation for module `\sky130_fd_sc_hd__o311ai_0'.
Generating RTLIL representation for module `\sky130_fd_sc_hd__o311ai_1'.
Generating RTLIL representation for module `\sky130_fd_sc_hd__o311ai_2'.
Generating RTLIL representation for module `\sky130_fd_sc_hd__o311ai_4'.
Generating RTLIL representation for module `\sky130_fd_sc_hd__o31a_1'.
Generating RTLIL representation for module `\sky130_fd_sc_hd__o31a_2'.
Generating RTLIL representation for module `\sky130_fd_sc_hd__o31a_4'.
Generating RTLIL representation for module `\sky130_fd_sc_hd__o31ai_1'.
Generating RTLIL representation for module `\sky130_fd_sc_hd__o31ai_2'.
Generating RTLIL representation for module `\sky130_fd_sc_hd__o31ai_4'.
Generating RTLIL representation for module `\sky130_fd_sc_hd__o32a_1'.
Generating RTLIL representation for module `\sky130_fd_sc_hd__o32a_2'.
Generating RTLIL representation for module `\sky130_fd_sc_hd__o32a_4'.
Generating RTLIL representation for module `\sky130_fd_sc_hd__o32ai_1'.
Generating RTLIL representation for module `\sky130_fd_sc_hd__o32ai_2'.
Generating RTLIL representation for module `\sky130_fd_sc_hd__o32ai_4'.
Generating RTLIL representation for module `\sky130_fd_sc_hd__o41a_1'.
Generating RTLIL representation for module `\sky130_fd_sc_hd__o41a_2'.
Generating RTLIL representation for module `\sky130_fd_sc_hd__o41a_4'.
Generating RTLIL representation for module `\sky130_fd_sc_hd__o41ai_1'.
Generating RTLIL representation for module `\sky130_fd_sc_hd__o41ai_2'.
Generating RTLIL representation for module `\sky130_fd_sc_hd__o41ai_4'.
Generating RTLIL representation for module `\sky130_fd_sc_hd__or2_0'.
Generating RTLIL representation for module `\sky130_fd_sc_hd__or2_1'.
Generating RTLIL representation for module `\sky130_fd_sc_hd__or2_2'.
Generating RTLIL representation for module `\sky130_fd_sc_hd__or2_4'.
Generating RTLIL representation for module `\sky130_fd_sc_hd__or2b_1'.
Generating RTLIL representation for module `\sky130_fd_sc_hd__or2b_2'.
Generating RTLIL representation for module `\sky130_fd_sc_hd__or2b_4'.
Generating RTLIL representation for module `\sky130_fd_sc_hd__or3_1'.
Generating RTLIL representation for module `\sky130_fd_sc_hd__or3_2'.
Generating RTLIL representation for module `\sky130_fd_sc_hd__or3_4'.
Generating RTLIL representation for module `\sky130_fd_sc_hd__or3b_1'.
Generating RTLIL representation for module `\sky130_fd_sc_hd__or3b_2'.
Generating RTLIL representation for module `\sky130_fd_sc_hd__or3b_4'.
Generating RTLIL representation for module `\sky130_fd_sc_hd__or4_1'.
Generating RTLIL representation for module `\sky130_fd_sc_hd__or4_2'.
Generating RTLIL representation for module `\sky130_fd_sc_hd__or4_4'.
Generating RTLIL representation for module `\sky130_fd_sc_hd__or4b_1'.
Generating RTLIL representation for module `\sky130_fd_sc_hd__or4b_2'.
Generating RTLIL representation for module `\sky130_fd_sc_hd__or4b_4'.
Generating RTLIL representation for module `\sky130_fd_sc_hd__or4bb_1'.
Generating RTLIL representation for module `\sky130_fd_sc_hd__or4bb_2'.
Generating RTLIL representation for module `\sky130_fd_sc_hd__or4bb_4'.
Generating RTLIL representation for module `\sky130_fd_sc_hd__probe_p_8'.
Generating RTLIL representation for module `\sky130_fd_sc_hd__probec_p_8'.
Generating RTLIL representation for module `\sky130_fd_sc_hd__sdfbbn_1'.
Generating RTLIL representation for module `\sky130_fd_sc_hd__sdfbbn_2'.
Generating RTLIL representation for module `\sky130_fd_sc_hd__sdfbbp_1'.
Generating RTLIL representation for module `\sky130_fd_sc_hd__sdfrbp_1'.
Generating RTLIL representation for module `\sky130_fd_sc_hd__sdfrbp_2'.
Generating RTLIL representation for module `\sky130_fd_sc_hd__sdfrtn_1'.
Generating RTLIL representation for module `\sky130_fd_sc_hd__sdfrtp_1'.
Generating RTLIL representation for module `\sky130_fd_sc_hd__sdfrtp_2'.
Generating RTLIL representation for module `\sky130_fd_sc_hd__sdfrtp_4'.
Generating RTLIL representation for module `\sky130_fd_sc_hd__sdfsbp_1'.
Generating RTLIL representation for module `\sky130_fd_sc_hd__sdfsbp_2'.
Generating RTLIL representation for module `\sky130_fd_sc_hd__sdfstp_1'.
Generating RTLIL representation for module `\sky130_fd_sc_hd__sdfstp_2'.
Generating RTLIL representation for module `\sky130_fd_sc_hd__sdfstp_4'.
Generating RTLIL representation for module `\sky130_fd_sc_hd__sdfxbp_1'.
Generating RTLIL representation for module `\sky130_fd_sc_hd__sdfxbp_2'.
Generating RTLIL representation for module `\sky130_fd_sc_hd__sdfxtp_1'.
Generating RTLIL representation for module `\sky130_fd_sc_hd__sdfxtp_2'.
Generating RTLIL representation for module `\sky130_fd_sc_hd__sdfxtp_4'.
Generating RTLIL representation for module `\sky130_fd_sc_hd__sdlclkp_1'.
Generating RTLIL representation for module `\sky130_fd_sc_hd__sdlclkp_2'.
Generating RTLIL representation for module `\sky130_fd_sc_hd__sdlclkp_4'.
Generating RTLIL representation for module `\sky130_fd_sc_hd__sedfxbp_1'.
Generating RTLIL representation for module `\sky130_fd_sc_hd__sedfxbp_2'.
Generating RTLIL representation for module `\sky130_fd_sc_hd__sedfxtp_1'.
Generating RTLIL representation for module `\sky130_fd_sc_hd__sedfxtp_2'.
Generating RTLIL representation for module `\sky130_fd_sc_hd__sedfxtp_4'.
Generating RTLIL representation for module `\sky130_fd_sc_hd__tap_1'.
Generating RTLIL representation for module `\sky130_fd_sc_hd__tap_2'.
Generating RTLIL representation for module `\sky130_fd_sc_hd__tapvgnd2_1'.
Generating RTLIL representation for module `\sky130_fd_sc_hd__tapvgnd_1'.
Generating RTLIL representation for module `\sky130_fd_sc_hd__tapvpwrvgnd_1'.
Generating RTLIL representation for module `\sky130_fd_sc_hd__xnor2_1'.
Generating RTLIL representation for module `\sky130_fd_sc_hd__xnor2_2'.
Generating RTLIL representation for module `\sky130_fd_sc_hd__xnor2_4'.
Generating RTLIL representation for module `\sky130_fd_sc_hd__xnor3_1'.
Generating RTLIL representation for module `\sky130_fd_sc_hd__xnor3_2'.
Generating RTLIL representation for module `\sky130_fd_sc_hd__xnor3_4'.
Generating RTLIL representation for module `\sky130_fd_sc_hd__xor2_1'.
Generating RTLIL representation for module `\sky130_fd_sc_hd__xor2_2'.
Generating RTLIL representation for module `\sky130_fd_sc_hd__xor2_4'.
Generating RTLIL representation for module `\sky130_fd_sc_hd__xor3_1'.
Generating RTLIL representation for module `\sky130_fd_sc_hd__xor3_2'.
Generating RTLIL representation for module `\sky130_fd_sc_hd__xor3_4'.
Successfully finished Verilog frontend.

2. Executing Verilog-2005 frontend: /home/systemuser/Documents/ECE/510/Project/m3/rtl/top.sv
Parsing SystemVerilog input from `/home/systemuser/Documents/ECE/510/Project/m3/rtl/top.sv' to AST representation.
Storing AST representation for module `$abstract\gelu_top'.
Successfully finished Verilog frontend.

3. Executing Verilog-2005 frontend: /home/systemuser/Documents/ECE/510/Project/m3/rtl/interface.sv
Parsing SystemVerilog input from `/home/systemuser/Documents/ECE/510/Project/m3/rtl/interface.sv' to AST representation.
Storing AST representation for module `$abstract\gelu_axi_stream_interface'.
Successfully finished Verilog frontend.

4. Executing Verilog-2005 frontend: /home/systemuser/Documents/ECE/510/Project/m3/rtl/gelu_fp32.sv
Parsing SystemVerilog input from `/home/systemuser/Documents/ECE/510/Project/m3/rtl/gelu_fp32.sv' to AST representation.
Storing AST representation for module `$abstract\gelu_fp32'.
Successfully finished Verilog frontend.

5. Executing Verilog-2005 frontend: /home/systemuser/Documents/ECE/510/Project/m3/rtl/compute_core.sv
Parsing SystemVerilog input from `/home/systemuser/Documents/ECE/510/Project/m3/rtl/compute_core.sv' to AST representation.
Storing AST representation for module `$abstract\compute_core'.
Successfully finished Verilog frontend.

6. Executing Verilog-2005 frontend: /home/systemuser/Documents/ECE/510/Project/m3/rtl/fp32_to_q16.sv
Parsing SystemVerilog input from `/home/systemuser/Documents/ECE/510/Project/m3/rtl/fp32_to_q16.sv' to AST representation.
Storing AST representation for module `$abstract\fp32_to_q16'.
Successfully finished Verilog frontend.

7. Executing Verilog-2005 frontend: /home/systemuser/Documents/ECE/510/Project/m3/rtl/q16_to_fp32.sv
Parsing SystemVerilog input from `/home/systemuser/Documents/ECE/510/Project/m3/rtl/q16_to_fp32.sv' to AST representation.
Storing AST representation for module `$abstract\q16_to_fp32'.
Successfully finished Verilog frontend.

8. Executing HIERARCHY pass (managing design hierarchy).

9. Executing AST frontend in derive mode using pre-parsed AST for module `\gelu_top'.
Generating RTLIL representation for module `\gelu_top'.

9.1. Analyzing design hierarchy..
Top module:  \gelu_top
Parameter \DATA_WIDTH = 32
Parameter \USER_WIDTH = 1
Parameter \PIPE_DEPTH = 12
Parameter \FIFO_DEPTH = 16

9.2. Executing AST frontend in derive mode using pre-parsed AST for module `\gelu_axi_stream_interface'.
Parameter \DATA_WIDTH = 32
Parameter \USER_WIDTH = 1
Parameter \PIPE_DEPTH = 12
Parameter \FIFO_DEPTH = 16
Generating RTLIL representation for module `$paramod$f23224905eab85962561c710162bfc77f9c3bd30\gelu_axi_stream_interface'.
Warning: Replacing memory \meta_tuser_pipe with list of registers. See /home/systemuser/Documents/ECE/510/Project/m3/rtl/interface.sv:220

9.3. Analyzing design hierarchy..
Top module:  \gelu_top
Used module:     $paramod$f23224905eab85962561c710162bfc77f9c3bd30\gelu_axi_stream_interface

9.4. Executing AST frontend in derive mode using pre-parsed AST for module `\gelu_fp32'.
Generating RTLIL representation for module `\gelu_fp32'.

9.5. Analyzing design hierarchy..
Top module:  \gelu_top
Used module:     $paramod$f23224905eab85962561c710162bfc77f9c3bd30\gelu_axi_stream_interface
Used module:         \gelu_fp32

9.6. Executing AST frontend in derive mode using pre-parsed AST for module `\q16_to_fp32'.
Generating RTLIL representation for module `\q16_to_fp32'.
Parameter \DATA_WIDTH = 32
Parameter \FRAC_BITS = 16
Parameter \PIPE_DEPTH = 4

9.7. Executing AST frontend in derive mode using pre-parsed AST for module `\compute_core'.
Parameter \DATA_WIDTH = 32
Parameter \FRAC_BITS = 16
Parameter \PIPE_DEPTH = 4
Generating RTLIL representation for module `$paramod$f24af84939c09afd46b8f862bcb8298dce9e3aca\compute_core'.

9.8. Executing AST frontend in derive mode using pre-parsed AST for module `\fp32_to_q16'.
Generating RTLIL representation for module `\fp32_to_q16'.

9.9. Analyzing design hierarchy..
Top module:  \gelu_top
Used module:     $paramod$f23224905eab85962561c710162bfc77f9c3bd30\gelu_axi_stream_interface
Used module:         \gelu_fp32
Used module:             \q16_to_fp32
Used module:             $paramod$f24af84939c09afd46b8f862bcb8298dce9e3aca\compute_core
Used module:             \fp32_to_q16

9.10. Analyzing design hierarchy..
Top module:  \gelu_top
Used module:     $paramod$f23224905eab85962561c710162bfc77f9c3bd30\gelu_axi_stream_interface
Used module:         \gelu_fp32
Used module:             \q16_to_fp32
Used module:             $paramod$f24af84939c09afd46b8f862bcb8298dce9e3aca\compute_core
Used module:             \fp32_to_q16
Removing unused module `$abstract\q16_to_fp32'.
Removing unused module `$abstract\fp32_to_q16'.
Removing unused module `$abstract\compute_core'.
Removing unused module `$abstract\gelu_fp32'.
Removing unused module `$abstract\gelu_axi_stream_interface'.
Removing unused module `$abstract\gelu_top'.
Removed 6 unused modules.
Renaming module gelu_top to gelu_top.

10. Executing PROC pass (convert processes to netlists).

10.1. Executing PROC_CLEAN pass (remove empty switches from decision trees).
Cleaned up 0 empty switches.

10.2. Executing PROC_RMDEAD pass (remove dead branches from decision trees).
Marked 3 switch rules as full_case in process $proc$/home/systemuser/Documents/ECE/510/Project/m3/rtl/compute_core.sv:155$214 in module $paramod$f24af84939c09afd46b8f862bcb8298dce9e3aca\compute_core.
Marked 1 switch rules as full_case in process $proc$/home/systemuser/Documents/ECE/510/Project/m3/rtl/compute_core.sv:137$210 in module $paramod$f24af84939c09afd46b8f862bcb8298dce9e3aca\compute_core.
Marked 1 switch rules as full_case in process $proc$/home/systemuser/Documents/ECE/510/Project/m3/rtl/compute_core.sv:129$209 in module $paramod$f24af84939c09afd46b8f862bcb8298dce9e3aca\compute_core.
Marked 3 switch rules as full_case in process $proc$/home/systemuser/Documents/ECE/510/Project/m3/rtl/q16_to_fp32.sv:147$147 in module q16_to_fp32.
Marked 1 switch rules as full_case in process $proc$/home/systemuser/Documents/ECE/510/Project/m3/rtl/q16_to_fp32.sv:118$141 in module q16_to_fp32.
Marked 11 switch rules as full_case in process $proc$/home/systemuser/Documents/ECE/510/Project/m3/rtl/q16_to_fp32.sv:93$86 in module q16_to_fp32.
Marked 1 switch rules as full_case in process $proc$/home/systemuser/Documents/ECE/510/Project/m3/rtl/q16_to_fp32.sv:70$81 in module q16_to_fp32.
Marked 4 switch rules as full_case in process $proc$/home/systemuser/Documents/ECE/510/Project/m3/rtl/interface.sv:244$45 in module $paramod$f23224905eab85962561c710162bfc77f9c3bd30\gelu_axi_stream_interface.
Marked 1 switch rules as full_case in process $proc$/home/systemuser/Documents/ECE/510/Project/m3/rtl/interface.sv:216$34 in module $paramod$f23224905eab85962561c710162bfc77f9c3bd30\gelu_axi_stream_interface.
Marked 3 switch rules as full_case in process $proc$/home/systemuser/Documents/ECE/510/Project/m3/rtl/interface.sv:153$20 in module $paramod$f23224905eab85962561c710162bfc77f9c3bd30\gelu_axi_stream_interface.
Marked 3 switch rules as full_case in process $proc$/home/systemuser/Documents/ECE/510/Project/m3/rtl/interface.sv:120$8 in module $paramod$f23224905eab85962561c710162bfc77f9c3bd30\gelu_axi_stream_interface.
Marked 3 switch rules as full_case in process $proc$/home/systemuser/Documents/ECE/510/Project/m3/rtl/fp32_to_q16.sv:159$240 in module fp32_to_q16.
Marked 1 switch rules as full_case in process $proc$/home/systemuser/Documents/ECE/510/Project/m3/rtl/fp32_to_q16.sv:120$231 in module fp32_to_q16.
Marked 2 switch rules as full_case in process $proc$/home/systemuser/Documents/ECE/510/Project/m3/rtl/fp32_to_q16.sv:81$220 in module fp32_to_q16.
Marked 1 switch rules as full_case in process $proc$/home/systemuser/Documents/ECE/510/Project/m3/rtl/fp32_to_q16.sv:53$218 in module fp32_to_q16.
Removed a total of 0 dead cases.

10.3. Executing PROC_PRUNE pass (remove redundant assignments in processes).
Removed 43 redundant assignments.
Promoted 49 assignments to connections.

10.4. Executing PROC_INIT pass (extract init attributes).

10.5. Executing PROC_ARST pass (detect async resets in processes).

10.6. Executing PROC_ROM pass (convert switches to ROMs).
Converted 0 switches.
<suppressed ~44 debug messages>

10.7. Executing PROC_MUX pass (convert decision trees to multiplexers).
Creating decoders for process `$paramod$f24af84939c09afd46b8f862bcb8298dce9e3aca\compute_core.$proc$/home/systemuser/Documents/ECE/510/Project/m3/rtl/compute_core.sv:155$214'.
     1/2: $0\out[31:0]
     2/2: $0\valid_out[0:0]
Creating decoders for process `$paramod$f24af84939c09afd46b8f862bcb8298dce9e3aca\compute_core.$proc$/home/systemuser/Documents/ECE/510/Project/m3/rtl/compute_core.sv:137$210'.
     1/2: $0\s3_b[31:0]
     2/2: $0\s3_mult[63:0]
Creating decoders for process `$paramod$f24af84939c09afd46b8f862bcb8298dce9e3aca\compute_core.$proc$/home/systemuser/Documents/ECE/510/Project/m3/rtl/compute_core.sv:129$209'.
     1/1: $0\v_pipe[2:0]
Creating decoders for process `$paramod$f24af84939c09afd46b8f862bcb8298dce9e3aca\compute_core.$proc$/home/systemuser/Documents/ECE/510/Project/m3/rtl/compute_core.sv:118$207'.
Creating decoders for process `$paramod$f24af84939c09afd46b8f862bcb8298dce9e3aca\compute_core.$proc$/home/systemuser/Documents/ECE/510/Project/m3/rtl/compute_core.sv:0$206'.
     1/3: $1\comb_t[31:0]
     2/3: $1\comb_b[31:0]
     3/3: $1\comb_m[31:0]
Creating decoders for process `$paramod$f24af84939c09afd46b8f862bcb8298dce9e3aca\compute_core.$proc$/home/systemuser/Documents/ECE/510/Project/m3/rtl/compute_core.sv:57$149'.
Creating decoders for process `\q16_to_fp32.$proc$/home/systemuser/Documents/ECE/510/Project/m3/rtl/q16_to_fp32.sv:147$147'.
     1/2: $0\data_out[31:0]
     2/2: $0\valid_out[0:0]
Creating decoders for process `\q16_to_fp32.$proc$/home/systemuser/Documents/ECE/510/Project/m3/rtl/q16_to_fp32.sv:118$141'.
     1/5: $0\s3_is_zero[0:0]
     2/5: $0\s3_valid[0:0]
     3/5: $0\s3_norm_mag[31:0]
     4/5: $0\s3_exp[7:0]
     5/5: $0\s3_sign[0:0]
Creating decoders for process `\q16_to_fp32.$proc$/home/systemuser/Documents/ECE/510/Project/m3/rtl/q16_to_fp32.sv:93$86'.
     1/40: $6\clz32$func$/home/systemuser/Documents/ECE/510/Project/m3/rtl/q16_to_fp32.sv:107$80.r[0:0]$138
     2/40: $5\clz32$func$/home/systemuser/Documents/ECE/510/Project/m3/rtl/q16_to_fp32.sv:107$80.v[31:0]$134
     3/40: $5\clz32$func$/home/systemuser/Documents/ECE/510/Project/m3/rtl/q16_to_fp32.sv:107$80.r[1:1]$135
     4/40: $4\clz32$func$/home/systemuser/Documents/ECE/510/Project/m3/rtl/q16_to_fp32.sv:107$80.v[31:0]$130
     5/40: $4\clz32$func$/home/systemuser/Documents/ECE/510/Project/m3/rtl/q16_to_fp32.sv:107$80.r[2:2]$131
     6/40: $3\clz32$func$/home/systemuser/Documents/ECE/510/Project/m3/rtl/q16_to_fp32.sv:107$80.v[31:0]$126
     7/40: $3\clz32$func$/home/systemuser/Documents/ECE/510/Project/m3/rtl/q16_to_fp32.sv:107$80.r[3:3]$127
     8/40: $2\clz32$func$/home/systemuser/Documents/ECE/510/Project/m3/rtl/q16_to_fp32.sv:107$80.v[31:0]$122
     9/40: $2\clz32$func$/home/systemuser/Documents/ECE/510/Project/m3/rtl/q16_to_fp32.sv:107$80.r[4:4]$123
    10/40: $6\clz32$func$/home/systemuser/Documents/ECE/510/Project/m3/rtl/q16_to_fp32.sv:102$79.r[0:0]$120
    11/40: $5\clz32$func$/home/systemuser/Documents/ECE/510/Project/m3/rtl/q16_to_fp32.sv:102$79.v[31:0]$116
    12/40: $5\clz32$func$/home/systemuser/Documents/ECE/510/Project/m3/rtl/q16_to_fp32.sv:102$79.r[1:1]$117
    13/40: $4\clz32$func$/home/systemuser/Documents/ECE/510/Project/m3/rtl/q16_to_fp32.sv:102$79.v[31:0]$112
    14/40: $4\clz32$func$/home/systemuser/Documents/ECE/510/Project/m3/rtl/q16_to_fp32.sv:102$79.r[2:2]$113
    15/40: $3\clz32$func$/home/systemuser/Documents/ECE/510/Project/m3/rtl/q16_to_fp32.sv:102$79.v[31:0]$108
    16/40: $3\clz32$func$/home/systemuser/Documents/ECE/510/Project/m3/rtl/q16_to_fp32.sv:102$79.r[3:3]$109
    17/40: $2\clz32$func$/home/systemuser/Documents/ECE/510/Project/m3/rtl/q16_to_fp32.sv:102$79.v[31:0]$104
    18/40: $2\clz32$func$/home/systemuser/Documents/ECE/510/Project/m3/rtl/q16_to_fp32.sv:102$79.r[4:4]$105
    19/40: $1\clz32$func$/home/systemuser/Documents/ECE/510/Project/m3/rtl/q16_to_fp32.sv:107$80.r[4:0]$102 [1]
    20/40: $1\clz32$func$/home/systemuser/Documents/ECE/510/Project/m3/rtl/q16_to_fp32.sv:107$80.r[4:0]$102 [0]
    21/40: $1\clz32$func$/home/systemuser/Documents/ECE/510/Project/m3/rtl/q16_to_fp32.sv:107$80.r[4:0]$102 [2]
    22/40: $1\clz32$func$/home/systemuser/Documents/ECE/510/Project/m3/rtl/q16_to_fp32.sv:107$80.r[4:0]$102 [3]
    23/40: $1\clz32$func$/home/systemuser/Documents/ECE/510/Project/m3/rtl/q16_to_fp32.sv:107$80.r[4:0]$102 [4]
    24/40: $1\clz32$func$/home/systemuser/Documents/ECE/510/Project/m3/rtl/q16_to_fp32.sv:102$79.r[4:0]$98 [0]
    25/40: $1\clz32$func$/home/systemuser/Documents/ECE/510/Project/m3/rtl/q16_to_fp32.sv:102$79.r[4:0]$98 [2]
    26/40: $1\clz32$func$/home/systemuser/Documents/ECE/510/Project/m3/rtl/q16_to_fp32.sv:102$79.r[4:0]$98 [3]
    27/40: $1\clz32$func$/home/systemuser/Documents/ECE/510/Project/m3/rtl/q16_to_fp32.sv:102$79.r[4:0]$98 [4]
    28/40: $0\s2_valid[0:0]
    29/40: $1\clz32$func$/home/systemuser/Documents/ECE/510/Project/m3/rtl/q16_to_fp32.sv:102$79.r[4:0]$98 [1]
    30/40: $1\clz32$func$/home/systemuser/Documents/ECE/510/Project/m3/rtl/q16_to_fp32.sv:107$80.v[31:0]$101
    31/40: $1\clz32$func$/home/systemuser/Documents/ECE/510/Project/m3/rtl/q16_to_fp32.sv:107$80.val[31:0]$100
    32/40: $1\clz32$func$/home/systemuser/Documents/ECE/510/Project/m3/rtl/q16_to_fp32.sv:107$80.$result[4:0]$99
    33/40: $0\s2_is_zero[0:0]
    34/40: $1\clz32$func$/home/systemuser/Documents/ECE/510/Project/m3/rtl/q16_to_fp32.sv:102$79.v[31:0]$97
    35/40: $1\clz32$func$/home/systemuser/Documents/ECE/510/Project/m3/rtl/q16_to_fp32.sv:102$79.val[31:0]$96
    36/40: $1\clz32$func$/home/systemuser/Documents/ECE/510/Project/m3/rtl/q16_to_fp32.sv:102$79.$result[4:0]$95
    37/40: $0\s2_exp[7:0]
    38/40: $0\s2_clz[4:0]
    39/40: $0\s2_mag[31:0]
    40/40: $0\s2_sign[0:0]
Creating decoders for process `\q16_to_fp32.$proc$/home/systemuser/Documents/ECE/510/Project/m3/rtl/q16_to_fp32.sv:70$81'.
     1/4: $0\s1_is_zero[0:0]
     2/4: $0\s1_mag[31:0]
     3/4: $0\s1_sign[0:0]
     4/4: $0\s1_valid[0:0]
Creating decoders for process `$paramod$f23224905eab85962561c710162bfc77f9c3bd30\gelu_axi_stream_interface.$proc$/home/systemuser/Documents/ECE/510/Project/m3/rtl/interface.sv:244$45'.
     1/22: $2$memwr$\fifo_tuser$/home/systemuser/Documents/ECE/510/Project/m3/rtl/interface.sv:254$7_EN[0:0]$72
     2/22: $2$memwr$\fifo_tuser$/home/systemuser/Documents/ECE/510/Project/m3/rtl/interface.sv:254$7_DATA[0:0]$71
     3/22: $2$memwr$\fifo_tuser$/home/systemuser/Documents/ECE/510/Project/m3/rtl/interface.sv:254$7_ADDR[3:0]$70
     4/22: $2$memwr$\fifo_tlast$/home/systemuser/Documents/ECE/510/Project/m3/rtl/interface.sv:253$6_EN[0:0]$69
     5/22: $2$memwr$\fifo_tlast$/home/systemuser/Documents/ECE/510/Project/m3/rtl/interface.sv:253$6_DATA[0:0]$68
     6/22: $2$memwr$\fifo_tlast$/home/systemuser/Documents/ECE/510/Project/m3/rtl/interface.sv:253$6_ADDR[3:0]$67
     7/22: $2$memwr$\fifo_data$/home/systemuser/Documents/ECE/510/Project/m3/rtl/interface.sv:252$5_EN[31:0]$66
     8/22: $2$memwr$\fifo_data$/home/systemuser/Documents/ECE/510/Project/m3/rtl/interface.sv:252$5_DATA[31:0]$65
     9/22: $2$memwr$\fifo_data$/home/systemuser/Documents/ECE/510/Project/m3/rtl/interface.sv:252$5_ADDR[3:0]$64
    10/22: $0\in_flight_count[5:0]
    11/22: $0\fifo_count[5:0]
    12/22: $1$memwr$\fifo_tuser$/home/systemuser/Documents/ECE/510/Project/m3/rtl/interface.sv:254$7_EN[0:0]$63
    13/22: $1$memwr$\fifo_tuser$/home/systemuser/Documents/ECE/510/Project/m3/rtl/interface.sv:254$7_DATA[0:0]$62
    14/22: $1$memwr$\fifo_tuser$/home/systemuser/Documents/ECE/510/Project/m3/rtl/interface.sv:254$7_ADDR[3:0]$61
    15/22: $1$memwr$\fifo_tlast$/home/systemuser/Documents/ECE/510/Project/m3/rtl/interface.sv:253$6_EN[0:0]$60
    16/22: $1$memwr$\fifo_tlast$/home/systemuser/Documents/ECE/510/Project/m3/rtl/interface.sv:253$6_DATA[0:0]$59
    17/22: $1$memwr$\fifo_tlast$/home/systemuser/Documents/ECE/510/Project/m3/rtl/interface.sv:253$6_ADDR[3:0]$58
    18/22: $1$memwr$\fifo_data$/home/systemuser/Documents/ECE/510/Project/m3/rtl/interface.sv:252$5_EN[31:0]$57
    19/22: $1$memwr$\fifo_data$/home/systemuser/Documents/ECE/510/Project/m3/rtl/interface.sv:252$5_DATA[31:0]$56
    20/22: $1$memwr$\fifo_data$/home/systemuser/Documents/ECE/510/Project/m3/rtl/interface.sv:252$5_ADDR[3:0]$55
    21/22: $0\fifo_rd_ptr[3:0]
    22/22: $0\fifo_wr_ptr[3:0]
Creating decoders for process `$paramod$f23224905eab85962561c710162bfc77f9c3bd30\gelu_axi_stream_interface.$proc$/home/systemuser/Documents/ECE/510/Project/m3/rtl/interface.sv:216$34'.
     1/15: $1$fordecl_block$1.i[31:0]$37
     2/15: $0\meta_tuser_pipe[11][0:0]
     3/15: $0\meta_tuser_pipe[10][0:0]
     4/15: $0\meta_tuser_pipe[9][0:0]
     5/15: $0\meta_tuser_pipe[8][0:0]
     6/15: $0\meta_tuser_pipe[7][0:0]
     7/15: $0\meta_tuser_pipe[6][0:0]
     8/15: $0\meta_tuser_pipe[5][0:0]
     9/15: $0\meta_tuser_pipe[4][0:0]
    10/15: $0\meta_tuser_pipe[3][0:0]
    11/15: $0\meta_tuser_pipe[2][0:0]
    12/15: $0\meta_tuser_pipe[1][0:0]
    13/15: $0\meta_tuser_pipe[0][0:0]
    14/15: $0\meta_tlast_pipe[11:0]
    15/15: $1$fordecl_block$3.i[31:0]$38
Creating decoders for process `$paramod$f23224905eab85962561c710162bfc77f9c3bd30\gelu_axi_stream_interface.$proc$/home/systemuser/Documents/ECE/510/Project/m3/rtl/interface.sv:153$20'.
     1/4: $0\s_axil_arready[0:0]
     2/4: $0\s_axil_rvalid[0:0]
     3/4: $0\s_axil_rresp[1:0]
     4/4: $0\s_axil_rdata[31:0]
Creating decoders for process `$paramod$f23224905eab85962561c710162bfc77f9c3bd30\gelu_axi_stream_interface.$proc$/home/systemuser/Documents/ECE/510/Project/m3/rtl/interface.sv:120$8'.
     1/5: $0\s_axil_wready[0:0]
     2/5: $0\s_axil_awready[0:0]
     3/5: $0\pipeline_enable[0:0]
     4/5: $0\s_axil_bvalid[0:0]
     5/5: $0\s_axil_bresp[1:0]
Creating decoders for process `\fp32_to_q16.$proc$/home/systemuser/Documents/ECE/510/Project/m3/rtl/fp32_to_q16.sv:159$240'.
     1/2: $0\data_out[31:0]
     2/2: $0\valid_out[0:0]
Creating decoders for process `\fp32_to_q16.$proc$/home/systemuser/Documents/ECE/510/Project/m3/rtl/fp32_to_q16.sv:120$231'.
     1/8: $0\s3_valid[0:0]
     2/8: $1\shift_out[63:0]
     3/8: $1\shift_in[63:0]
     4/8: $0\s3_frac[31:0]
     5/8: $0\s3_mag[31:0]
     6/8: $0\s3_overflow[0:0]
     7/8: $0\s3_is_zero[0:0]
     8/8: $0\s3_sign[0:0]
Creating decoders for process `\fp32_to_q16.$proc$/home/systemuser/Documents/ECE/510/Project/m3/rtl/fp32_to_q16.sv:81$220'.
     1/7: $0\s2_overflow[0:0]
     2/7: $0\s2_valid[0:0]
     3/7: $1\raw_shift[8:0]
     4/7: $0\s2_shift[5:0]
     5/7: $0\s2_norm_mag[31:0]
     6/7: $0\s2_is_zero[0:0]
     7/7: $0\s2_sign[0:0]
Creating decoders for process `\fp32_to_q16.$proc$/home/systemuser/Documents/ECE/510/Project/m3/rtl/fp32_to_q16.sv:53$218'.
     1/5: $0\s1_is_zero[0:0]
     2/5: $0\s1_mant[22:0]
     3/5: $0\s1_exp[7:0]
     4/5: $0\s1_sign[0:0]
     5/5: $0\s1_valid[0:0]

10.8. Executing PROC_DLATCH pass (convert process syncs to latches).
No latch inferred for signal `$paramod$f24af84939c09afd46b8f862bcb8298dce9e3aca\compute_core.\comb_m' from process `$paramod$f24af84939c09afd46b8f862bcb8298dce9e3aca\compute_core.$proc$/home/systemuser/Documents/ECE/510/Project/m3/rtl/compute_core.sv:0$206'.
No latch inferred for signal `$paramod$f24af84939c09afd46b8f862bcb8298dce9e3aca\compute_core.\comb_b' from process `$paramod$f24af84939c09afd46b8f862bcb8298dce9e3aca\compute_core.$proc$/home/systemuser/Documents/ECE/510/Project/m3/rtl/compute_core.sv:0$206'.
No latch inferred for signal `$paramod$f24af84939c09afd46b8f862bcb8298dce9e3aca\compute_core.\comb_t' from process `$paramod$f24af84939c09afd46b8f862bcb8298dce9e3aca\compute_core.$proc$/home/systemuser/Documents/ECE/510/Project/m3/rtl/compute_core.sv:0$206'.

10.9. Executing PROC_DFF pass (convert process syncs to FFs).
Creating register for signal `$paramod$f24af84939c09afd46b8f862bcb8298dce9e3aca\compute_core.\valid_out' using process `$paramod$f24af84939c09afd46b8f862bcb8298dce9e3aca\compute_core.$proc$/home/systemuser/Documents/ECE/510/Project/m3/rtl/compute_core.sv:155$214'.
  created $dff cell `$procdff$830' with positive edge clock.
Creating register for signal `$paramod$f24af84939c09afd46b8f862bcb8298dce9e3aca\compute_core.\out' using process `$paramod$f24af84939c09afd46b8f862bcb8298dce9e3aca\compute_core.$proc$/home/systemuser/Documents/ECE/510/Project/m3/rtl/compute_core.sv:155$214'.
  created $dff cell `$procdff$831' with positive edge clock.
Creating register for signal `$paramod$f24af84939c09afd46b8f862bcb8298dce9e3aca\compute_core.\s3_mult' using process `$paramod$f24af84939c09afd46b8f862bcb8298dce9e3aca\compute_core.$proc$/home/systemuser/Documents/ECE/510/Project/m3/rtl/compute_core.sv:137$210'.
  created $dff cell `$procdff$832' with positive edge clock.
Creating register for signal `$paramod$f24af84939c09afd46b8f862bcb8298dce9e3aca\compute_core.\s3_b' using process `$paramod$f24af84939c09afd46b8f862bcb8298dce9e3aca\compute_core.$proc$/home/systemuser/Documents/ECE/510/Project/m3/rtl/compute_core.sv:137$210'.
  created $dff cell `$procdff$833' with positive edge clock.
Creating register for signal `$paramod$f24af84939c09afd46b8f862bcb8298dce9e3aca\compute_core.\v_pipe' using process `$paramod$f24af84939c09afd46b8f862bcb8298dce9e3aca\compute_core.$proc$/home/systemuser/Documents/ECE/510/Project/m3/rtl/compute_core.sv:129$209'.
  created $dff cell `$procdff$834' with positive edge clock.
Creating register for signal `$paramod$f24af84939c09afd46b8f862bcb8298dce9e3aca\compute_core.\s2_m' using process `$paramod$f24af84939c09afd46b8f862bcb8298dce9e3aca\compute_core.$proc$/home/systemuser/Documents/ECE/510/Project/m3/rtl/compute_core.sv:118$207'.
  created $dff cell `$procdff$835' with positive edge clock.
Creating register for signal `$paramod$f24af84939c09afd46b8f862bcb8298dce9e3aca\compute_core.\s2_b' using process `$paramod$f24af84939c09afd46b8f862bcb8298dce9e3aca\compute_core.$proc$/home/systemuser/Documents/ECE/510/Project/m3/rtl/compute_core.sv:118$207'.
  created $dff cell `$procdff$836' with positive edge clock.
Creating register for signal `$paramod$f24af84939c09afd46b8f862bcb8298dce9e3aca\compute_core.\s2_dx' using process `$paramod$f24af84939c09afd46b8f862bcb8298dce9e3aca\compute_core.$proc$/home/systemuser/Documents/ECE/510/Project/m3/rtl/compute_core.sv:118$207'.
  created $dff cell `$procdff$837' with positive edge clock.
Creating register for signal `$paramod$f24af84939c09afd46b8f862bcb8298dce9e3aca\compute_core.\s1_x' using process `$paramod$f24af84939c09afd46b8f862bcb8298dce9e3aca\compute_core.$proc$/home/systemuser/Documents/ECE/510/Project/m3/rtl/compute_core.sv:57$149'.
  created $dff cell `$procdff$838' with positive edge clock.
Creating register for signal `$paramod$f24af84939c09afd46b8f862bcb8298dce9e3aca\compute_core.\s1_hits [19:0]' using process `$paramod$f24af84939c09afd46b8f862bcb8298dce9e3aca\compute_core.$proc$/home/systemuser/Documents/ECE/510/Project/m3/rtl/compute_core.sv:57$149'.
  created $dff cell `$procdff$839' with positive edge clock.
Creating register for signal `\q16_to_fp32.\valid_out' using process `\q16_to_fp32.$proc$/home/systemuser/Documents/ECE/510/Project/m3/rtl/q16_to_fp32.sv:147$147'.
  created $dff cell `$procdff$840' with positive edge clock.
Creating register for signal `\q16_to_fp32.\data_out' using process `\q16_to_fp32.$proc$/home/systemuser/Documents/ECE/510/Project/m3/rtl/q16_to_fp32.sv:147$147'.
  created $dff cell `$procdff$841' with positive edge clock.
Creating register for signal `\q16_to_fp32.\s3_valid' using process `\q16_to_fp32.$proc$/home/systemuser/Documents/ECE/510/Project/m3/rtl/q16_to_fp32.sv:118$141'.
  created $dff cell `$procdff$842' with positive edge clock.
Creating register for signal `\q16_to_fp32.\s3_sign' using process `\q16_to_fp32.$proc$/home/systemuser/Documents/ECE/510/Project/m3/rtl/q16_to_fp32.sv:118$141'.
  created $dff cell `$procdff$843' with positive edge clock.
Creating register for signal `\q16_to_fp32.\s3_is_zero' using process `\q16_to_fp32.$proc$/home/systemuser/Documents/ECE/510/Project/m3/rtl/q16_to_fp32.sv:118$141'.
  created $dff cell `$procdff$844' with positive edge clock.
Creating register for signal `\q16_to_fp32.\s3_exp' using process `\q16_to_fp32.$proc$/home/systemuser/Documents/ECE/510/Project/m3/rtl/q16_to_fp32.sv:118$141'.
  created $dff cell `$procdff$845' with positive edge clock.
Creating register for signal `\q16_to_fp32.\s3_norm_mag' using process `\q16_to_fp32.$proc$/home/systemuser/Documents/ECE/510/Project/m3/rtl/q16_to_fp32.sv:118$141'.
  created $dff cell `$procdff$846' with positive edge clock.
Creating register for signal `\q16_to_fp32.\s2_valid' using process `\q16_to_fp32.$proc$/home/systemuser/Documents/ECE/510/Project/m3/rtl/q16_to_fp32.sv:93$86'.
  created $dff cell `$procdff$847' with positive edge clock.
Creating register for signal `\q16_to_fp32.\s2_sign' using process `\q16_to_fp32.$proc$/home/systemuser/Documents/ECE/510/Project/m3/rtl/q16_to_fp32.sv:93$86'.
  created $dff cell `$procdff$848' with positive edge clock.
Creating register for signal `\q16_to_fp32.\s2_is_zero' using process `\q16_to_fp32.$proc$/home/systemuser/Documents/ECE/510/Project/m3/rtl/q16_to_fp32.sv:93$86'.
  created $dff cell `$procdff$849' with positive edge clock.
Creating register for signal `\q16_to_fp32.\s2_mag' using process `\q16_to_fp32.$proc$/home/systemuser/Documents/ECE/510/Project/m3/rtl/q16_to_fp32.sv:93$86'.
  created $dff cell `$procdff$850' with positive edge clock.
Creating register for signal `\q16_to_fp32.\s2_clz' using process `\q16_to_fp32.$proc$/home/systemuser/Documents/ECE/510/Project/m3/rtl/q16_to_fp32.sv:93$86'.
  created $dff cell `$procdff$851' with positive edge clock.
Creating register for signal `\q16_to_fp32.\s2_exp' using process `\q16_to_fp32.$proc$/home/systemuser/Documents/ECE/510/Project/m3/rtl/q16_to_fp32.sv:93$86'.
  created $dff cell `$procdff$852' with positive edge clock.
Creating register for signal `\q16_to_fp32.\clz32$func$/home/systemuser/Documents/ECE/510/Project/m3/rtl/q16_to_fp32.sv:102$79.$result' using process `\q16_to_fp32.$proc$/home/systemuser/Documents/ECE/510/Project/m3/rtl/q16_to_fp32.sv:93$86'.
  created $dff cell `$procdff$853' with positive edge clock.
Creating register for signal `\q16_to_fp32.\clz32$func$/home/systemuser/Documents/ECE/510/Project/m3/rtl/q16_to_fp32.sv:102$79.val' using process `\q16_to_fp32.$proc$/home/systemuser/Documents/ECE/510/Project/m3/rtl/q16_to_fp32.sv:93$86'.
  created $dff cell `$procdff$854' with positive edge clock.
Creating register for signal `\q16_to_fp32.\clz32$func$/home/systemuser/Documents/ECE/510/Project/m3/rtl/q16_to_fp32.sv:102$79.v' using process `\q16_to_fp32.$proc$/home/systemuser/Documents/ECE/510/Project/m3/rtl/q16_to_fp32.sv:93$86'.
  created $dff cell `$procdff$855' with positive edge clock.
Creating register for signal `\q16_to_fp32.\clz32$func$/home/systemuser/Documents/ECE/510/Project/m3/rtl/q16_to_fp32.sv:102$79.r' using process `\q16_to_fp32.$proc$/home/systemuser/Documents/ECE/510/Project/m3/rtl/q16_to_fp32.sv:93$86'.
  created $dff cell `$procdff$856' with positive edge clock.
Creating register for signal `\q16_to_fp32.\clz32$func$/home/systemuser/Documents/ECE/510/Project/m3/rtl/q16_to_fp32.sv:107$80.$result' using process `\q16_to_fp32.$proc$/home/systemuser/Documents/ECE/510/Project/m3/rtl/q16_to_fp32.sv:93$86'.
  created $dff cell `$procdff$857' with positive edge clock.
Creating register for signal `\q16_to_fp32.\clz32$func$/home/systemuser/Documents/ECE/510/Project/m3/rtl/q16_to_fp32.sv:107$80.val' using process `\q16_to_fp32.$proc$/home/systemuser/Documents/ECE/510/Project/m3/rtl/q16_to_fp32.sv:93$86'.
  created $dff cell `$procdff$858' with positive edge clock.
Creating register for signal `\q16_to_fp32.\clz32$func$/home/systemuser/Documents/ECE/510/Project/m3/rtl/q16_to_fp32.sv:107$80.v' using process `\q16_to_fp32.$proc$/home/systemuser/Documents/ECE/510/Project/m3/rtl/q16_to_fp32.sv:93$86'.
  created $dff cell `$procdff$859' with positive edge clock.
Creating register for signal `\q16_to_fp32.\clz32$func$/home/systemuser/Documents/ECE/510/Project/m3/rtl/q16_to_fp32.sv:107$80.r' using process `\q16_to_fp32.$proc$/home/systemuser/Documents/ECE/510/Project/m3/rtl/q16_to_fp32.sv:93$86'.
  created $dff cell `$procdff$860' with positive edge clock.
Creating register for signal `\q16_to_fp32.\s1_valid' using process `\q16_to_fp32.$proc$/home/systemuser/Documents/ECE/510/Project/m3/rtl/q16_to_fp32.sv:70$81'.
  created $dff cell `$procdff$861' with positive edge clock.
Creating register for signal `\q16_to_fp32.\s1_sign' using process `\q16_to_fp32.$proc$/home/systemuser/Documents/ECE/510/Project/m3/rtl/q16_to_fp32.sv:70$81'.
  created $dff cell `$procdff$862' with positive edge clock.
Creating register for signal `\q16_to_fp32.\s1_is_zero' using process `\q16_to_fp32.$proc$/home/systemuser/Documents/ECE/510/Project/m3/rtl/q16_to_fp32.sv:70$81'.
  created $dff cell `$procdff$863' with positive edge clock.
Creating register for signal `\q16_to_fp32.\s1_mag' using process `\q16_to_fp32.$proc$/home/systemuser/Documents/ECE/510/Project/m3/rtl/q16_to_fp32.sv:70$81'.
  created $dff cell `$procdff$864' with positive edge clock.
Creating register for signal `$paramod$f23224905eab85962561c710162bfc77f9c3bd30\gelu_axi_stream_interface.\fifo_count' using process `$paramod$f23224905eab85962561c710162bfc77f9c3bd30\gelu_axi_stream_interface.$proc$/home/systemuser/Documents/ECE/510/Project/m3/rtl/interface.sv:244$45'.
  created $dff cell `$procdff$865' with positive edge clock.
Creating register for signal `$paramod$f23224905eab85962561c710162bfc77f9c3bd30\gelu_axi_stream_interface.\in_flight_count' using process `$paramod$f23224905eab85962561c710162bfc77f9c3bd30\gelu_axi_stream_interface.$proc$/home/systemuser/Documents/ECE/510/Project/m3/rtl/interface.sv:244$45'.
  created $dff cell `$procdff$866' with positive edge clock.
Creating register for signal `$paramod$f23224905eab85962561c710162bfc77f9c3bd30\gelu_axi_stream_interface.\fifo_wr_ptr' using process `$paramod$f23224905eab85962561c710162bfc77f9c3bd30\gelu_axi_stream_interface.$proc$/home/systemuser/Documents/ECE/510/Project/m3/rtl/interface.sv:244$45'.
  created $dff cell `$procdff$867' with positive edge clock.
Creating register for signal `$paramod$f23224905eab85962561c710162bfc77f9c3bd30\gelu_axi_stream_interface.\fifo_rd_ptr' using process `$paramod$f23224905eab85962561c710162bfc77f9c3bd30\gelu_axi_stream_interface.$proc$/home/systemuser/Documents/ECE/510/Project/m3/rtl/interface.sv:244$45'.
  created $dff cell `$procdff$868' with positive edge clock.
Creating register for signal `$paramod$f23224905eab85962561c710162bfc77f9c3bd30\gelu_axi_stream_interface.$memwr$\fifo_data$/home/systemuser/Documents/ECE/510/Project/m3/rtl/interface.sv:252$5_ADDR' using process `$paramod$f23224905eab85962561c710162bfc77f9c3bd30\gelu_axi_stream_interface.$proc$/home/systemuser/Documents/ECE/510/Project/m3/rtl/interface.sv:244$45'.
  created $dff cell `$procdff$869' with positive edge clock.
Creating register for signal `$paramod$f23224905eab85962561c710162bfc77f9c3bd30\gelu_axi_stream_interface.$memwr$\fifo_data$/home/systemuser/Documents/ECE/510/Project/m3/rtl/interface.sv:252$5_DATA' using process `$paramod$f23224905eab85962561c710162bfc77f9c3bd30\gelu_axi_stream_interface.$proc$/home/systemuser/Documents/ECE/510/Project/m3/rtl/interface.sv:244$45'.
  created $dff cell `$procdff$870' with positive edge clock.
Creating register for signal `$paramod$f23224905eab85962561c710162bfc77f9c3bd30\gelu_axi_stream_interface.$memwr$\fifo_data$/home/systemuser/Documents/ECE/510/Project/m3/rtl/interface.sv:252$5_EN' using process `$paramod$f23224905eab85962561c710162bfc77f9c3bd30\gelu_axi_stream_interface.$proc$/home/systemuser/Documents/ECE/510/Project/m3/rtl/interface.sv:244$45'.
  created $dff cell `$procdff$871' with positive edge clock.
Creating register for signal `$paramod$f23224905eab85962561c710162bfc77f9c3bd30\gelu_axi_stream_interface.$memwr$\fifo_tlast$/home/systemuser/Documents/ECE/510/Project/m3/rtl/interface.sv:253$6_ADDR' using process `$paramod$f23224905eab85962561c710162bfc77f9c3bd30\gelu_axi_stream_interface.$proc$/home/systemuser/Documents/ECE/510/Project/m3/rtl/interface.sv:244$45'.
  created $dff cell `$procdff$872' with positive edge clock.
Creating register for signal `$paramod$f23224905eab85962561c710162bfc77f9c3bd30\gelu_axi_stream_interface.$memwr$\fifo_tlast$/home/systemuser/Documents/ECE/510/Project/m3/rtl/interface.sv:253$6_DATA' using process `$paramod$f23224905eab85962561c710162bfc77f9c3bd30\gelu_axi_stream_interface.$proc$/home/systemuser/Documents/ECE/510/Project/m3/rtl/interface.sv:244$45'.
  created $dff cell `$procdff$873' with positive edge clock.
Creating register for signal `$paramod$f23224905eab85962561c710162bfc77f9c3bd30\gelu_axi_stream_interface.$memwr$\fifo_tlast$/home/systemuser/Documents/ECE/510/Project/m3/rtl/interface.sv:253$6_EN' using process `$paramod$f23224905eab85962561c710162bfc77f9c3bd30\gelu_axi_stream_interface.$proc$/home/systemuser/Documents/ECE/510/Project/m3/rtl/interface.sv:244$45'.
  created $dff cell `$procdff$874' with positive edge clock.
Creating register for signal `$paramod$f23224905eab85962561c710162bfc77f9c3bd30\gelu_axi_stream_interface.$memwr$\fifo_tuser$/home/systemuser/Documents/ECE/510/Project/m3/rtl/interface.sv:254$7_ADDR' using process `$paramod$f23224905eab85962561c710162bfc77f9c3bd30\gelu_axi_stream_interface.$proc$/home/systemuser/Documents/ECE/510/Project/m3/rtl/interface.sv:244$45'.
  created $dff cell `$procdff$875' with positive edge clock.
Creating register for signal `$paramod$f23224905eab85962561c710162bfc77f9c3bd30\gelu_axi_stream_interface.$memwr$\fifo_tuser$/home/systemuser/Documents/ECE/510/Project/m3/rtl/interface.sv:254$7_DATA' using process `$paramod$f23224905eab85962561c710162bfc77f9c3bd30\gelu_axi_stream_interface.$proc$/home/systemuser/Documents/ECE/510/Project/m3/rtl/interface.sv:244$45'.
  created $dff cell `$procdff$876' with positive edge clock.
Creating register for signal `$paramod$f23224905eab85962561c710162bfc77f9c3bd30\gelu_axi_stream_interface.$memwr$\fifo_tuser$/home/systemuser/Documents/ECE/510/Project/m3/rtl/interface.sv:254$7_EN' using process `$paramod$f23224905eab85962561c710162bfc77f9c3bd30\gelu_axi_stream_interface.$proc$/home/systemuser/Documents/ECE/510/Project/m3/rtl/interface.sv:244$45'.
  created $dff cell `$procdff$877' with positive edge clock.
Creating register for signal `$paramod$f23224905eab85962561c710162bfc77f9c3bd30\gelu_axi_stream_interface.\meta_tlast_pipe' using process `$paramod$f23224905eab85962561c710162bfc77f9c3bd30\gelu_axi_stream_interface.$proc$/home/systemuser/Documents/ECE/510/Project/m3/rtl/interface.sv:216$34'.
  created $dff cell `$procdff$878' with positive edge clock.
Creating register for signal `$paramod$f23224905eab85962561c710162bfc77f9c3bd30\gelu_axi_stream_interface.$fordecl_block$1.i' using process `$paramod$f23224905eab85962561c710162bfc77f9c3bd30\gelu_axi_stream_interface.$proc$/home/systemuser/Documents/ECE/510/Project/m3/rtl/interface.sv:216$34'.
  created $dff cell `$procdff$879' with positive edge clock.
Creating register for signal `$paramod$f23224905eab85962561c710162bfc77f9c3bd30\gelu_axi_stream_interface.$fordecl_block$3.i' using process `$paramod$f23224905eab85962561c710162bfc77f9c3bd30\gelu_axi_stream_interface.$proc$/home/systemuser/Documents/ECE/510/Project/m3/rtl/interface.sv:216$34'.
  created $dff cell `$procdff$880' with positive edge clock.
Creating register for signal `$paramod$f23224905eab85962561c710162bfc77f9c3bd30\gelu_axi_stream_interface.\meta_tuser_pipe[0]' using process `$paramod$f23224905eab85962561c710162bfc77f9c3bd30\gelu_axi_stream_interface.$proc$/home/systemuser/Documents/ECE/510/Project/m3/rtl/interface.sv:216$34'.
  created $dff cell `$procdff$881' with positive edge clock.
Creating register for signal `$paramod$f23224905eab85962561c710162bfc77f9c3bd30\gelu_axi_stream_interface.\meta_tuser_pipe[1]' using process `$paramod$f23224905eab85962561c710162bfc77f9c3bd30\gelu_axi_stream_interface.$proc$/home/systemuser/Documents/ECE/510/Project/m3/rtl/interface.sv:216$34'.
  created $dff cell `$procdff$882' with positive edge clock.
Creating register for signal `$paramod$f23224905eab85962561c710162bfc77f9c3bd30\gelu_axi_stream_interface.\meta_tuser_pipe[2]' using process `$paramod$f23224905eab85962561c710162bfc77f9c3bd30\gelu_axi_stream_interface.$proc$/home/systemuser/Documents/ECE/510/Project/m3/rtl/interface.sv:216$34'.
  created $dff cell `$procdff$883' with positive edge clock.
Creating register for signal `$paramod$f23224905eab85962561c710162bfc77f9c3bd30\gelu_axi_stream_interface.\meta_tuser_pipe[3]' using process `$paramod$f23224905eab85962561c710162bfc77f9c3bd30\gelu_axi_stream_interface.$proc$/home/systemuser/Documents/ECE/510/Project/m3/rtl/interface.sv:216$34'.
  created $dff cell `$procdff$884' with positive edge clock.
Creating register for signal `$paramod$f23224905eab85962561c710162bfc77f9c3bd30\gelu_axi_stream_interface.\meta_tuser_pipe[4]' using process `$paramod$f23224905eab85962561c710162bfc77f9c3bd30\gelu_axi_stream_interface.$proc$/home/systemuser/Documents/ECE/510/Project/m3/rtl/interface.sv:216$34'.
  created $dff cell `$procdff$885' with positive edge clock.
Creating register for signal `$paramod$f23224905eab85962561c710162bfc77f9c3bd30\gelu_axi_stream_interface.\meta_tuser_pipe[5]' using process `$paramod$f23224905eab85962561c710162bfc77f9c3bd30\gelu_axi_stream_interface.$proc$/home/systemuser/Documents/ECE/510/Project/m3/rtl/interface.sv:216$34'.
  created $dff cell `$procdff$886' with positive edge clock.
Creating register for signal `$paramod$f23224905eab85962561c710162bfc77f9c3bd30\gelu_axi_stream_interface.\meta_tuser_pipe[6]' using process `$paramod$f23224905eab85962561c710162bfc77f9c3bd30\gelu_axi_stream_interface.$proc$/home/systemuser/Documents/ECE/510/Project/m3/rtl/interface.sv:216$34'.
  created $dff cell `$procdff$887' with positive edge clock.
Creating register for signal `$paramod$f23224905eab85962561c710162bfc77f9c3bd30\gelu_axi_stream_interface.\meta_tuser_pipe[7]' using process `$paramod$f23224905eab85962561c710162bfc77f9c3bd30\gelu_axi_stream_interface.$proc$/home/systemuser/Documents/ECE/510/Project/m3/rtl/interface.sv:216$34'.
  created $dff cell `$procdff$888' with positive edge clock.
Creating register for signal `$paramod$f23224905eab85962561c710162bfc77f9c3bd30\gelu_axi_stream_interface.\meta_tuser_pipe[8]' using process `$paramod$f23224905eab85962561c710162bfc77f9c3bd30\gelu_axi_stream_interface.$proc$/home/systemuser/Documents/ECE/510/Project/m3/rtl/interface.sv:216$34'.
  created $dff cell `$procdff$889' with positive edge clock.
Creating register for signal `$paramod$f23224905eab85962561c710162bfc77f9c3bd30\gelu_axi_stream_interface.\meta_tuser_pipe[9]' using process `$paramod$f23224905eab85962561c710162bfc77f9c3bd30\gelu_axi_stream_interface.$proc$/home/systemuser/Documents/ECE/510/Project/m3/rtl/interface.sv:216$34'.
  created $dff cell `$procdff$890' with positive edge clock.
Creating register for signal `$paramod$f23224905eab85962561c710162bfc77f9c3bd30\gelu_axi_stream_interface.\meta_tuser_pipe[10]' using process `$paramod$f23224905eab85962561c710162bfc77f9c3bd30\gelu_axi_stream_interface.$proc$/home/systemuser/Documents/ECE/510/Project/m3/rtl/interface.sv:216$34'.
  created $dff cell `$procdff$891' with positive edge clock.
Creating register for signal `$paramod$f23224905eab85962561c710162bfc77f9c3bd30\gelu_axi_stream_interface.\meta_tuser_pipe[11]' using process `$paramod$f23224905eab85962561c710162bfc77f9c3bd30\gelu_axi_stream_interface.$proc$/home/systemuser/Documents/ECE/510/Project/m3/rtl/interface.sv:216$34'.
  created $dff cell `$procdff$892' with positive edge clock.
Creating register for signal `$paramod$f23224905eab85962561c710162bfc77f9c3bd30\gelu_axi_stream_interface.\s_axil_arready' using process `$paramod$f23224905eab85962561c710162bfc77f9c3bd30\gelu_axi_stream_interface.$proc$/home/systemuser/Documents/ECE/510/Project/m3/rtl/interface.sv:153$20'.
  created $dff cell `$procdff$893' with positive edge clock.
Creating register for signal `$paramod$f23224905eab85962561c710162bfc77f9c3bd30\gelu_axi_stream_interface.\s_axil_rdata' using process `$paramod$f23224905eab85962561c710162bfc77f9c3bd30\gelu_axi_stream_interface.$proc$/home/systemuser/Documents/ECE/510/Project/m3/rtl/interface.sv:153$20'.
  created $dff cell `$procdff$894' with positive edge clock.
Creating register for signal `$paramod$f23224905eab85962561c710162bfc77f9c3bd30\gelu_axi_stream_interface.\s_axil_rresp' using process `$paramod$f23224905eab85962561c710162bfc77f9c3bd30\gelu_axi_stream_interface.$proc$/home/systemuser/Documents/ECE/510/Project/m3/rtl/interface.sv:153$20'.
  created $dff cell `$procdff$895' with positive edge clock.
Creating register for signal `$paramod$f23224905eab85962561c710162bfc77f9c3bd30\gelu_axi_stream_interface.\s_axil_rvalid' using process `$paramod$f23224905eab85962561c710162bfc77f9c3bd30\gelu_axi_stream_interface.$proc$/home/systemuser/Documents/ECE/510/Project/m3/rtl/interface.sv:153$20'.
  created $dff cell `$procdff$896' with positive edge clock.
Creating register for signal `$paramod$f23224905eab85962561c710162bfc77f9c3bd30\gelu_axi_stream_interface.\s_axil_awready' using process `$paramod$f23224905eab85962561c710162bfc77f9c3bd30\gelu_axi_stream_interface.$proc$/home/systemuser/Documents/ECE/510/Project/m3/rtl/interface.sv:120$8'.
  created $dff cell `$procdff$897' with positive edge clock.
Creating register for signal `$paramod$f23224905eab85962561c710162bfc77f9c3bd30\gelu_axi_stream_interface.\s_axil_wready' using process `$paramod$f23224905eab85962561c710162bfc77f9c3bd30\gelu_axi_stream_interface.$proc$/home/systemuser/Documents/ECE/510/Project/m3/rtl/interface.sv:120$8'.
  created $dff cell `$procdff$898' with positive edge clock.
Creating register for signal `$paramod$f23224905eab85962561c710162bfc77f9c3bd30\gelu_axi_stream_interface.\s_axil_bresp' using process `$paramod$f23224905eab85962561c710162bfc77f9c3bd30\gelu_axi_stream_interface.$proc$/home/systemuser/Documents/ECE/510/Project/m3/rtl/interface.sv:120$8'.
  created $dff cell `$procdff$899' with positive edge clock.
Creating register for signal `$paramod$f23224905eab85962561c710162bfc77f9c3bd30\gelu_axi_stream_interface.\s_axil_bvalid' using process `$paramod$f23224905eab85962561c710162bfc77f9c3bd30\gelu_axi_stream_interface.$proc$/home/systemuser/Documents/ECE/510/Project/m3/rtl/interface.sv:120$8'.
  created $dff cell `$procdff$900' with positive edge clock.
Creating register for signal `$paramod$f23224905eab85962561c710162bfc77f9c3bd30\gelu_axi_stream_interface.\pipeline_enable' using process `$paramod$f23224905eab85962561c710162bfc77f9c3bd30\gelu_axi_stream_interface.$proc$/home/systemuser/Documents/ECE/510/Project/m3/rtl/interface.sv:120$8'.
  created $dff cell `$procdff$901' with positive edge clock.
Creating register for signal `\fp32_to_q16.\valid_out' using process `\fp32_to_q16.$proc$/home/systemuser/Documents/ECE/510/Project/m3/rtl/fp32_to_q16.sv:159$240'.
  created $dff cell `$procdff$902' with positive edge clock.
Creating register for signal `\fp32_to_q16.\data_out' using process `\fp32_to_q16.$proc$/home/systemuser/Documents/ECE/510/Project/m3/rtl/fp32_to_q16.sv:159$240'.
  created $dff cell `$procdff$903' with positive edge clock.
Creating register for signal `\fp32_to_q16.\s3_valid' using process `\fp32_to_q16.$proc$/home/systemuser/Documents/ECE/510/Project/m3/rtl/fp32_to_q16.sv:120$231'.
  created $dff cell `$procdff$904' with positive edge clock.
Creating register for signal `\fp32_to_q16.\s3_sign' using process `\fp32_to_q16.$proc$/home/systemuser/Documents/ECE/510/Project/m3/rtl/fp32_to_q16.sv:120$231'.
  created $dff cell `$procdff$905' with positive edge clock.
Creating register for signal `\fp32_to_q16.\s3_is_zero' using process `\fp32_to_q16.$proc$/home/systemuser/Documents/ECE/510/Project/m3/rtl/fp32_to_q16.sv:120$231'.
  created $dff cell `$procdff$906' with positive edge clock.
Creating register for signal `\fp32_to_q16.\shift_in' using process `\fp32_to_q16.$proc$/home/systemuser/Documents/ECE/510/Project/m3/rtl/fp32_to_q16.sv:120$231'.
  created $dff cell `$procdff$907' with positive edge clock.
Creating register for signal `\fp32_to_q16.\shift_out' using process `\fp32_to_q16.$proc$/home/systemuser/Documents/ECE/510/Project/m3/rtl/fp32_to_q16.sv:120$231'.
  created $dff cell `$procdff$908' with positive edge clock.
Creating register for signal `\fp32_to_q16.\s3_overflow' using process `\fp32_to_q16.$proc$/home/systemuser/Documents/ECE/510/Project/m3/rtl/fp32_to_q16.sv:120$231'.
  created $dff cell `$procdff$909' with positive edge clock.
Creating register for signal `\fp32_to_q16.\s3_mag' using process `\fp32_to_q16.$proc$/home/systemuser/Documents/ECE/510/Project/m3/rtl/fp32_to_q16.sv:120$231'.
  created $dff cell `$procdff$910' with positive edge clock.
Creating register for signal `\fp32_to_q16.\s3_frac' using process `\fp32_to_q16.$proc$/home/systemuser/Documents/ECE/510/Project/m3/rtl/fp32_to_q16.sv:120$231'.
  created $dff cell `$procdff$911' with positive edge clock.
Creating register for signal `\fp32_to_q16.\s2_valid' using process `\fp32_to_q16.$proc$/home/systemuser/Documents/ECE/510/Project/m3/rtl/fp32_to_q16.sv:81$220'.
  created $dff cell `$procdff$912' with positive edge clock.
Creating register for signal `\fp32_to_q16.\s2_sign' using process `\fp32_to_q16.$proc$/home/systemuser/Documents/ECE/510/Project/m3/rtl/fp32_to_q16.sv:81$220'.
  created $dff cell `$procdff$913' with positive edge clock.
Creating register for signal `\fp32_to_q16.\s2_is_zero' using process `\fp32_to_q16.$proc$/home/systemuser/Documents/ECE/510/Project/m3/rtl/fp32_to_q16.sv:81$220'.
  created $dff cell `$procdff$914' with positive edge clock.
Creating register for signal `\fp32_to_q16.\s2_overflow' using process `\fp32_to_q16.$proc$/home/systemuser/Documents/ECE/510/Project/m3/rtl/fp32_to_q16.sv:81$220'.
  created $dff cell `$procdff$915' with positive edge clock.
Creating register for signal `\fp32_to_q16.\s2_norm_mag' using process `\fp32_to_q16.$proc$/home/systemuser/Documents/ECE/510/Project/m3/rtl/fp32_to_q16.sv:81$220'.
  created $dff cell `$procdff$916' with positive edge clock.
Creating register for signal `\fp32_to_q16.\s2_shift' using process `\fp32_to_q16.$proc$/home/systemuser/Documents/ECE/510/Project/m3/rtl/fp32_to_q16.sv:81$220'.
  created $dff cell `$procdff$917' with positive edge clock.
Creating register for signal `\fp32_to_q16.\raw_shift' using process `\fp32_to_q16.$proc$/home/systemuser/Documents/ECE/510/Project/m3/rtl/fp32_to_q16.sv:81$220'.
  created $dff cell `$procdff$918' with positive edge clock.
Creating register for signal `\fp32_to_q16.\s1_valid' using process `\fp32_to_q16.$proc$/home/systemuser/Documents/ECE/510/Project/m3/rtl/fp32_to_q16.sv:53$218'.
  created $dff cell `$procdff$919' with positive edge clock.
Creating register for signal `\fp32_to_q16.\s1_exp' using process `\fp32_to_q16.$proc$/home/systemuser/Documents/ECE/510/Project/m3/rtl/fp32_to_q16.sv:53$218'.
  created $dff cell `$procdff$920' with positive edge clock.
Creating register for signal `\fp32_to_q16.\s1_sign' using process `\fp32_to_q16.$proc$/home/systemuser/Documents/ECE/510/Project/m3/rtl/fp32_to_q16.sv:53$218'.
  created $dff cell `$procdff$921' with positive edge clock.
Creating register for signal `\fp32_to_q16.\s1_is_zero' using process `\fp32_to_q16.$proc$/home/systemuser/Documents/ECE/510/Project/m3/rtl/fp32_to_q16.sv:53$218'.
  created $dff cell `$procdff$922' with positive edge clock.
Creating register for signal `\fp32_to_q16.\s1_mant' using process `\fp32_to_q16.$proc$/home/systemuser/Documents/ECE/510/Project/m3/rtl/fp32_to_q16.sv:53$218'.
  created $dff cell `$procdff$923' with positive edge clock.

10.10. Executing PROC_MEMWR pass (convert process memory writes to cells).

10.11. Executing PROC_CLEAN pass (remove empty switches from decision trees).
Found and cleaned up 3 empty switches in `$paramod$f24af84939c09afd46b8f862bcb8298dce9e3aca\compute_core.$proc$/home/systemuser/Documents/ECE/510/Project/m3/rtl/compute_core.sv:155$214'.
Removing empty process `$paramod$f24af84939c09afd46b8f862bcb8298dce9e3aca\compute_core.$proc$/home/systemuser/Documents/ECE/510/Project/m3/rtl/compute_core.sv:155$214'.
Found and cleaned up 1 empty switch in `$paramod$f24af84939c09afd46b8f862bcb8298dce9e3aca\compute_core.$proc$/home/systemuser/Documents/ECE/510/Project/m3/rtl/compute_core.sv:137$210'.
Removing empty process `$paramod$f24af84939c09afd46b8f862bcb8298dce9e3aca\compute_core.$proc$/home/systemuser/Documents/ECE/510/Project/m3/rtl/compute_core.sv:137$210'.
Found and cleaned up 1 empty switch in `$paramod$f24af84939c09afd46b8f862bcb8298dce9e3aca\compute_core.$proc$/home/systemuser/Documents/ECE/510/Project/m3/rtl/compute_core.sv:129$209'.
Removing empty process `$paramod$f24af84939c09afd46b8f862bcb8298dce9e3aca\compute_core.$proc$/home/systemuser/Documents/ECE/510/Project/m3/rtl/compute_core.sv:129$209'.
Removing empty process `$paramod$f24af84939c09afd46b8f862bcb8298dce9e3aca\compute_core.$proc$/home/systemuser/Documents/ECE/510/Project/m3/rtl/compute_core.sv:118$207'.
Found and cleaned up 1 empty switch in `$paramod$f24af84939c09afd46b8f862bcb8298dce9e3aca\compute_core.$proc$/home/systemuser/Documents/ECE/510/Project/m3/rtl/compute_core.sv:0$206'.
Removing empty process `$paramod$f24af84939c09afd46b8f862bcb8298dce9e3aca\compute_core.$proc$/home/systemuser/Documents/ECE/510/Project/m3/rtl/compute_core.sv:0$206'.
Removing empty process `$paramod$f24af84939c09afd46b8f862bcb8298dce9e3aca\compute_core.$proc$/home/systemuser/Documents/ECE/510/Project/m3/rtl/compute_core.sv:57$149'.
Found and cleaned up 3 empty switches in `\q16_to_fp32.$proc$/home/systemuser/Documents/ECE/510/Project/m3/rtl/q16_to_fp32.sv:147$147'.
Removing empty process `q16_to_fp32.$proc$/home/systemuser/Documents/ECE/510/Project/m3/rtl/q16_to_fp32.sv:147$147'.
Found and cleaned up 1 empty switch in `\q16_to_fp32.$proc$/home/systemuser/Documents/ECE/510/Project/m3/rtl/q16_to_fp32.sv:118$141'.
Removing empty process `q16_to_fp32.$proc$/home/systemuser/Documents/ECE/510/Project/m3/rtl/q16_to_fp32.sv:118$141'.
Found and cleaned up 11 empty switches in `\q16_to_fp32.$proc$/home/systemuser/Documents/ECE/510/Project/m3/rtl/q16_to_fp32.sv:93$86'.
Removing empty process `q16_to_fp32.$proc$/home/systemuser/Documents/ECE/510/Project/m3/rtl/q16_to_fp32.sv:93$86'.
Found and cleaned up 1 empty switch in `\q16_to_fp32.$proc$/home/systemuser/Documents/ECE/510/Project/m3/rtl/q16_to_fp32.sv:70$81'.
Removing empty process `q16_to_fp32.$proc$/home/systemuser/Documents/ECE/510/Project/m3/rtl/q16_to_fp32.sv:70$81'.
Found and cleaned up 5 empty switches in `$paramod$f23224905eab85962561c710162bfc77f9c3bd30\gelu_axi_stream_interface.$proc$/home/systemuser/Documents/ECE/510/Project/m3/rtl/interface.sv:244$45'.
Removing empty process `$paramod$f23224905eab85962561c710162bfc77f9c3bd30\gelu_axi_stream_interface.$proc$/home/systemuser/Documents/ECE/510/Project/m3/rtl/interface.sv:244$45'.
Found and cleaned up 1 empty switch in `$paramod$f23224905eab85962561c710162bfc77f9c3bd30\gelu_axi_stream_interface.$proc$/home/systemuser/Documents/ECE/510/Project/m3/rtl/interface.sv:216$34'.
Removing empty process `$paramod$f23224905eab85962561c710162bfc77f9c3bd30\gelu_axi_stream_interface.$proc$/home/systemuser/Documents/ECE/510/Project/m3/rtl/interface.sv:216$34'.
Found and cleaned up 4 empty switches in `$paramod$f23224905eab85962561c710162bfc77f9c3bd30\gelu_axi_stream_interface.$proc$/home/systemuser/Documents/ECE/510/Project/m3/rtl/interface.sv:153$20'.
Removing empty process `$paramod$f23224905eab85962561c710162bfc77f9c3bd30\gelu_axi_stream_interface.$proc$/home/systemuser/Documents/ECE/510/Project/m3/rtl/interface.sv:153$20'.
Found and cleaned up 5 empty switches in `$paramod$f23224905eab85962561c710162bfc77f9c3bd30\gelu_axi_stream_interface.$proc$/home/systemuser/Documents/ECE/510/Project/m3/rtl/interface.sv:120$8'.
Removing empty process `$paramod$f23224905eab85962561c710162bfc77f9c3bd30\gelu_axi_stream_interface.$proc$/home/systemuser/Documents/ECE/510/Project/m3/rtl/interface.sv:120$8'.
Found and cleaned up 3 empty switches in `\fp32_to_q16.$proc$/home/systemuser/Documents/ECE/510/Project/m3/rtl/fp32_to_q16.sv:159$240'.
Removing empty process `fp32_to_q16.$proc$/home/systemuser/Documents/ECE/510/Project/m3/rtl/fp32_to_q16.sv:159$240'.
Found and cleaned up 1 empty switch in `\fp32_to_q16.$proc$/home/systemuser/Documents/ECE/510/Project/m3/rtl/fp32_to_q16.sv:120$231'.
Removing empty process `fp32_to_q16.$proc$/home/systemuser/Documents/ECE/510/Project/m3/rtl/fp32_to_q16.sv:120$231'.
Found and cleaned up 2 empty switches in `\fp32_to_q16.$proc$/home/systemuser/Documents/ECE/510/Project/m3/rtl/fp32_to_q16.sv:81$220'.
Removing empty process `fp32_to_q16.$proc$/home/systemuser/Documents/ECE/510/Project/m3/rtl/fp32_to_q16.sv:81$220'.
Found and cleaned up 1 empty switch in `\fp32_to_q16.$proc$/home/systemuser/Documents/ECE/510/Project/m3/rtl/fp32_to_q16.sv:53$218'.
Removing empty process `fp32_to_q16.$proc$/home/systemuser/Documents/ECE/510/Project/m3/rtl/fp32_to_q16.sv:53$218'.
Cleaned up 44 empty switches.

10.12. Executing OPT_EXPR pass (perform const folding).
Optimizing module gelu_top.
Optimizing module $paramod$f24af84939c09afd46b8f862bcb8298dce9e3aca\compute_core.
<suppressed ~55 debug messages>
Optimizing module q16_to_fp32.
<suppressed ~21 debug messages>
Optimizing module gelu_fp32.
Optimizing module $paramod$f23224905eab85962561c710162bfc77f9c3bd30\gelu_axi_stream_interface.
<suppressed ~3 debug messages>
Optimizing module fp32_to_q16.
<suppressed ~3 debug messages>

11. Executing FLATTEN pass (flatten design).
Deleting now unused module $paramod$f24af84939c09afd46b8f862bcb8298dce9e3aca\compute_core.
Deleting now unused module q16_to_fp32.
Deleting now unused module gelu_fp32.
Deleting now unused module $paramod$f23224905eab85962561c710162bfc77f9c3bd30\gelu_axi_stream_interface.
Deleting now unused module fp32_to_q16.
<suppressed ~5 debug messages>

12. Executing OPT_CLEAN pass (remove unused cells and wires).
Finding unused cells or wires in module \gelu_top..
Removed 50 unused cells and 520 unused wires.
<suppressed ~114 debug messages>
