Reading OpenROAD database at '/home/systemuser/Documents/ECE/510/Project/m3/synth/runs/RUN_2026-05-24_21-40-35/47-odb-reportdisconnectedpins/gelu_top.odb'…
Reading library file at '/home/systemuser/.volare/volare/sky130/versions/0fe599b2afb6708d281543108caf8310912f54af/sky130A/libs.ref/sky130_fd_sc_hd/lib/sky130_fd_sc_hd__tt_025C_1v80.lib'…
Reading design constraints file at '/nix/store/h0ldzjka94yryiq8yxbxmwargpnmwhx6-python3-3.11.9-env/lib/python3.11/site-packages/openlane/scripts/base.sdc'…
[INFO] Using clock clk…
[INFO] Setting output delay to: 4
[INFO] Setting input delay to: 4
[INFO] Setting load to: 0.033442
[INFO] Setting clock uncertainty to: 0.25
[INFO] Setting clock transition to: 0.1499999999999999944488848768742172978818416595458984375
[INFO] Setting timing derate to: 5%
sky130_ef_sc_hd__decap_12 sky130_fd_sc_hd__decap_8 sky130_fd_sc_hd__decap_6 sky130_fd_sc_hd__decap_4 sky130_fd_sc_hd__decap_3 sky130_fd_sc_hd__fill*
[INFO DPL-0001] Placed 11311 filler instances.
Setting global connections for newly added cells…
[INFO] Setting global connections...
Updating metrics…
Cell type report:                       Count       Area
  Fill cell                             11623   85224.24
  Tap cell                               2528    3163.03
  Antenna cell                             17      42.54
  Buffer                                    1       3.75
  Clock buffer                            110    1584.02
  Timing Repair Buffer                   1753   13909.59
  Inverter                                 86     322.81
  Clock inverter                           78    1002.21
  Sequential cell                        1142   22879.44
  Multi-Input combinational cell         6481   52221.33
  Total                                 23819  180352.97
Writing OpenROAD database to '/home/systemuser/Documents/ECE/510/Project/m3/synth/runs/RUN_2026-05-24_21-40-35/51-openroad-fillinsertion/gelu_top.odb'…
Writing netlist to '/home/systemuser/Documents/ECE/510/Project/m3/synth/runs/RUN_2026-05-24_21-40-35/51-openroad-fillinsertion/gelu_top.nl.v'…
Writing powered netlist to '/home/systemuser/Documents/ECE/510/Project/m3/synth/runs/RUN_2026-05-24_21-40-35/51-openroad-fillinsertion/gelu_top.pnl.v'…
Writing layout to '/home/systemuser/Documents/ECE/510/Project/m3/synth/runs/RUN_2026-05-24_21-40-35/51-openroad-fillinsertion/gelu_top.def'…
Writing timing constraints to '/home/systemuser/Documents/ECE/510/Project/m3/synth/runs/RUN_2026-05-24_21-40-35/51-openroad-fillinsertion/gelu_top.sdc'…
