Reading OpenROAD database at '/home/systemuser/Documents/ECE/510/Project/m3/synth/runs/RUN_2026-05-24_21-40-35/15-odb-setpowerconnections/gelu_top.odb'…
Reading library file at '/home/systemuser/.volare/volare/sky130/versions/0fe599b2afb6708d281543108caf8310912f54af/sky130A/libs.ref/sky130_fd_sc_hd/lib/sky130_fd_sc_hd__tt_025C_1v80.lib'…
Reading design constraints file at '/nix/store/h0ldzjka94yryiq8yxbxmwargpnmwhx6-python3-3.11.9-env/lib/python3.11/site-packages/openlane/scripts/base.sdc'…
[INFO] Using clock clk…
[INFO] Setting output delay to: 4
[INFO] Setting input delay to: 4
[INFO] Setting load to: 0.033442
[INFO] Setting clock uncertainty to: 0.25
[INFO] Setting clock transition to: 0.1499999999999999944488848768742172978818416595458984375
[INFO] Setting timing derate to: 5%
Setting global connections for newly added cells…
[INFO] Setting global connections...
Updating metrics…
Cell type report:                       Count       Area
  Buffer                                    1       5.00
  Inverter                                 86     322.81
  Sequential cell                        1142   24290.80
  Multi-Input combinational cell         6481   65851.91
  Total                                  7710   90470.52
Writing OpenROAD database to '/home/systemuser/Documents/ECE/510/Project/m3/synth/runs/RUN_2026-05-24_21-40-35/17-openroad-cutrows/gelu_top.odb'…
Writing layout to '/home/systemuser/Documents/ECE/510/Project/m3/synth/runs/RUN_2026-05-24_21-40-35/17-openroad-cutrows/gelu_top.def'…
