
===========================================================================
 report_power
============================================================================
======================= nom_tt_025C_1v80 Corner ===================================

Group                    Internal    Switching      Leakage        Total
                            Power        Power        Power        Power (Watts)
------------------------------------------------------------------------
Sequential           2.484093e-03 1.753741e-04 9.320504e-09 2.659477e-03   9.5%
Combinational        1.191081e-02 1.219849e-02 3.512004e-08 2.410934e-02  85.7%
Clock                6.304681e-04 7.286588e-04 2.296548e-09 1.359129e-03   4.8%
Macro                0.000000e+00 0.000000e+00 0.000000e+00 0.000000e+00   0.0%
Pad                  0.000000e+00 0.000000e+00 0.000000e+00 0.000000e+00   0.0%
------------------------------------------------------------------------
Total                1.502538e-02 1.310252e-02 4.673675e-08 2.812794e-02 100.0%
                            53.4%        46.6%         0.0%
Writing metric power__internal__total: 0.01502537913620472
Writing metric power__switching__total: 0.01310251746326685
Writing metric power__leakage__total: 4.6736751357912e-8
Writing metric power__total: 0.028127944096922874

