rm -f results.xml
"make" -f Makefile results.xml
make[1]: Entering directory '/home/systemuser/Documents/ECE/510/Project/m3'
mkdir -p sim_build
/usr/bin/iverilog -o sim_build/sim.vvp -s systolic_array -g2012 -g2012 -f sim_build/cmds.f -s cocotb_iverilog_dump  /home/systemuser/Documents/ECE/510/Project/m3/rtl/sarray/systolic_array.sv /home/systemuser/Documents/ECE/510/Project/m3/rtl/sarray/mac.sv sim_build/cocotb_iverilog_dump.v
rm -f results.xml
COCOTB_TEST_MODULES=tb_systolic_array COCOTB_TESTCASE= COCOTB_TEST_FILTER= COCOTB_TOPLEVEL=systolic_array TOPLEVEL_LANG=verilog \
         /usr/bin/vvp -M /home/systemuser/.venv/lib/python3.13/site-packages/cocotb/libs -m libcocotbvpi_icarus   sim_build/sim.vvp  -fst 
     -.--ns INFO     gpi                                ..mbed/gpi_embed.cpp:93   in _embed_init_python              Using Python 3.13.0rc1 interpreter at /home/systemuser/.venv/bin/python3.13
     -.--ns INFO     gpi                                ../gpi/GpiCommon.cpp:79   in gpi_print_registered_impl       VPI registered
     0.00ns INFO     cocotb                             Running on Icarus Verilog version 13.0 (stable)
     0.00ns INFO     cocotb                             Seeding Python random module with 1780787607
     0.00ns INFO     cocotb                             Initialized cocotb v2.0.0 from /home/systemuser/.venv/lib64/python3.13/site-packages/cocotb
     0.00ns INFO     cocotb.regression                  pytest not found, install it to enable better AssertionError messages
     0.00ns INFO     cocotb                             Running tests
     0.00ns INFO     cocotb.regression                  running tb_systolic_array.test_latency (1/3)

Systolic latency: 14 cycles (expected 14=2N-2)

   251.00ns INFO     cocotb.regression                  tb_systolic_array.test_latency passed
   251.00ns INFO     cocotb.regression                  running tb_systolic_array.test_stream_matmul (2/3)

Systolic stream: 24 A-rows, all 192 elements bit-exact.
Max float delta vs reference: 0

   782.00ns INFO     cocotb.regression                  tb_systolic_array.test_stream_matmul passed
   782.00ns INFO     cocotb.regression                  running tb_systolic_array.test_idle_zero (3/3)
Systolic idle: no spurious out_valid, no garbage rows.
  1103.00ns INFO     cocotb.regression                  tb_systolic_array.test_idle_zero passed
  1103.00ns INFO     cocotb.regression                  **********************************************************************************************
                                                        ** TEST                                  STATUS  SIM TIME (ns)  REAL TIME (s)  RATIO (ns/s) **
                                                        **********************************************************************************************
                                                        ** tb_systolic_array.test_latency         PASS         251.00           0.02      14042.18  **
                                                        ** tb_systolic_array.test_stream_matmul   PASS         531.00           0.04      14011.80  **
                                                        ** tb_systolic_array.test_idle_zero       PASS         321.00           0.01      24788.21  **
                                                        **********************************************************************************************
                                                        ** TESTS=3 PASS=3 FAIL=0 SKIP=0                       1103.00           0.07      15458.44  **
                                                        **********************************************************************************************
FST info: dumpfile sim_build/systolic_array.fst opened for output.
make[1]: Leaving directory '/home/systemuser/Documents/ECE/510/Project/m3'
