                                                                     Buffers by Cell Master                                                                     
┏━━━━━━━━━━━━━━━━━━━━━━━━━━━━━━━━━━━━━━━━━━━━━━━━━━━━━━━━━━━━━━━━━━━━━━━━━━━━━━━━━━━━━━━━━━━━━━━━━━━━━━━━━━━━━━━━━━━━━━━━━━━━━━━━━━┳━━━━━━━━━━━━━━━━━━━━━━━━━━━┓
┃ Buffer                                                                                                                           ┃ Count                     ┃
┡━━━━━━━━━━━━━━━━━━━━━━━━━━━━━━━━━━━━━━━━━━━━━━━━━━━━━━━━━━━━━━━━━━━━━━━━━━━━━━━━━━━━━━━━━━━━━━━━━━━━━━━━━━━━━━━━━━━━━━━━━━━━━━━━━━╇━━━━━━━━━━━━━━━━━━━━━━━━━━━┩
│ sky130_fd_sc_hd__buf_1                                                                                                           │ 62                        │
│ sky130_fd_sc_hd__buf_2                                                                                                           │ 282                       │
│ sky130_fd_sc_hd__buf_4                                                                                                           │ 55                        │
│ sky130_fd_sc_hd__clkbuf_1                                                                                                        │ 102                       │
│ sky130_fd_sc_hd__clkbuf_16                                                                                                       │ 9                         │
│ sky130_fd_sc_hd__clkbuf_2                                                                                                        │ 185                       │
│ sky130_fd_sc_hd__clkbuf_4                                                                                                        │ 108                       │
│ sky130_fd_sc_hd__clkbuf_8                                                                                                        │ 104                       │
│ sky130_fd_sc_hd__dlygate4sd3_1                                                                                                   │ 923                       │
│ sky130_fd_sc_hd__dlymetal6s2s_1                                                                                                  │ 34                        │
└──────────────────────────────────────────────────────────────────────────────────────────────────────────────────────────────────┴───────────────────────────┘
