                                                                       Cells by Function                                                                        
┏━━━━━━━━━━━━━━━━━━━━━━━━━━━━━━━━━━━━━━━━━━━━━━━━━━━━━━━━━━━━━━━━━━━━━━━━━━━━━━━━━━━━━━━━━━━━━━━━━━━━━━━━━━━━━━━━━━━━━━━━━━━━━━━━━┳━━━━━━━━━━━━━━━━━━━━━━━━━━━━┓
┃ Cell Function                                                                                                                   ┃ Count                      ┃
┡━━━━━━━━━━━━━━━━━━━━━━━━━━━━━━━━━━━━━━━━━━━━━━━━━━━━━━━━━━━━━━━━━━━━━━━━━━━━━━━━━━━━━━━━━━━━━━━━━━━━━━━━━━━━━━━━━━━━━━━━━━━━━━━━━╇━━━━━━━━━━━━━━━━━━━━━━━━━━━━┩
│ sky130_ef_sc_hd__decap                                                                                                          │ 3406                       │
│ sky130_fd_sc_hd__a2111o                                                                                                         │ 5                          │
│ sky130_fd_sc_hd__a211o                                                                                                          │ 56                         │
│ sky130_fd_sc_hd__a211oi                                                                                                         │ 65                         │
│ sky130_fd_sc_hd__a21bo                                                                                                          │ 87                         │
│ sky130_fd_sc_hd__a21boi                                                                                                         │ 29                         │
│ sky130_fd_sc_hd__a21o                                                                                                           │ 357                        │
│ sky130_fd_sc_hd__a21oi                                                                                                          │ 321                        │
│ sky130_fd_sc_hd__a221o                                                                                                          │ 25                         │
│ sky130_fd_sc_hd__a221oi                                                                                                         │ 1                          │
│ sky130_fd_sc_hd__a22o                                                                                                           │ 257                        │
│ sky130_fd_sc_hd__a22oi                                                                                                          │ 77                         │
│ sky130_fd_sc_hd__a2bb2o                                                                                                         │ 8                          │
│ sky130_fd_sc_hd__a2bb2oi                                                                                                        │ 1                          │
│ sky130_fd_sc_hd__a31o                                                                                                           │ 133                        │
│ sky130_fd_sc_hd__a31oi                                                                                                          │ 23                         │
│ sky130_fd_sc_hd__a32o                                                                                                           │ 19                         │
│ sky130_fd_sc_hd__a32oi                                                                                                          │ 1                          │
│ sky130_fd_sc_hd__a41o                                                                                                           │ 2                          │
│ sky130_fd_sc_hd__and2                                                                                                           │ 263                        │
│ sky130_fd_sc_hd__and2b                                                                                                          │ 159                        │
│ sky130_fd_sc_hd__and3                                                                                                           │ 215                        │
│ sky130_fd_sc_hd__and3b                                                                                                          │ 19                         │
│ sky130_fd_sc_hd__and4                                                                                                           │ 141                        │
│ sky130_fd_sc_hd__and4b                                                                                                          │ 2                          │
│ sky130_fd_sc_hd__and4bb                                                                                                         │ 7                          │
│ sky130_fd_sc_hd__buf                                                                                                            │ 399                        │
│ sky130_fd_sc_hd__bufinv                                                                                                         │ 5                          │
│ sky130_fd_sc_hd__clkbuf                                                                                                         │ 508                        │
│ sky130_fd_sc_hd__clkinv                                                                                                         │ 15                         │
│ sky130_fd_sc_hd__clkinvlp                                                                                                       │ 8                          │
│ sky130_fd_sc_hd__conb                                                                                                           │ 35                         │
│ sky130_fd_sc_hd__decap                                                                                                          │ 4420                       │
│ sky130_fd_sc_hd__dfxtp                                                                                                          │ 1142                       │
│ sky130_fd_sc_hd__diode                                                                                                          │ 17                         │
│ sky130_fd_sc_hd__dlygate4sd3                                                                                                    │ 923                        │
│ sky130_fd_sc_hd__dlymetal6s2s                                                                                                   │ 34                         │
│ sky130_fd_sc_hd__fill                                                                                                           │ 3797                       │
│ sky130_fd_sc_hd__inv                                                                                                            │ 136                        │
│ sky130_fd_sc_hd__mux2                                                                                                           │ 803                        │
│ sky130_fd_sc_hd__mux4                                                                                                           │ 163                        │
│ sky130_fd_sc_hd__nand2                                                                                                          │ 467                        │
│ sky130_fd_sc_hd__nand2b                                                                                                         │ 97                         │
│ sky130_fd_sc_hd__nand3                                                                                                          │ 236                        │
│ sky130_fd_sc_hd__nand3b                                                                                                         │ 16                         │
│ sky130_fd_sc_hd__nand4                                                                                                          │ 92                         │
│ sky130_fd_sc_hd__nand4b                                                                                                         │ 2                          │
│ sky130_fd_sc_hd__nor2                                                                                                           │ 424                        │
│ sky130_fd_sc_hd__nor3                                                                                                           │ 47                         │
│ sky130_fd_sc_hd__nor3b                                                                                                          │ 6                          │
│ sky130_fd_sc_hd__nor4                                                                                                           │ 8                          │
│ sky130_fd_sc_hd__o2111a                                                                                                         │ 12                         │
│ sky130_fd_sc_hd__o2111ai                                                                                                        │ 1                          │
│ sky130_fd_sc_hd__o211a                                                                                                          │ 85                         │
│ sky130_fd_sc_hd__o211ai                                                                                                         │ 40                         │
│ sky130_fd_sc_hd__o21a                                                                                                           │ 147                        │
│ sky130_fd_sc_hd__o21ai                                                                                                          │ 149                        │
│ sky130_fd_sc_hd__o21ba                                                                                                          │ 37                         │
│ sky130_fd_sc_hd__o21bai                                                                                                         │ 29                         │
│ sky130_fd_sc_hd__o221a                                                                                                          │ 3                          │
│ sky130_fd_sc_hd__o22a                                                                                                           │ 16                         │
│ sky130_fd_sc_hd__o2bb2a                                                                                                         │ 12                         │
│ sky130_fd_sc_hd__o2bb2ai                                                                                                        │ 1                          │
│ sky130_fd_sc_hd__o311a                                                                                                          │ 6                          │
│ sky130_fd_sc_hd__o31a                                                                                                           │ 8                          │
│ sky130_fd_sc_hd__o31ai                                                                                                          │ 3                          │
│ sky130_fd_sc_hd__o32a                                                                                                           │ 8                          │
│ sky130_fd_sc_hd__o41a                                                                                                           │ 3                          │
│ sky130_fd_sc_hd__o41ai                                                                                                          │ 2                          │
│ sky130_fd_sc_hd__or2                                                                                                            │ 262                        │
│ sky130_fd_sc_hd__or3                                                                                                            │ 118                        │
│ sky130_fd_sc_hd__or3b                                                                                                           │ 18                         │
│ sky130_fd_sc_hd__or4                                                                                                            │ 85                         │
│ sky130_fd_sc_hd__or4b                                                                                                           │ 11                         │
│ sky130_fd_sc_hd__or4bb                                                                                                          │ 6                          │
│ sky130_fd_sc_hd__tapvpwrvgnd                                                                                                    │ 2528                       │
│ sky130_fd_sc_hd__xnor2                                                                                                          │ 558                        │
│ sky130_fd_sc_hd__xor2                                                                                                           │ 192                        │
└─────────────────────────────────────────────────────────────────────────────────────────────────────────────────────────────────┴────────────────────────────┘
