                                                                        Cells by Master                                                                         
┏━━━━━━━━━━━━━━━━━━━━━━━━━━━━━━━━━━━━━━━━━━━━━━━━━━━━━━━━━━━━━━━━━━━━━━━━━━━━━━━━━━━━━━━━━━━━━━━━━━━━━━━━━━━━━━━━━━━━━━━━━━━━━━━━━━┳━━━━━━━━━━━━━━━━━━━━━━━━━━━┓
┃ Cell                                                                                                                             ┃ Count                     ┃
┡━━━━━━━━━━━━━━━━━━━━━━━━━━━━━━━━━━━━━━━━━━━━━━━━━━━━━━━━━━━━━━━━━━━━━━━━━━━━━━━━━━━━━━━━━━━━━━━━━━━━━━━━━━━━━━━━━━━━━━━━━━━━━━━━━━╇━━━━━━━━━━━━━━━━━━━━━━━━━━━┩
│ sky130_ef_sc_hd__decap_12                                                                                                        │ 3406                      │
│ sky130_fd_sc_hd__a2111o_1                                                                                                        │ 5                         │
│ sky130_fd_sc_hd__a211o_1                                                                                                         │ 56                        │
│ sky130_fd_sc_hd__a211oi_1                                                                                                        │ 45                        │
│ sky130_fd_sc_hd__a211oi_2                                                                                                        │ 18                        │
│ sky130_fd_sc_hd__a211oi_4                                                                                                        │ 2                         │
│ sky130_fd_sc_hd__a21bo_1                                                                                                         │ 87                        │
│ sky130_fd_sc_hd__a21boi_1                                                                                                        │ 24                        │
│ sky130_fd_sc_hd__a21boi_2                                                                                                        │ 5                         │
│ sky130_fd_sc_hd__a21o_1                                                                                                          │ 356                       │
│ sky130_fd_sc_hd__a21o_2                                                                                                          │ 1                         │
│ sky130_fd_sc_hd__a21oi_1                                                                                                         │ 309                       │
│ sky130_fd_sc_hd__a21oi_2                                                                                                         │ 12                        │
│ sky130_fd_sc_hd__a221o_1                                                                                                         │ 25                        │
│ sky130_fd_sc_hd__a221oi_4                                                                                                        │ 1                         │
│ sky130_fd_sc_hd__a22o_1                                                                                                          │ 257                       │
│ sky130_fd_sc_hd__a22oi_1                                                                                                         │ 61                        │
│ sky130_fd_sc_hd__a22oi_2                                                                                                         │ 16                        │
│ sky130_fd_sc_hd__a2bb2o_1                                                                                                        │ 8                         │
│ sky130_fd_sc_hd__a2bb2oi_1                                                                                                       │ 1                         │
│ sky130_fd_sc_hd__a31o_1                                                                                                          │ 132                       │
│ sky130_fd_sc_hd__a31o_2                                                                                                          │ 1                         │
│ sky130_fd_sc_hd__a31oi_1                                                                                                         │ 18                        │
│ sky130_fd_sc_hd__a31oi_2                                                                                                         │ 4                         │
│ sky130_fd_sc_hd__a31oi_4                                                                                                         │ 1                         │
│ sky130_fd_sc_hd__a32o_1                                                                                                          │ 19                        │
│ sky130_fd_sc_hd__a32oi_4                                                                                                         │ 1                         │
│ sky130_fd_sc_hd__a41o_1                                                                                                          │ 2                         │
│ sky130_fd_sc_hd__and2_1                                                                                                          │ 261                       │
│ sky130_fd_sc_hd__and2_2                                                                                                          │ 2                         │
│ sky130_fd_sc_hd__and2b_1                                                                                                         │ 159                       │
│ sky130_fd_sc_hd__and3_1                                                                                                          │ 212                       │
│ sky130_fd_sc_hd__and3_2                                                                                                          │ 2                         │
│ sky130_fd_sc_hd__and3_4                                                                                                          │ 1                         │
│ sky130_fd_sc_hd__and3b_1                                                                                                         │ 19                        │
│ sky130_fd_sc_hd__and4_1                                                                                                          │ 140                       │
│ sky130_fd_sc_hd__and4_2                                                                                                          │ 1                         │
│ sky130_fd_sc_hd__and4b_1                                                                                                         │ 2                         │
│ sky130_fd_sc_hd__and4bb_1                                                                                                        │ 7                         │
│ sky130_fd_sc_hd__buf_1                                                                                                           │ 62                        │
│ sky130_fd_sc_hd__buf_2                                                                                                           │ 282                       │
│ sky130_fd_sc_hd__buf_4                                                                                                           │ 55                        │
│ sky130_fd_sc_hd__bufinv_16                                                                                                       │ 5                         │
│ sky130_fd_sc_hd__clkbuf_1                                                                                                        │ 102                       │
│ sky130_fd_sc_hd__clkbuf_16                                                                                                       │ 9                         │
│ sky130_fd_sc_hd__clkbuf_2                                                                                                        │ 185                       │
│ sky130_fd_sc_hd__clkbuf_4                                                                                                        │ 108                       │
│ sky130_fd_sc_hd__clkbuf_8                                                                                                        │ 104                       │
│ sky130_fd_sc_hd__clkinv_2                                                                                                        │ 4                         │
│ sky130_fd_sc_hd__clkinv_4                                                                                                        │ 6                         │
│ sky130_fd_sc_hd__clkinv_8                                                                                                        │ 5                         │
│ sky130_fd_sc_hd__clkinvlp_4                                                                                                      │ 8                         │
│ sky130_fd_sc_hd__conb_1                                                                                                          │ 35                        │
│ sky130_fd_sc_hd__decap_3                                                                                                         │ 1267                      │
│ sky130_fd_sc_hd__decap_4                                                                                                         │ 1162                      │
│ sky130_fd_sc_hd__decap_6                                                                                                         │ 1069                      │
│ sky130_fd_sc_hd__decap_8                                                                                                         │ 922                       │
│ sky130_fd_sc_hd__dfxtp_1                                                                                                         │ 1128                      │
│ sky130_fd_sc_hd__dfxtp_2                                                                                                         │ 14                        │
│ sky130_fd_sc_hd__diode_2                                                                                                         │ 17                        │
│ sky130_fd_sc_hd__dlygate4sd3_1                                                                                                   │ 923                       │
│ sky130_fd_sc_hd__dlymetal6s2s_1                                                                                                  │ 34                        │
│ sky130_fd_sc_hd__fill_1                                                                                                          │ 2591                      │
│ sky130_fd_sc_hd__fill_2                                                                                                          │ 1206                      │
│ sky130_fd_sc_hd__inv_12                                                                                                          │ 15                        │
│ sky130_fd_sc_hd__inv_16                                                                                                          │ 4                         │
│ sky130_fd_sc_hd__inv_2                                                                                                           │ 86                        │
│ sky130_fd_sc_hd__inv_6                                                                                                           │ 14                        │
│ sky130_fd_sc_hd__inv_8                                                                                                           │ 17                        │
│ sky130_fd_sc_hd__mux2_1                                                                                                          │ 803                       │
│ sky130_fd_sc_hd__mux4_1                                                                                                          │ 163                       │
│ sky130_fd_sc_hd__nand2_1                                                                                                         │ 459                       │
│ sky130_fd_sc_hd__nand2_2                                                                                                         │ 5                         │
│ sky130_fd_sc_hd__nand2_4                                                                                                         │ 3                         │
│ sky130_fd_sc_hd__nand2b_1                                                                                                        │ 96                        │
│ sky130_fd_sc_hd__nand2b_2                                                                                                        │ 1                         │
│ sky130_fd_sc_hd__nand3_1                                                                                                         │ 185                       │
│ sky130_fd_sc_hd__nand3_2                                                                                                         │ 48                        │
│ sky130_fd_sc_hd__nand3_4                                                                                                         │ 3                         │
│ sky130_fd_sc_hd__nand3b_1                                                                                                        │ 12                        │
│ sky130_fd_sc_hd__nand3b_2                                                                                                        │ 4                         │
│ sky130_fd_sc_hd__nand4_1                                                                                                         │ 71                        │
│ sky130_fd_sc_hd__nand4_2                                                                                                         │ 20                        │
│ sky130_fd_sc_hd__nand4_4                                                                                                         │ 1                         │
│ sky130_fd_sc_hd__nand4b_1                                                                                                        │ 1                         │
│ sky130_fd_sc_hd__nand4b_2                                                                                                        │ 1                         │
│ sky130_fd_sc_hd__nor2_1                                                                                                          │ 403                       │
│ sky130_fd_sc_hd__nor2_2                                                                                                          │ 21                        │
│ sky130_fd_sc_hd__nor3_1                                                                                                          │ 43                        │
│ sky130_fd_sc_hd__nor3_2                                                                                                          │ 4                         │
│ sky130_fd_sc_hd__nor3b_1                                                                                                         │ 6                         │
│ sky130_fd_sc_hd__nor4_1                                                                                                          │ 8                         │
│ sky130_fd_sc_hd__o2111a_1                                                                                                        │ 12                        │
│ sky130_fd_sc_hd__o2111ai_1                                                                                                       │ 1                         │
│ sky130_fd_sc_hd__o211a_1                                                                                                         │ 85                        │
│ sky130_fd_sc_hd__o211ai_1                                                                                                        │ 22                        │
│ sky130_fd_sc_hd__o211ai_2                                                                                                        │ 15                        │
│ sky130_fd_sc_hd__o211ai_4                                                                                                        │ 3                         │
│ sky130_fd_sc_hd__o21a_1                                                                                                          │ 147                       │
│ sky130_fd_sc_hd__o21ai_1                                                                                                         │ 139                       │
│ sky130_fd_sc_hd__o21ai_2                                                                                                         │ 9                         │
│ sky130_fd_sc_hd__o21ai_4                                                                                                         │ 1                         │
│ sky130_fd_sc_hd__o21ba_1                                                                                                         │ 37                        │
│ sky130_fd_sc_hd__o21bai_1                                                                                                        │ 27                        │
│ sky130_fd_sc_hd__o21bai_2                                                                                                        │ 2                         │
│ sky130_fd_sc_hd__o221a_1                                                                                                         │ 3                         │
│ sky130_fd_sc_hd__o22a_1                                                                                                          │ 16                        │
│ sky130_fd_sc_hd__o2bb2a_1                                                                                                        │ 12                        │
│ sky130_fd_sc_hd__o2bb2ai_1                                                                                                       │ 1                         │
│ sky130_fd_sc_hd__o311a_1                                                                                                         │ 6                         │
│ sky130_fd_sc_hd__o31a_1                                                                                                          │ 8                         │
│ sky130_fd_sc_hd__o31ai_1                                                                                                         │ 2                         │
│ sky130_fd_sc_hd__o31ai_2                                                                                                         │ 1                         │
│ sky130_fd_sc_hd__o32a_1                                                                                                          │ 8                         │
│ sky130_fd_sc_hd__o41a_1                                                                                                          │ 3                         │
│ sky130_fd_sc_hd__o41ai_2                                                                                                         │ 2                         │
│ sky130_fd_sc_hd__or2_1                                                                                                           │ 250                       │
│ sky130_fd_sc_hd__or2_2                                                                                                           │ 12                        │
│ sky130_fd_sc_hd__or3_1                                                                                                           │ 105                       │
│ sky130_fd_sc_hd__or3_2                                                                                                           │ 13                        │
│ sky130_fd_sc_hd__or3b_1                                                                                                          │ 15                        │
│ sky130_fd_sc_hd__or3b_2                                                                                                          │ 3                         │
│ sky130_fd_sc_hd__or4_1                                                                                                           │ 78                        │
│ sky130_fd_sc_hd__or4_2                                                                                                           │ 6                         │
│ sky130_fd_sc_hd__or4_4                                                                                                           │ 1                         │
│ sky130_fd_sc_hd__or4b_1                                                                                                          │ 8                         │
│ sky130_fd_sc_hd__or4b_2                                                                                                          │ 1                         │
│ sky130_fd_sc_hd__or4b_4                                                                                                          │ 2                         │
│ sky130_fd_sc_hd__or4bb_1                                                                                                         │ 4                         │
│ sky130_fd_sc_hd__or4bb_2                                                                                                         │ 1                         │
│ sky130_fd_sc_hd__or4bb_4                                                                                                         │ 1                         │
│ sky130_fd_sc_hd__tapvpwrvgnd_1                                                                                                   │ 2528                      │
│ sky130_fd_sc_hd__xnor2_1                                                                                                         │ 526                       │
│ sky130_fd_sc_hd__xnor2_2                                                                                                         │ 27                        │
│ sky130_fd_sc_hd__xnor2_4                                                                                                         │ 5                         │
│ sky130_fd_sc_hd__xor2_1                                                                                                          │ 176                       │
│ sky130_fd_sc_hd__xor2_2                                                                                                          │ 16                        │
└──────────────────────────────────────────────────────────────────────────────────────────────────────────────────────────────────┴───────────────────────────┘
