Clock: clk
Sources: clk 
Generated: no
Virtual: yes
Propagated: no
Period: 22.000000

===========================================================================
report_clock_properties
============================================================================
Clock                   Period          Waveform
----------------------------------------------------
clk                  22.000000    0.000000 11.000000

===========================================================================
report_clock_latency
============================================================================
Clock clk
rise -> rise
    min     max
0.000000 0.000000 source latency
8.269027         network latency _13655_/CLK
        8.627778 network latency _13193_/CLK
---------------
8.269027 8.627778 latency
        0.358751 skew

fall -> fall
    min     max
0.000000 0.000000 source latency
3.968100         network latency _13655_/CLK
        4.297925 network latency _13193_/CLK
---------------
3.968100 4.297925 latency
        0.329825 skew



===========================================================================
report_clock_min_period
============================================================================
clk period_min = 10.70 fmax = 93.50
