
===========================================================================
 report_power
============================================================================
======================= nom_tt_025C_1v80 Corner ===================================

Group                    Internal    Switching      Leakage        Total
                            Power        Power        Power        Power (Watts)
------------------------------------------------------------------------
Sequential           3.165752e-03 7.811135e-04 9.790236e-09 3.946875e-03  10.2%
Combinational        1.842998e-02 1.642085e-02 2.770259e-08 3.485085e-02  89.8%
Clock                0.000000e+00 0.000000e+00 1.010891e-09 1.010891e-09   0.0%
Macro                0.000000e+00 0.000000e+00 0.000000e+00 0.000000e+00   0.0%
Pad                  0.000000e+00 0.000000e+00 0.000000e+00 0.000000e+00   0.0%
------------------------------------------------------------------------
Total                2.159567e-02 1.720195e-02 3.850434e-08 3.879766e-02 100.0%
                            55.7%        44.3%         0.0%
Writing metric power__internal__total: 0.021595671772956848
Writing metric power__switching__total: 0.017201952636241913
Writing metric power__leakage__total: 3.850433571983558e-8
Writing metric power__total: 0.038797661662101746

