
===========================================================================
Violator List
============================================================================
[hold in-reg] s_axil_arvalid -> _14095_/D : -5.540241
[hold in-reg] s_axis_tuser -> _14107_/D : -5.515777
[hold in-reg] s_axis_tvalid -> _13662_/D : -5.510634
[hold in-reg] s_axis_tlast -> _13290_/D : -5.508344
[hold in-reg] s_axil_awvalid -> _14070_/D : -5.500653
[hold in-reg] s_axil_arvalid -> _13947_/D : -5.488457
[hold in-reg] s_axil_arvalid -> _14094_/D : -5.458011
[hold in-reg] s_axis_tdata[27] -> _13652_/D : -5.429925
[hold in-reg] s_axil_awvalid -> _13733_/D : -5.419676
[hold in-reg] s_axis_tdata[31] -> _13653_/D : -5.415604
[hold in-reg] s_axis_tdata[22] -> _14060_/D : -5.410552
[hold in-reg] s_axis_tdata[20] -> _14058_/D : -5.409244
[hold in-reg] m_axis_tready -> _13254_/D : -5.407281
[hold in-reg] m_axis_tready -> _14119_/D : -5.406503
[hold in-reg] s_axis_tdata[21] -> _14059_/D : -5.406098
[hold in-reg] s_axil_awaddr[0] -> _14069_/D : -5.404095
[hold in-reg] s_axis_tdata[8] -> _14046_/D : -5.401430
[hold in-reg] s_axis_tdata[7] -> _14045_/D : -5.401225
[hold in-reg] s_axis_tdata[11] -> _14049_/D : -5.395808
[hold in-reg] s_axis_tdata[9] -> _14047_/D : -5.395537
[hold in-reg] s_axis_tdata[10] -> _14048_/D : -5.393067
[hold in-reg] s_axis_tdata[12] -> _14050_/D : -5.385849
[hold in-reg] s_axis_tdata[13] -> _14051_/D : -5.384900
[hold in-reg] s_axis_tdata[14] -> _14052_/D : -5.380960
[hold in-reg] s_axis_tdata[19] -> _14057_/D : -5.373415
[hold in-reg] s_axis_tdata[18] -> _14056_/D : -5.368075
[hold in-reg] s_axis_tdata[17] -> _14055_/D : -5.367721
[hold in-reg] s_axis_tdata[3] -> _14041_/D : -5.359375
[hold in-reg] s_axis_tdata[1] -> _14039_/D : -5.357670
[hold in-reg] s_axis_tdata[15] -> _14053_/D : -5.354565
[hold in-reg] s_axis_tdata[0] -> _14038_/D : -5.346077
[hold in-reg] s_axis_tdata[5] -> _14043_/D : -5.334796
[hold in-reg] s_axis_tdata[6] -> _14044_/D : -5.331729
[hold in-reg] s_axis_tdata[16] -> _14054_/D : -5.331258
[hold in-reg] s_axis_tdata[4] -> _14042_/D : -5.330737
[hold in-reg] s_axis_tdata[2] -> _14040_/D : -5.329742
[hold in-reg] m_axis_tready -> _13255_/D : -5.327332
[hold in-reg] m_axis_tready -> _14120_/D : -5.325908
[hold in-reg] s_axis_tdata[28] -> _13659_/D : -5.306599
[hold in-reg] s_axis_tdata[30] -> _13661_/D : -5.305885
[hold in-reg] s_axis_tdata[26] -> _13657_/D : -5.303408
[hold in-reg] s_axis_tdata[27] -> _13658_/D : -5.302719
[hold in-reg] s_axis_tdata[29] -> _13660_/D : -5.302239
[hold in-reg] s_axis_tdata[23] -> _13654_/D : -5.302023
[hold in-reg] s_axis_tdata[25] -> _13656_/D : -5.301047
[hold in-reg] s_axis_tdata[24] -> _13655_/D : -5.300169
[hold in-reg] m_axis_tready -> _14138_/D : -5.150155
[hold in-reg] s_axis_tvalid -> _14127_/D : -5.123364
[hold in-reg] s_axis_tvalid -> _14132_/D : -5.122026
[hold in-reg] m_axis_tready -> _14134_/D : -5.111167
[hold in-reg] m_axis_tready -> _13256_/D : -5.103467
[hold in-reg] m_axis_tready -> _14121_/D : -5.103279
[hold in-reg] s_axis_tvalid -> _14130_/D : -5.103009
[hold in-reg] s_axis_tvalid -> _14131_/D : -5.102617
[hold in-reg] m_axis_tready -> _14136_/D : -5.087016
[hold in-reg] m_axis_tready -> _14122_/D : -5.080421
[hold in-reg] m_axis_tready -> _13257_/D : -5.080193
[hold in-reg] m_axis_tready -> _14133_/D : -5.070243
[hold in-reg] s_axis_tvalid -> _14128_/D : -5.067277
[hold in-reg] m_axis_tready -> _14135_/D : -5.060936
[hold in-reg] m_axis_tready -> _14137_/D : -5.047132
[hold in-reg] s_axis_tvalid -> _14129_/D : -4.814657
[hold in-reg] rst -> _13953_/D : -3.394108
[hold in-reg] rst -> _13470_/D : -3.367387
[hold in-reg] rst -> _13469_/D : -3.366412
[hold in-reg] rst -> _13468_/D : -3.365274
[hold in-reg] rst -> _13467_/D : -3.365109
[hold in-reg] rst -> _13474_/D : -3.364218
[hold in-reg] rst -> _13461_/D : -3.361899
[hold in-reg] rst -> _13464_/D : -3.360990
[hold in-reg] rst -> _13462_/D : -3.360173
[hold in-reg] rst -> _13460_/D : -3.359556
[hold in-reg] rst -> _13948_/D : -3.349008
[hold in-reg] rst -> _13949_/D : -3.348817
[hold in-reg] rst -> _13473_/D : -3.347805
[hold in-reg] rst -> _13471_/D : -3.347725
[hold in-reg] rst -> _13472_/D : -3.347224
[hold in-reg] rst -> _13952_/D : -3.346547
[hold in-reg] rst -> _13954_/D : -3.346291
[hold in-reg] rst -> _13950_/D : -3.345497
[hold in-reg] rst -> _13951_/D : -3.342944
[hold in-reg] rst -> _14001_/D : -3.272426
[hold in-reg] rst -> _14002_/D : -3.271714
[hold in-reg] rst -> _14000_/D : -3.269730
[hold in-reg] rst -> _13993_/D : -3.268260
[hold in-reg] rst -> _13466_/D : -3.251171
[hold in-reg] rst -> _13465_/D : -3.250773
[hold in-reg] rst -> _13463_/D : -3.249641
[hold in-reg] rst -> _13666_/D : -3.216483
[hold in-reg] rst -> _13665_/D : -3.212248
[hold in-reg] rst -> _13663_/D : -3.211742
[hold in-reg] rst -> _13997_/D : -3.189951
[hold in-reg] rst -> _13475_/D : -3.187630
[hold in-reg] rst -> _13996_/D : -3.184341
[hold in-reg] rst -> _13442_/D : -3.169885
[hold in-reg] rst -> _13441_/D : -3.169736
[hold in-reg] rst -> _13445_/D : -3.169657
[hold in-reg] rst -> _13443_/D : -3.169533
[hold in-reg] rst -> _13439_/D : -3.169491
[hold in-reg] rst -> _13437_/D : -3.169351
[hold in-reg] rst -> _13440_/D : -3.169341
[hold in-reg] rst -> _13444_/D : -3.169095
[hold in-reg] rst -> _13438_/D : -3.169090
[hold in-reg] rst -> _13447_/D : -3.168652
[hold in-reg] rst -> _13450_/D : -3.168206
[hold in-reg] rst -> _13449_/D : -3.168097
[hold in-reg] rst -> _13446_/D : -3.168053
[hold in-reg] rst -> _13448_/D : -3.167929
[hold in-reg] rst -> _13667_/D : -3.167877
[hold in-reg] rst -> _13453_/D : -3.166313
[hold in-reg] rst -> _13452_/D : -3.166278
[hold in-reg] rst -> _13454_/D : -3.166155
[hold in-reg] rst -> _13433_/D : -3.165476
[hold in-reg] rst -> _13434_/D : -3.165196
[hold in-reg] rst -> _13432_/D : -3.165097
[hold in-reg] rst -> _13435_/D : -3.164506
[hold in-reg] rst -> _13436_/D : -3.164319
[hold in-reg] rst -> _14010_/D : -3.164257
[hold in-reg] rst -> _13429_/D : -3.163703
[hold in-reg] rst -> _13431_/D : -3.163524
[hold in-reg] rst -> _14008_/D : -3.163517
[hold in-reg] rst -> _13424_/D : -3.163413
[hold in-reg] rst -> _13425_/D : -3.163350
[hold in-reg] rst -> _13426_/D : -3.163117
[hold in-reg] rst -> _13427_/D : -3.163119
[hold in-reg] rst -> _14009_/D : -3.162918
[hold in-reg] rst -> _14004_/D : -3.162833
[hold in-reg] rst -> _13955_/D : -3.162774
[hold in-reg] rst -> _13421_/D : -3.162415
[hold in-reg] rst -> _13428_/D : -3.162405
[hold in-reg] rst -> _13423_/D : -3.162366
[hold in-reg] rst -> _14005_/D : -3.162260
[hold in-reg] rst -> _13420_/D : -3.162249
[hold in-reg] rst -> _13430_/D : -3.162241
[hold in-reg] rst -> _13422_/D : -3.162208
[hold in-reg] rst -> _14007_/D : -3.161580
[hold in-reg] rst -> _13664_/D : -3.161036
[hold in-reg] rst -> _13972_/D : -3.159727
[hold in-reg] rst -> _14006_/D : -3.159726
[hold in-reg] rst -> _13970_/D : -3.159505
[hold in-reg] rst -> _13968_/D : -3.159014
[hold in-reg] rst -> _13956_/D : -3.158721
[hold in-reg] rst -> _13983_/D : -3.158024
[hold in-reg] rst -> _13984_/D : -3.157865
[hold in-reg] rst -> _13985_/D : -3.157802
[hold in-reg] rst -> _13976_/D : -3.157758
[hold in-reg] rst -> _13973_/D : -3.157722
[hold in-reg] rst -> _13975_/D : -3.157691
[hold in-reg] rst -> _13980_/D : -3.157599
[hold in-reg] rst -> _13458_/D : -3.157578
[hold in-reg] rst -> _13459_/D : -3.157539
[hold in-reg] rst -> _14012_/D : -3.157499
[hold in-reg] rst -> _13979_/D : -3.157428
[hold in-reg] rst -> _13965_/D : -3.157188
[hold in-reg] rst -> _13457_/D : -3.157069
[hold in-reg] rst -> _13960_/D : -3.157066
[hold in-reg] rst -> _13978_/D : -3.157004
[hold in-reg] rst -> _13987_/D : -3.157002
[hold in-reg] rst -> _13981_/D : -3.156997
[hold in-reg] rst -> _13957_/D : -3.156947
[hold in-reg] rst -> _13982_/D : -3.156912
[hold in-reg] rst -> _13964_/D : -3.156830
[hold in-reg] rst -> _13977_/D : -3.156822
[hold in-reg] rst -> _13971_/D : -3.156532
[hold in-reg] rst -> _13974_/D : -3.156518
[hold in-reg] rst -> _13963_/D : -3.156481
[hold in-reg] rst -> _13959_/D : -3.156325
[hold in-reg] rst -> _13958_/D : -3.156243
[hold in-reg] rst -> _13969_/D : -3.156013
[hold in-reg] rst -> _13966_/D : -3.155980
[hold in-reg] rst -> _13967_/D : -3.155857
[hold in-reg] rst -> _13962_/D : -3.155748
[hold in-reg] rst -> _13419_/D : -3.155574
[hold in-reg] rst -> _13961_/D : -3.155502
[hold in-reg] rst -> _13989_/D : -3.074372
[hold in-reg] rst -> _13695_/D : -3.073867
[hold in-reg] rst -> _13991_/D : -3.073776
[hold in-reg] rst -> _13689_/D : -3.072811
[hold in-reg] rst -> _13693_/D : -3.071613
[hold in-reg] rst -> _13694_/D : -3.070268
[hold in-reg] rst -> _13692_/D : -3.069974
[hold in-reg] rst -> _13990_/D : -3.068327
[hold in-reg] rst -> _13451_/D : -3.056635
[hold in-reg] rst -> _13455_/D : -3.047512
[hold in-reg] rst -> _13456_/D : -3.047511
[hold in-reg] rst -> _13999_/D : -3.016845
[hold in-reg] rst -> _14090_/D : -3.015843
[hold in-reg] rst -> _13998_/D : -3.014112
[hold in-reg] rst -> _14003_/D : -3.011494
[hold in-reg] rst -> _14087_/D : -3.008686
[hold in-reg] rst -> _13799_/D : -2.988076
[hold in-reg] rst -> _13801_/D : -2.986368
[hold in-reg] rst -> _14074_/D : -2.984538
[hold in-reg] rst -> _14072_/D : -2.984236
[hold in-reg] rst -> _14071_/D : -2.984013
[hold in-reg] rst -> _14073_/D : -2.983856
[hold in-reg] rst -> _13809_/D : -2.981859
[hold in-reg] rst -> _13817_/D : -2.980205
[hold in-reg] rst -> _13815_/D : -2.979075
[hold in-reg] rst -> _14088_/D : -2.978871
[hold in-reg] rst -> _14089_/D : -2.978649
[hold in-reg] rst -> _13670_/D : -2.975525
[hold in-reg] rst -> _13697_/D : -2.975068
[hold in-reg] rst -> _14086_/D : -2.974713
[hold in-reg] rst -> _13696_/D : -2.974171
[hold in-reg] rst -> _14085_/D : -2.972831
[hold in-reg] rst -> _14084_/D : -2.971416
[hold in-reg] rst -> _14083_/D : -2.971207
[hold in-reg] rst -> _14081_/D : -2.967945
[hold in-reg] rst -> _13698_/D : -2.967500
[hold in-reg] rst -> _14079_/D : -2.967177
[hold in-reg] rst -> _14078_/D : -2.967107
[hold in-reg] rst -> _14080_/D : -2.967104
[hold in-reg] rst -> _14076_/D : -2.966766
[hold in-reg] rst -> _14075_/D : -2.966617
[hold in-reg] rst -> _14082_/D : -2.966611
[hold in-reg] rst -> _13671_/D : -2.966045
[hold in-reg] rst -> _14077_/D : -2.965326
[hold in-reg] rst -> _14093_/D : -2.962798
[hold in-reg] rst -> _13686_/D : -2.962369
[hold in-reg] rst -> _14092_/D : -2.962186
[hold in-reg] rst -> _13677_/D : -2.960927
[hold in-reg] rst -> _14091_/D : -2.960831
[hold in-reg] rst -> _13673_/D : -2.960450
[hold in-reg] rst -> _13674_/D : -2.960000
[hold in-reg] rst -> _13766_/D : -2.895177
[hold in-reg] rst -> _13772_/D : -2.894861
[hold in-reg] rst -> _13767_/D : -2.892805
[hold in-reg] rst -> _13768_/D : -2.892640
[hold in-reg] rst -> _13773_/D : -2.891822
[hold in-reg] rst -> _13771_/D : -2.891355
[hold in-reg] rst -> _13770_/D : -2.890524
[hold in-reg] rst -> _13774_/D : -2.890476
[hold in-reg] rst -> _13780_/D : -2.889978
[hold in-reg] rst -> _13779_/D : -2.889263
[hold in-reg] rst -> _13777_/D : -2.888521
[hold in-reg] rst -> _13781_/D : -2.887194
[hold in-reg] rst -> _13778_/D : -2.887012
[hold in-reg] rst -> _13776_/D : -2.886309
[hold in-reg] rst -> _13783_/D : -2.886202
[hold in-reg] rst -> _13775_/D : -2.886129
[hold in-reg] rst -> _13782_/D : -2.885941
[hold in-reg] rst -> _13787_/D : -2.885818
[hold in-reg] rst -> _13785_/D : -2.885506
[hold in-reg] rst -> _13682_/D : -2.885208
[hold in-reg] rst -> _13784_/D : -2.884967
[hold in-reg] rst -> _13793_/D : -2.884712
[hold in-reg] rst -> _13681_/D : -2.883949
[hold in-reg] rst -> _13786_/D : -2.883945
[hold in-reg] rst -> _13794_/D : -2.883701
[hold in-reg] rst -> _13789_/D : -2.882917
[hold in-reg] rst -> _13792_/D : -2.882768
[hold in-reg] rst -> _13788_/D : -2.882352
[hold in-reg] rst -> _13791_/D : -2.882331
[hold in-reg] rst -> _13684_/D : -2.881620
[hold in-reg] rst -> _13769_/D : -2.881373
[hold in-reg] rst -> _13790_/D : -2.880671
[hold in-reg] rst -> _13795_/D : -2.880496
[hold in-reg] rst -> _13683_/D : -2.878960
[hold in-reg] rst -> _13685_/D : -2.878686
[hold in-reg] rst -> _13796_/D : -2.878230
[hold in-reg] rst -> _13687_/D : -2.875684
[hold in-reg] rst -> _13688_/D : -2.872473
[hold in-reg] rst -> _13810_/D : -2.861410
[hold in-reg] rst -> _13808_/D : -2.861066
[hold in-reg] rst -> _13802_/D : -2.852589
[hold in-reg] rst -> _13804_/D : -2.842414
[hold in-reg] rst -> _13668_/D : -2.819521
[hold in-reg] rst -> _13669_/D : -2.800536
[hold in-reg] rst -> _13691_/D : -2.797137
[hold in-reg] rst -> _13690_/D : -2.793509
[hold in-reg] rst -> _13800_/D : -2.755119
[hold in-reg] rst -> _14068_/D : -2.753377
[hold in-reg] rst -> _13831_/D : -2.747412
[hold in-reg] rst -> _13823_/D : -2.746774
[hold in-reg] rst -> _13814_/D : -2.744487
[hold in-reg] rst -> _13818_/D : -2.743112
[hold in-reg] rst -> _13827_/D : -2.739696
[hold in-reg] rst -> _14124_/D : -2.651108
[hold in-reg] rst -> _14123_/D : -2.650694
[hold in-reg] rst -> _14125_/D : -2.601936
[hold in-reg] rst -> _13735_/D : -2.540464
[hold in-reg] rst -> _13738_/D : -2.535003
[hold in-reg] rst -> _13741_/D : -2.531623
[hold in-reg] rst -> _13763_/D : -2.531569
[hold in-reg] rst -> _13742_/D : -2.531414
[hold in-reg] rst -> _13748_/D : -2.531013
[hold in-reg] rst -> _13749_/D : -2.530777
[hold in-reg] rst -> _13750_/D : -2.530269
[hold in-reg] rst -> _13747_/D : -2.530011
[hold in-reg] rst -> _13762_/D : -2.529935
[hold in-reg] rst -> _13746_/D : -2.529748
[hold in-reg] rst -> _13761_/D : -2.529456
[hold in-reg] rst -> _13751_/D : -2.529444
[hold in-reg] rst -> _13745_/D : -2.529423
[hold in-reg] rst -> _13753_/D : -2.529020
[hold in-reg] rst -> _13744_/D : -2.528976
[hold in-reg] rst -> _13755_/D : -2.528975
[hold in-reg] rst -> _13752_/D : -2.528764
[hold in-reg] rst -> _13756_/D : -2.528681
[hold in-reg] rst -> _13757_/D : -2.528548
[hold in-reg] rst -> _13760_/D : -2.528488
[hold in-reg] rst -> _13743_/D : -2.528255
[hold in-reg] rst -> _13754_/D : -2.528034
[hold in-reg] rst -> _13758_/D : -2.526697
[hold in-reg] rst -> _13764_/D : -2.525623
[hold in-reg] rst -> _13759_/D : -2.525521
[hold in-reg] rst -> _13813_/D : -2.520003
[hold in-reg] rst -> _13807_/D : -2.517213
[hold in-reg] rst -> _13816_/D : -2.514771
[hold in-reg] rst -> _13820_/D : -2.417061
[hold in-reg] rst -> _13821_/D : -2.399017
[hold in-reg] rst -> _13824_/D : -2.383799
[hold in-reg] rst -> _13822_/D : -2.383574
[hold in-reg] rst -> _13828_/D : -2.382958
[hold in-reg] rst -> _13994_/D : -2.346679
[hold in-reg] rst -> _13992_/D : -2.346080
[hold in-reg] rst -> _13995_/D : -2.345519
[hold in-reg] rst -> _13588_/D : -2.160915
[hold in-reg] rst -> _13587_/D : -2.160028
[hold in-reg] rst -> _13593_/D : -2.159767
[hold in-reg] rst -> _13605_/D : -2.159039
[hold in-reg] rst -> _13590_/D : -2.157845
[hold in-reg] rst -> _13615_/D : -2.156440
[hold in-reg] rst -> _13597_/D : -2.155477
[hold in-reg] rst -> _13358_/D : -2.154537
[hold in-reg] rst -> _13357_/D : -2.153346
[hold in-reg] rst -> _13363_/D : -2.152510
[hold in-reg] rst -> _13361_/D : -2.152102
[hold in-reg] rst -> _13375_/D : -2.152047
[hold in-reg] rst -> _13612_/D : -2.151873
[hold in-reg] rst -> _13591_/D : -2.150689
[hold in-reg] rst -> _13616_/D : -2.150617
[hold in-reg] rst -> _13242_/D : -2.150379
[hold in-reg] rst -> _13594_/D : -2.150076
[hold in-reg] rst -> _13585_/D : -2.149806
[hold in-reg] rst -> _13360_/D : -2.149167
[hold in-reg] rst -> _13225_/D : -2.148729
[hold in-reg] rst -> _13252_/D : -2.148592
[hold in-reg] rst -> _13224_/D : -2.148416
[hold in-reg] rst -> _13230_/D : -2.148365
[hold in-reg] rst -> _13367_/D : -2.147440
[hold in-reg] rst -> _13227_/D : -2.146856
[hold in-reg] rst -> _13385_/D : -2.145211
[hold in-reg] rst -> _13386_/D : -2.144160
[hold in-reg] rst -> _13355_/D : -2.141901
[hold in-reg] rst -> _13589_/D : -2.140316
[hold in-reg] rst -> _13234_/D : -2.140013
[hold in-reg] rst -> _13231_/D : -2.139539
[hold in-reg] rst -> _13253_/D : -2.139098
[hold in-reg] rst -> _13228_/D : -2.139023
[hold in-reg] rst -> _13596_/D : -2.138844
[hold in-reg] rst -> _13222_/D : -2.138655
[hold in-reg] rst -> _13586_/D : -2.138055
[hold in-reg] rst -> _13600_/D : -2.135689
[hold in-reg] rst -> _13382_/D : -2.128092
[hold in-reg] rst -> _13359_/D : -2.127187
[hold in-reg] rst -> _13370_/D : -2.127059
[hold in-reg] rst -> _13606_/D : -2.126812
[hold in-reg] rst -> _13249_/D : -2.125729
[hold in-reg] rst -> _13226_/D : -2.125274
[hold in-reg] rst -> _13237_/D : -2.122981
[hold in-reg] rst -> _13240_/D : -2.122614
[hold in-reg] rst -> _13364_/D : -2.120956
[hold in-reg] rst -> _13376_/D : -2.120667
[hold in-reg] rst -> _13243_/D : -2.116066
[hold in-reg] rst -> _13610_/D : -2.100241
[hold in-reg] rst -> _13602_/D : -2.098804
[hold in-reg] rst -> _13608_/D : -2.096936
[hold in-reg] rst -> _13603_/D : -2.096684
[hold in-reg] rst -> _13598_/D : -2.096511
[hold in-reg] rst -> _13366_/D : -2.090738
[hold in-reg] rst -> _13356_/D : -2.089885
[hold in-reg] rst -> _13372_/D : -2.089429
[hold in-reg] rst -> _13373_/D : -2.088153
[hold in-reg] rst -> _13378_/D : -2.088108
[hold in-reg] rst -> _13380_/D : -2.087704
[hold in-reg] rst -> _13368_/D : -2.087350
[hold in-reg] rst -> _13245_/D : -2.084698
[hold in-reg] rst -> _13223_/D : -2.084296
[hold in-reg] rst -> _13233_/D : -2.084158
[hold in-reg] rst -> _13599_/D : -2.079383
[hold in-reg] rst -> _13369_/D : -2.071498
[hold in-reg] rst -> _13235_/D : -2.069079
[hold in-reg] rst -> _13239_/D : -2.068099
[hold in-reg] rst -> _13154_/D : -2.054266
[hold in-reg] rst -> _13601_/D : -2.054127
[hold in-reg] rst -> _13609_/D : -2.050607
[hold in-reg] rst -> _13614_/D : -2.049901
[hold in-reg] rst -> _13592_/D : -2.049324
[hold in-reg] rst -> _13604_/D : -2.047760
[hold in-reg] rst -> _13371_/D : -2.046953
[hold in-reg] rst -> _13613_/D : -2.045570
[hold in-reg] rst -> _13611_/D : -2.045108
[hold in-reg] rst -> _13595_/D : -2.044981
[hold in-reg] rst -> _13042_/D : -2.044870
[hold in-reg] rst -> _13607_/D : -2.044427
[hold in-reg] rst -> _13362_/D : -2.041817
[hold in-reg] rst -> _13379_/D : -2.039997
[hold in-reg] rst -> _13381_/D : -2.039415
[hold in-reg] rst -> _13384_/D : -2.039249
[hold in-reg] rst -> _13374_/D : -2.036880
[hold in-reg] rst -> _13383_/D : -2.036155
[hold in-reg] rst -> _13377_/D : -2.035695
[hold in-reg] rst -> _13241_/D : -2.035686
[hold in-reg] rst -> _13365_/D : -2.035662
[hold in-reg] rst -> _13246_/D : -2.035646
[hold in-reg] rst -> _13038_/D : -2.035586
[hold in-reg] rst -> _13247_/D : -2.035532
[hold in-reg] rst -> _13150_/D : -2.035463
[hold in-reg] rst -> _13251_/D : -2.035086
[hold in-reg] rst -> _13229_/D : -2.034854
[hold in-reg] rst -> _13236_/D : -2.034577
[hold in-reg] rst -> _13248_/D : -2.029994
[hold in-reg] rst -> _13250_/D : -2.025086
[hold in-reg] rst -> _13232_/D : -2.025033
[hold in-reg] rst -> _13034_/D : -2.024754
[hold in-reg] rst -> _13244_/D : -2.024630
[hold in-reg] rst -> _13146_/D : -2.023203
[hold in-reg] rst -> _13238_/D : -2.019790
[hold in-reg] rst -> _13714_/D : -1.779724
[hold in-reg] rst -> _13722_/D : -1.779276
[hold in-reg] rst -> _13730_/D : -1.779010
[hold in-reg] rst -> _13712_/D : -1.778646
[hold in-reg] rst -> _13713_/D : -1.777958
[hold in-reg] rst -> _13715_/D : -1.777377
[hold in-reg] rst -> _13720_/D : -1.776833
[hold in-reg] rst -> _13724_/D : -1.776681
[hold in-reg] rst -> _13717_/D : -1.776392
[hold in-reg] rst -> _13719_/D : -1.776245
[hold in-reg] rst -> _13716_/D : -1.775819
[hold in-reg] rst -> _13708_/D : -1.775055
[hold in-reg] rst -> _13709_/D : -1.774388
[hold in-reg] rst -> _13711_/D : -1.773964
[hold in-reg] rst -> _13710_/D : -1.773672
[hold in-reg] rst -> _13706_/D : -1.773225
[hold in-reg] rst -> _13705_/D : -1.772824
[hold in-reg] rst -> _13707_/D : -1.772588
[hold in-reg] rst -> _13704_/D : -1.772583
[hold in-reg] rst -> _13702_/D : -1.772562
[hold in-reg] rst -> _13701_/D : -1.772012
[hold in-reg] rst -> _13700_/D : -1.770928
[hold in-reg] rst -> _13703_/D : -1.770698
[hold in-reg] rst -> _13725_/D : -1.770239
[hold in-reg] rst -> _13728_/D : -1.769448
[hold in-reg] rst -> _13721_/D : -1.767178
[hold in-reg] rst -> _13718_/D : -1.767164
[hold in-reg] rst -> _13723_/D : -1.766126
[hold in-reg] rst -> _13731_/D : -1.698107
[hold in-reg] rst -> _13726_/D : -1.631166
[hold in-reg] rst -> _13727_/D : -1.485408
[hold in-reg] rst -> _13729_/D : -1.475729
[hold in-reg] rst -> _14065_/D : -1.456550
[hold in-reg] rst -> _14064_/D : -1.451124
[hold in-reg] rst -> _14063_/D : -1.449685
[hold in-reg] rst -> _14019_/D : -1.444811
[hold in-reg] rst -> _13082_/D : -1.440327
[hold in-reg] rst -> _13081_/D : -1.439897
[hold in-reg] rst -> _13087_/D : -1.439846
[hold in-reg] rst -> _13099_/D : -1.439319
[hold in-reg] rst -> _14062_/D : -1.439174
[hold in-reg] rst -> _13084_/D : -1.438441
[hold in-reg] rst -> _14061_/D : -1.438083
[hold in-reg] rst -> _13091_/D : -1.433295
[hold in-reg] rst -> _13079_/D : -1.433134
[hold in-reg] rst -> _13088_/D : -1.432067
[hold in-reg] rst -> _13109_/D : -1.431764
[hold in-reg] rst -> _13110_/D : -1.431038
[hold in-reg] rst -> _13100_/D : -1.430572
[hold in-reg] rst -> _13085_/D : -1.430323
[hold in-reg] rst -> _13512_/D : -1.425434
[hold in-reg] rst -> _14034_/D : -1.422734
[hold in-reg] rst -> _14025_/D : -1.415678
[hold in-reg] rst -> _13094_/D : -1.415467
[hold in-reg] rst -> _13097_/D : -1.415141
[hold in-reg] rst -> _13106_/D : -1.414572
[hold in-reg] rst -> _13083_/D : -1.414173
[hold in-reg] rst -> _14022_/D : -1.410721
[hold in-reg] rst -> _14032_/D : -1.408212
[hold in-reg] rst -> _14018_/D : -1.406656
[hold in-reg] rst -> _14029_/D : -1.405367
[hold in-reg] rst -> _14016_/D : -1.398059
[hold in-reg] rst -> _14023_/D : -1.396583
[hold in-reg] rst -> _14017_/D : -1.395465
[hold in-reg] rst -> _13514_/D : -1.387862
[hold in-reg] rst -> _14026_/D : -1.383745
[hold in-reg] rst -> _14020_/D : -1.377649
[hold in-reg] rst -> _13090_/D : -1.375642
[hold in-reg] rst -> _13102_/D : -1.375518
[hold in-reg] rst -> _13096_/D : -1.375315
[hold in-reg] rst -> _13080_/D : -1.374193
[hold in-reg] rst -> _13519_/D : -1.360287
[hold in-reg] rst -> _13513_/D : -1.359679
[hold in-reg] rst -> _14035_/D : -1.358472
[hold in-reg] rst -> _13092_/D : -1.358273
[hold in-reg] rst -> _14031_/D : -1.356307
[hold in-reg] rst -> _14028_/D : -1.342136
[hold in-reg] rst -> _13520_/D : -1.331092
[hold in-reg] rst -> _13103_/D : -1.325173
[hold in-reg] rst -> _13108_/D : -1.325100
[hold in-reg] rst -> _13093_/D : -1.324998
[hold in-reg] rst -> _13104_/D : -1.324877
[hold in-reg] rst -> _13086_/D : -1.323227
[hold in-reg] rst -> _13098_/D : -1.322208
[hold in-reg] rst -> _13105_/D : -1.321015
[hold in-reg] rst -> _13157_/D : -1.316275
[hold in-reg] rst -> _13107_/D : -1.316116
[hold in-reg] rst -> _13089_/D : -1.315975
[hold in-reg] rst -> _13045_/D : -1.315855
[hold in-reg] rst -> _13101_/D : -1.315828
[hold in-reg] rst -> _13095_/D : -1.307229
[hold in-reg] rst -> _13515_/D : -1.265605
[hold in-reg] rst -> _14014_/D : -1.260124
[hold in-reg] rst -> _13516_/D : -1.203501
[hold in-reg] rst -> _14015_/D : -1.201888
[hold in-reg] rst -> _13518_/D : -1.178876
[hold in-reg] rst -> _14027_/D : -1.150097
[hold in-reg] rst -> _14033_/D : -1.144787
[hold in-reg] rst -> _13680_/D : -1.122073
[hold in-reg] rst -> _13675_/D : -1.119436
[hold in-reg] rst -> _13676_/D : -1.117770
[hold in-reg] rst -> _13679_/D : -1.117164
[hold in-reg] rst -> _13678_/D : -1.116621
[hold in-reg] rst -> _14030_/D : -1.103837
[hold in-reg] rst -> _13517_/D : -1.095686
[hold in-reg] rst -> _14036_/D : -1.095364
[hold in-reg] rst -> _14021_/D : -1.084406
[hold in-reg] rst -> _13050_/D : -1.064881
[hold in-reg] rst -> _13114_/D : -1.064717
[hold in-reg] rst -> _13049_/D : -1.064546
[hold in-reg] rst -> _13055_/D : -1.064437
[hold in-reg] rst -> _14024_/D : -1.064255
[hold in-reg] rst -> _13067_/D : -1.063837
[hold in-reg] rst -> _13113_/D : -1.063824
[hold in-reg] rst -> _13119_/D : -1.063634
[hold in-reg] rst -> _13052_/D : -1.062964
[hold in-reg] rst -> _13131_/D : -1.062854
[hold in-reg] rst -> _13120_/D : -1.062080
[hold in-reg] rst -> _13116_/D : -1.061741
[hold in-reg] rst -> _13111_/D : -1.061635
[hold in-reg] rst -> _13141_/D : -1.060183
[hold in-reg] rst -> _13123_/D : -1.059296
[hold in-reg] rst -> _13199_/D : -1.058010
[hold in-reg] rst -> _13059_/D : -1.057876
[hold in-reg] rst -> _13047_/D : -1.057573
[hold in-reg] rst -> _13407_/D : -1.056923
[hold in-reg] rst -> _13390_/D : -1.056726
[hold in-reg] rst -> _13056_/D : -1.056709
[hold in-reg] rst -> _13077_/D : -1.056224
[hold in-reg] rst -> _13195_/D : -1.056004
[hold in-reg] rst -> _13395_/D : -1.055922
[hold in-reg] rst -> _13078_/D : -1.055573
[hold in-reg] rst -> _13389_/D : -1.055548
[hold in-reg] rst -> _13393_/D : -1.055309
[hold in-reg] rst -> _13343_/D : -1.055252
[hold in-reg] rst -> _13053_/D : -1.055138
[hold in-reg] rst -> _13138_/D : -1.055130
[hold in-reg] rst -> _13068_/D : -1.054961
[hold in-reg] rst -> _13142_/D : -1.054660
[hold in-reg] rst -> _13117_/D : -1.054516
[hold in-reg] rst -> _13193_/D : -1.054055
[hold in-reg] rst -> _13192_/D : -1.053728
[hold in-reg] rst -> _13326_/D : -1.053594
[hold in-reg] rst -> _13353_/D : -1.053494
[hold in-reg] rst -> _13210_/D : -1.053397
[hold in-reg] rst -> _13198_/D : -1.053368
[hold in-reg] rst -> _13325_/D : -1.053290
[hold in-reg] rst -> _13331_/D : -1.053228
[hold in-reg] rst -> _13392_/D : -1.052573
[hold in-reg] rst -> _13328_/D : -1.051702
[hold in-reg] rst -> _13399_/D : -1.051114
[hold in-reg] rst -> _13190_/D : -1.050777
[hold in-reg] rst -> _13417_/D : -1.049938
[hold in-reg] rst -> _13202_/D : -1.049333
[hold in-reg] rst -> _13626_/D : -1.048382
[hold in-reg] rst -> _13619_/D : -1.047883
[hold in-reg] rst -> _13620_/D : -1.047856
[hold in-reg] rst -> _13418_/D : -1.047671
[hold in-reg] rst -> _13625_/D : -1.047363
[hold in-reg] rst -> _14143_/D : -1.047196
[hold in-reg] rst -> _13220_/D : -1.046789
[hold in-reg] rst -> _13637_/D : -1.046666
[hold in-reg] rst -> _13622_/D : -1.046127
[hold in-reg] rst -> _14142_/D : -1.045904
[hold in-reg] rst -> _14152_/D : -1.045733
[hold in-reg] rst -> _14148_/D : -1.045530
[hold in-reg] rst -> _13387_/D : -1.045479
[hold in-reg] rst -> _13335_/D : -1.044992
[hold in-reg] rst -> _14160_/D : -1.044951
[hold in-reg] rst -> _13196_/D : -1.044530
[hold in-reg] rst -> _13332_/D : -1.044429
[hold in-reg] rst -> _13354_/D : -1.044056
[hold in-reg] rst -> _13329_/D : -1.043841
[hold in-reg] rst -> _13323_/D : -1.043656
[hold in-reg] rst -> _14145_/D : -1.043492
[hold in-reg] rst -> _13221_/D : -1.043373
[hold in-reg] rst -> _13211_/D : -1.042418
[hold in-reg] rst -> _14170_/D : -1.042189
[hold in-reg] rst -> _13524_/D : -1.041438
[hold in-reg] rst -> _13122_/D : -1.041160
[hold in-reg] rst -> _13617_/D : -1.040729
[hold in-reg] rst -> _13260_/D : -1.040670
[hold in-reg] rst -> _13261_/D : -1.040539
[hold in-reg] rst -> _13266_/D : -1.040378
[hold in-reg] rst -> _14140_/D : -1.040338
[hold in-reg] rst -> _13523_/D : -1.040208
[hold in-reg] rst -> _14149_/D : -1.039997
[hold in-reg] rst -> _13629_/D : -1.039987
[hold in-reg] rst -> _13112_/D : -1.039970
[hold in-reg] rst -> _13062_/D : -1.039956
[hold in-reg] rst -> _13556_/D : -1.039738
[hold in-reg] rst -> _13263_/D : -1.039518
[hold in-reg] rst -> _13648_/D : -1.039465
[hold in-reg] rst -> _13132_/D : -1.039448
[hold in-reg] rst -> _13065_/D : -1.039369
[hold in-reg] rst -> _13529_/D : -1.039171
[hold in-reg] rst -> _13647_/D : -1.039169
[hold in-reg] rst -> _13278_/D : -1.039135
[hold in-reg] rst -> _13074_/D : -1.039117
[hold in-reg] rst -> _13561_/D : -1.038961
[hold in-reg] rst -> _13541_/D : -1.038906
[hold in-reg] rst -> _13555_/D : -1.038883
[hold in-reg] rst -> _13527_/D : -1.038637
[hold in-reg] rst -> _13638_/D : -1.038541
[hold in-reg] rst -> _13051_/D : -1.038515
[hold in-reg] rst -> _13126_/D : -1.038417
[hold in-reg] rst -> _13623_/D : -1.038378
[hold in-reg] rst -> _13115_/D : -1.038281
[hold in-reg] rst -> _13559_/D : -1.038157
[hold in-reg] rst -> _13573_/D : -1.037531
[hold in-reg] rst -> _13558_/D : -1.037294
[hold in-reg] rst -> _14167_/D : -1.037114
[hold in-reg] rst -> _14171_/D : -1.036764
[hold in-reg] rst -> _13288_/D : -1.036680
[hold in-reg] rst -> _14146_/D : -1.036581
[hold in-reg] rst -> _13526_/D : -1.036421
[hold in-reg] rst -> _13270_/D : -1.036049
[hold in-reg] rst -> _13267_/D : -1.035656
[hold in-reg] rst -> _13258_/D : -1.035354
[hold in-reg] rst -> _13178_/D : -1.035325
[hold in-reg] rst -> _13565_/D : -1.035140
[hold in-reg] rst -> _13533_/D : -1.034196
[hold in-reg] rst -> _13311_/D : -1.033762
[hold in-reg] rst -> _13161_/D : -1.033737
[hold in-reg] rst -> _13188_/D : -1.033731
[hold in-reg] rst -> _13160_/D : -1.033321
[hold in-reg] rst -> _13166_/D : -1.032882
[hold in-reg] rst -> _13414_/D : -1.032625
[hold in-reg] rst -> _13551_/D : -1.032460
[hold in-reg] rst -> _13205_/D : -1.032324
[hold in-reg] rst -> _13285_/D : -1.032050
[hold in-reg] rst -> _13321_/D : -1.031884
[hold in-reg] rst -> _13294_/D : -1.031864
[hold in-reg] rst -> _13391_/D : -1.031862
[hold in-reg] rst -> _13208_/D : -1.031735
[hold in-reg] rst -> _13163_/D : -1.031645
[hold in-reg] rst -> _13299_/D : -1.031521
[hold in-reg] rst -> _13289_/D : -1.031473
[hold in-reg] rst -> _13293_/D : -1.031391
[hold in-reg] rst -> _13264_/D : -1.031210
[hold in-reg] rst -> _13583_/D : -1.031181
[hold in-reg] rst -> _13402_/D : -1.030973
[hold in-reg] rst -> _13552_/D : -1.030970
[hold in-reg] rst -> _13584_/D : -1.030889
[hold in-reg] rst -> _13350_/D : -1.030561
[hold in-reg] rst -> _13574_/D : -1.030351
[hold in-reg] rst -> _13327_/D : -1.030260
[hold in-reg] rst -> _13296_/D : -1.030189
[hold in-reg] rst -> _13562_/D : -1.030083
[hold in-reg] rst -> _13279_/D : -1.029981
[hold in-reg] rst -> _13530_/D : -1.029917
[hold in-reg] rst -> _13553_/D : -1.029734
[hold in-reg] rst -> _13217_/D : -1.029599
[hold in-reg] rst -> _13521_/D : -1.029156
[hold in-reg] rst -> _13194_/D : -1.029093
[hold in-reg] rst -> _13338_/D : -1.028265
[hold in-reg] rst -> _13341_/D : -1.027676
[hold in-reg] rst -> _13170_/D : -1.024808
[hold in-reg] rst -> _14155_/D : -1.024488
[hold in-reg] rst -> _13396_/D : -1.024484
[hold in-reg] rst -> _13408_/D : -1.024154
[hold in-reg] rst -> _13167_/D : -1.024013
[hold in-reg] rst -> _13189_/D : -1.023975
[hold in-reg] rst -> _13164_/D : -1.023324
[hold in-reg] rst -> _13158_/D : -1.023224
[hold in-reg] rst -> _13632_/D : -1.023221
[hold in-reg] rst -> _13303_/D : -1.023159
[hold in-reg] rst -> _13635_/D : -1.023124
[hold in-reg] rst -> _13644_/D : -1.022844
[hold in-reg] rst -> _13179_/D : -1.022554
[hold in-reg] rst -> _13621_/D : -1.022464
[hold in-reg] rst -> _13300_/D : -1.022175
[hold in-reg] rst -> _13297_/D : -1.022110
[hold in-reg] rst -> _13291_/D : -1.022079
[hold in-reg] rst -> _13322_/D : -1.022024
[hold in-reg] rst -> _13262_/D : -1.021395
[hold in-reg] rst -> _14141_/D : -1.021062
[hold in-reg] rst -> _13344_/D : -1.021036
[hold in-reg] rst -> _14151_/D : -1.020942
[hold in-reg] rst -> _13312_/D : -1.020704
[hold in-reg] rst -> _14144_/D : -1.020246
[hold in-reg] rst -> _14161_/D : -1.017414
[hold in-reg] rst -> _13273_/D : -1.016266
[hold in-reg] rst -> _13548_/D : -1.014729
[hold in-reg] rst -> _13259_/D : -1.014443
[hold in-reg] rst -> _13580_/D : -1.014355
[hold in-reg] rst -> _13557_/D : -1.014270
[hold in-reg] rst -> _13525_/D : -1.014077
[hold in-reg] rst -> _13568_/D : -1.014003
[hold in-reg] rst -> _13536_/D : -1.013877
[hold in-reg] rst -> _13269_/D : -1.013524
[hold in-reg] rst -> _13185_/D : -1.010834
[hold in-reg] rst -> _13162_/D : -1.010238
[hold in-reg] rst -> _13318_/D : -1.009900
[hold in-reg] rst -> _13295_/D : -1.007903
[hold in-reg] rst -> _13176_/D : -1.007868
[hold in-reg] rst -> _13173_/D : -1.007638
[hold in-reg] rst -> _13542_/D : -1.007159
[hold in-reg] rst -> _13306_/D : -1.006001
[hold in-reg] rst -> _13309_/D : -1.005866
[hold in-reg] rst -> _13134_/D : -1.003158
[hold in-reg] rst -> _13128_/D : -1.001514
[hold in-reg] rst -> _13058_/D : -1.000061
[hold in-reg] rst -> _13070_/D : -1.000005
[hold in-reg] rst -> _13064_/D : -0.999583
[hold in-reg] rst -> _13124_/D : -0.999417
[hold in-reg] rst -> _13129_/D : -0.998789
[hold in-reg] rst -> _13136_/D : -0.998765
[hold in-reg] rst -> _13048_/D : -0.998379
[hold in-reg] rst -> _13398_/D : -0.994940
[hold in-reg] rst -> _13388_/D : -0.994082
[hold in-reg] rst -> _13404_/D : -0.993679
[hold in-reg] rst -> _13410_/D : -0.992413
[hold in-reg] rst -> _13405_/D : -0.992322
[hold in-reg] rst -> _13412_/D : -0.992046
[hold in-reg] rst -> _13213_/D : -0.991623
[hold in-reg] rst -> _13201_/D : -0.991411
[hold in-reg] rst -> _13400_/D : -0.991376
[hold in-reg] rst -> _13207_/D : -0.991241
[hold in-reg] rst -> _13191_/D : -0.989857
[hold in-reg] rst -> _13324_/D : -0.989612
[hold in-reg] rst -> _13346_/D : -0.989584
[hold in-reg] rst -> _13334_/D : -0.988960
[hold in-reg] rst -> _13125_/D : -0.985221
[hold in-reg] rst -> _14163_/D : -0.984102
[hold in-reg] rst -> _14158_/D : -0.983757
[hold in-reg] rst -> _13628_/D : -0.983585
[hold in-reg] rst -> _13634_/D : -0.982789
[hold in-reg] rst -> _13640_/D : -0.982722
[hold in-reg] rst -> _13060_/D : -0.982355
[hold in-reg] rst -> _14157_/D : -0.982086
[hold in-reg] rst -> _13618_/D : -0.981551
[hold in-reg] rst -> _13283_/D : -0.981323
[hold in-reg] rst -> _14165_/D : -0.980929
[hold in-reg] rst -> _14153_/D : -0.980596
[hold in-reg] rst -> _13564_/D : -0.980020
[hold in-reg] rst -> _13532_/D : -0.980001
[hold in-reg] rst -> _13554_/D : -0.978070
[hold in-reg] rst -> _13281_/D : -0.978011
[hold in-reg] rst -> _13522_/D : -0.977548
[hold in-reg] rst -> _13739_/D : -0.977414
[hold in-reg] rst -> _13538_/D : -0.976906
[hold in-reg] rst -> _13570_/D : -0.976777
[hold in-reg] rst -> _13276_/D : -0.976599
[hold in-reg] rst -> _13275_/D : -0.976567
[hold in-reg] rst -> _13740_/D : -0.976534
[hold in-reg] rst -> _13401_/D : -0.975763
[hold in-reg] rst -> _13271_/D : -0.975656
[hold in-reg] rst -> _13576_/D : -0.975397
[hold in-reg] rst -> _13539_/D : -0.974981
[hold in-reg] rst -> _13544_/D : -0.974875
[hold in-reg] rst -> _13571_/D : -0.974695
[hold in-reg] rst -> _13566_/D : -0.974683
[hold in-reg] rst -> _13534_/D : -0.974631
[hold in-reg] rst -> _13578_/D : -0.974381
[hold in-reg] rst -> _13546_/D : -0.974240
[hold in-reg] rst -> _13336_/D : -0.974117
[hold in-reg] rst -> _13203_/D : -0.973357
[hold in-reg] rst -> _13340_/D : -0.972941
[hold in-reg] rst -> _13736_/D : -0.972418
[hold in-reg] rst -> _13737_/D : -0.972200
[hold in-reg] rst -> _13181_/D : -0.970301
[hold in-reg] rst -> _13159_/D : -0.969252
[hold in-reg] rst -> _13830_/D : -0.969243
[hold in-reg] rst -> _13169_/D : -0.969041
[hold in-reg] rst -> _13314_/D : -0.968096
[hold in-reg] rst -> _13292_/D : -0.967972
[hold in-reg] rst -> _13302_/D : -0.967621
[hold in-reg] rst -> _13825_/D : -0.967042
[hold in-reg] rst -> _14154_/D : -0.965180
[hold in-reg] rst -> _13630_/D : -0.965145
[hold in-reg] rst -> _13826_/D : -0.960667
[hold in-reg] rst -> _13272_/D : -0.959250
[hold in-reg] rst -> _13127_/D : -0.958520
[hold in-reg] rst -> _13535_/D : -0.958468
[hold in-reg] rst -> _13155_/D : -0.958122
[hold in-reg] rst -> _13567_/D : -0.958119
[hold in-reg] rst -> _13171_/D : -0.954704
[hold in-reg] rst -> _13175_/D : -0.953269
[hold in-reg] rst -> _13304_/D : -0.953031
[hold in-reg] rst -> _13403_/D : -0.951305
[hold in-reg] rst -> _13308_/D : -0.951037
[hold in-reg] rst -> _13130_/D : -0.950905
[hold in-reg] rst -> _13118_/D : -0.950273
[hold in-reg] rst -> _13135_/D : -0.949983
[hold in-reg] rst -> _13140_/D : -0.949888
[hold in-reg] rst -> _13071_/D : -0.949686
[hold in-reg] rst -> _13076_/D : -0.949481
[hold in-reg] rst -> _13061_/D : -0.949347
[hold in-reg] rst -> _13072_/D : -0.949265
[hold in-reg] rst -> _13139_/D : -0.948119
[hold in-reg] rst -> _13043_/D : -0.947809
[hold in-reg] rst -> _13133_/D : -0.947729
[hold in-reg] rst -> _13054_/D : -0.947562
[hold in-reg] rst -> _13121_/D : -0.947494
[hold in-reg] rst -> _13137_/D : -0.946795
[hold in-reg] rst -> _13066_/D : -0.946634
[hold in-reg] rst -> _13394_/D : -0.946108
[hold in-reg] rst -> _13073_/D : -0.945400
[hold in-reg] rst -> _13411_/D : -0.944253
[hold in-reg] rst -> _13413_/D : -0.943621
[hold in-reg] rst -> _13416_/D : -0.943369
[hold in-reg] rst -> _13075_/D : -0.941525
[hold in-reg] rst -> _13057_/D : -0.941325
[hold in-reg] rst -> _13406_/D : -0.941204
[hold in-reg] rst -> _13031_/D : -0.941180
[hold in-reg] rst -> _13342_/D : -0.940959
[hold in-reg] rst -> _13069_/D : -0.940949
[hold in-reg] rst -> _13415_/D : -0.940689
[hold in-reg] rst -> _13347_/D : -0.940543
[hold in-reg] rst -> _13348_/D : -0.940489
[hold in-reg] rst -> _13215_/D : -0.940331
[hold in-reg] rst -> _13214_/D : -0.940315
[hold in-reg] rst -> _13409_/D : -0.940278
[hold in-reg] rst -> _13219_/D : -0.940265
[hold in-reg] rst -> _13397_/D : -0.940253
[hold in-reg] rst -> _13039_/D : -0.940201
[hold in-reg] rst -> _13352_/D : -0.940095
[hold in-reg] rst -> _13151_/D : -0.939831
[hold in-reg] rst -> _13330_/D : -0.939772
[hold in-reg] rst -> _13204_/D : -0.939716
[hold in-reg] rst -> _13337_/D : -0.939442
[hold in-reg] rst -> _13143_/D : -0.939242
[hold in-reg] rst -> _14156_/D : -0.939155
[hold in-reg] rst -> _13156_/D : -0.938626
[hold in-reg] rst -> _13197_/D : -0.938560
[hold in-reg] rst -> _13209_/D : -0.937702
[hold in-reg] rst -> _13216_/D : -0.935821
[hold in-reg] rst -> _13349_/D : -0.935102
[hold in-reg] rst -> _13274_/D : -0.934762
[hold in-reg] rst -> _13148_/D : -0.934489
[hold in-reg] rst -> _13537_/D : -0.934202
[hold in-reg] rst -> _13569_/D : -0.934121
[hold in-reg] rst -> _13145_/D : -0.933239
[hold in-reg] rst -> _13033_/D : -0.932859
[hold in-reg] rst -> _13218_/D : -0.932729
[hold in-reg] rst -> _13200_/D : -0.932671
[hold in-reg] rst -> _13212_/D : -0.932633
[hold in-reg] rst -> _13646_/D : -0.932590
[hold in-reg] rst -> _13641_/D : -0.932545
[hold in-reg] rst -> _14159_/D : -0.932545
[hold in-reg] rst -> _13642_/D : -0.932443
[hold in-reg] rst -> _13063_/D : -0.932156
[hold in-reg] rst -> _14147_/D : -0.931824
[hold in-reg] rst -> _14169_/D : -0.931600
[hold in-reg] rst -> _13282_/D : -0.931578
[hold in-reg] rst -> _13631_/D : -0.931471
[hold in-reg] rst -> _13287_/D : -0.931452
[hold in-reg] rst -> _14164_/D : -0.931453
[hold in-reg] rst -> _13265_/D : -0.930553
[hold in-reg] rst -> _13636_/D : -0.930410
[hold in-reg] rst -> _13351_/D : -0.930386
[hold in-reg] rst -> _13624_/D : -0.930349
[hold in-reg] rst -> _13333_/D : -0.930244
[hold in-reg] rst -> _13035_/D : -0.930158
[hold in-reg] rst -> _13345_/D : -0.930046
[hold in-reg] rst -> _13277_/D : -0.930014
[hold in-reg] rst -> _13147_/D : -0.929201
[hold in-reg] rst -> _13560_/D : -0.929125
[hold in-reg] rst -> _13528_/D : -0.928996
[hold in-reg] rst -> _14162_/D : -0.928840
[hold in-reg] rst -> _13044_/D : -0.928830
[hold in-reg] rst -> _13643_/D : -0.928722
[hold in-reg] rst -> _14150_/D : -0.928499
[hold in-reg] rst -> _14166_/D : -0.927844
[hold in-reg] rst -> _13545_/D : -0.926699
[hold in-reg] rst -> _14168_/D : -0.926611
[hold in-reg] rst -> _13579_/D : -0.926568
[hold in-reg] rst -> _13036_/D : -0.926550
[hold in-reg] rst -> _13268_/D : -0.926530
[hold in-reg] rst -> _13577_/D : -0.926512
[hold in-reg] rst -> _13284_/D : -0.926462
[hold in-reg] rst -> _13547_/D : -0.926438
[hold in-reg] rst -> _13280_/D : -0.926389
[hold in-reg] rst -> _13582_/D : -0.925853
[hold in-reg] rst -> _13550_/D : -0.925700
[hold in-reg] rst -> _13339_/D : -0.925114
[hold in-reg] rst -> _13627_/D : -0.925086
[hold in-reg] rst -> _13540_/D : -0.925080
[hold in-reg] rst -> _13645_/D : -0.925042
[hold in-reg] rst -> _13572_/D : -0.924796
[hold in-reg] rst -> _13639_/D : -0.924589
[hold in-reg] rst -> _13032_/D : -0.924353
[hold in-reg] rst -> _13286_/D : -0.924300
[hold in-reg] rst -> _13144_/D : -0.924295
[hold in-reg] rst -> _13581_/D : -0.923664
[hold in-reg] rst -> _13206_/D : -0.923586
[hold in-reg] rst -> _13153_/D : -0.923457
[hold in-reg] rst -> _13543_/D : -0.923251
[hold in-reg] rst -> _13040_/D : -0.923117
[hold in-reg] rst -> _13575_/D : -0.923118
[hold in-reg] rst -> _13549_/D : -0.923081
[hold in-reg] rst -> _13563_/D : -0.922961
[hold in-reg] rst -> _13041_/D : -0.922926
[hold in-reg] rst -> _13531_/D : -0.922919
[hold in-reg] rst -> _13152_/D : -0.922613
[hold in-reg] rst -> _13633_/D : -0.921165
[hold in-reg] rst -> _13182_/D : -0.920925
[hold in-reg] rst -> _13177_/D : -0.920853
[hold in-reg] rst -> _13183_/D : -0.920693
[hold in-reg] rst -> _13165_/D : -0.920630
[hold in-reg] rst -> _13172_/D : -0.920021
[hold in-reg] rst -> _13187_/D : -0.919907
[hold in-reg] rst -> _13315_/D : -0.919303
[hold in-reg] rst -> _13310_/D : -0.918983
[hold in-reg] rst -> _13320_/D : -0.918951
[hold in-reg] rst -> _13316_/D : -0.918934
[hold in-reg] rst -> _13305_/D : -0.918685
[hold in-reg] rst -> _13298_/D : -0.918591
[hold in-reg] rst -> _13184_/D : -0.915543
[hold in-reg] rst -> _13317_/D : -0.913340
[hold in-reg] rst -> _13186_/D : -0.910945
[hold in-reg] rst -> _13168_/D : -0.910412
[hold in-reg] rst -> _14139_/D : -0.910294
[hold in-reg] rst -> _13180_/D : -0.910168
[hold in-reg] rst -> _13319_/D : -0.909661
[hold in-reg] rst -> _13301_/D : -0.909251
[hold in-reg] rst -> _13037_/D : -0.908925
[hold in-reg] rst -> _13313_/D : -0.908844
[hold in-reg] rst -> _13149_/D : -0.908434
[hold in-reg] rst -> _13046_/D : -0.908186
[hold in-reg] rst -> _13174_/D : -0.905920
[hold in-reg] rst -> _13307_/D : -0.903817
[hold in-reg] rst -> _13986_/D : -0.854703
[hold in-reg] rst -> _14011_/D : -0.832493
[hold in-reg] rst -> _13734_/D : -0.832016
[hold in-reg] rst -> _13819_/D : -0.819834
[hold in-reg] rst -> _13862_/D : -0.817174
[hold in-reg] rst -> _13847_/D : -0.817109
[hold in-reg] rst -> _13848_/D : -0.817071
[hold in-reg] rst -> _13850_/D : -0.816126
[hold in-reg] rst -> _13849_/D : -0.815745
[hold in-reg] rst -> _13857_/D : -0.815657
[hold in-reg] rst -> _13846_/D : -0.814910
[hold in-reg] rst -> _13853_/D : -0.814508
[hold in-reg] rst -> _13844_/D : -0.814348
[hold in-reg] rst -> _13851_/D : -0.814246
[hold in-reg] rst -> _13852_/D : -0.814198
[hold in-reg] rst -> _13855_/D : -0.814113
[hold in-reg] rst -> _13845_/D : -0.813850
[hold in-reg] rst -> _14067_/D : -0.806684
[hold in-reg] rst -> _13854_/D : -0.798614
[hold in-reg] rst -> _14114_/D : -0.797815
[hold in-reg] rst -> _14115_/D : -0.796548
[hold in-reg] rst -> _14113_/D : -0.796233
[hold in-reg] rst -> _14116_/D : -0.796065
[hold in-reg] rst -> _13856_/D : -0.792469
[hold in-reg] rst -> _14112_/D : -0.791056
[hold in-reg] rst -> _13858_/D : -0.789623
[hold in-reg] rst -> _13859_/D : -0.787603
[hold in-reg] rst -> _14099_/D : -0.783554
[hold in-reg] rst -> _14098_/D : -0.782802
[hold in-reg] rst -> _14097_/D : -0.782489
[hold in-reg] rst -> _13861_/D : -0.782284
[hold in-reg] rst -> _14118_/D : -0.782117
[hold in-reg] rst -> _14111_/D : -0.781949
[hold in-reg] rst -> _14100_/D : -0.781361
[hold in-reg] rst -> _14101_/D : -0.781224
[hold in-reg] rst -> _13860_/D : -0.781050
[hold in-reg] rst -> _14117_/D : -0.780596
[hold in-reg] rst -> _14102_/D : -0.780110
[hold in-reg] rst -> _14103_/D : -0.779573
[hold in-reg] rst -> _14104_/D : -0.776652
[hold in-reg] rst -> _14110_/D : -0.773077
[hold in-reg] rst -> _14105_/D : -0.770962
[hold in-reg] rst -> _14037_/D : -0.768603
[hold in-reg] rst -> _14013_/D : -0.768412
[hold in-reg] rst -> _13988_/D : -0.768099
[hold in-reg] rst -> _13651_/D : -0.765945
[hold in-reg] rst -> _14066_/D : -0.765803
[hold in-reg] rst -> _13765_/D : -0.765547
[hold in-reg] rst -> _13797_/D : -0.763838
[hold in-reg] rst -> _13650_/D : -0.762749
[hold in-reg] rst -> _13832_/D : -0.755861
[hold in-reg] rst -> _13649_/D : -0.755756
[hold in-reg] rst -> _13829_/D : -0.753562
[hold in-reg] rst -> _13803_/D : -0.750982
[hold in-reg] rst -> _13812_/D : -0.750724
[hold in-reg] rst -> _13811_/D : -0.750006
[hold in-reg] rst -> _13805_/D : -0.748848
[hold in-reg] rst -> _13798_/D : -0.740443
[hold in-reg] rst -> _13732_/D : -0.739771
[hold in-reg] rst -> _14106_/D : -0.735769
[hold in-reg] rst -> _14109_/D : -0.731943
[hold in-reg] rst -> _13699_/D : -0.729969
[hold in-reg] rst -> _14108_/D : -0.721076
[hold in-reg] rst -> _14126_/D : -0.720451
[hold in-reg] rst -> _13672_/D : -0.719046
[hold in-reg] rst -> _14096_/D : -0.714163
[hold in-reg] rst -> _13806_/D : -0.705402
[hold in-reg] rst -> _13843_/D : -0.533439
[hold in-reg] rst -> _13837_/D : -0.533344
[hold in-reg] rst -> _13836_/D : -0.533111
[hold in-reg] rst -> _13835_/D : -0.531612
[hold in-reg] rst -> _13834_/D : -0.531433
[hold in-reg] rst -> _13841_/D : -0.531049
[hold in-reg] rst -> _13842_/D : -0.530670
[hold in-reg] rst -> _13838_/D : -0.529016
[hold in-reg] rst -> _13833_/D : -0.528901
[hold in-reg] rst -> _13839_/D : -0.527285
[hold in-reg] rst -> _13840_/D : -0.527233
[hold in-reg] rst -> _14172_/D : -0.309852
Writing metric timing__hold_vio__count__corner:nom_tt_025C_1v80: 1022
Writing metric timing__hold_r2r__ws__corner:nom_tt_025C_1v80: 0.357804
Writing metric timing__hold_r2r_vio__count__corner:nom_tt_025C_1v80: 0
Writing metric timing__setup_vio__count__corner:nom_tt_025C_1v80: 0
Writing metric timing__setup_r2r__ws__corner:nom_tt_025C_1v80: 11.304735
Writing metric timing__setup_r2r_vio__count__corner:nom_tt_025C_1v80: 0
