%Warning-WIDTHEXPAND: /home/systemuser/Documents/ECE/510/Project/m3/rtl/q16_to_fp32.sv:107:55: Operator SUB expects 8 bits on the RHS, but RHS's FUNCREF 'clz32' generates 5 bits.
                                                                                             : ... note: In instance 'gelu_top.u_interface.u_gelu_fp32.u_q16_to_fp32'
  107 |             s2_exp     <= s1_is_zero ? 8'd0 : (8'd142 - clz32(s1_mag));
      |                                                       ^
                      ... For warning description see https://verilator.org/warn/WIDTHEXPAND?v=5.018
                      ... Use "/* verilator lint_off WIDTHEXPAND */" and lint_on around source to disable this message.
%Warning-WIDTHEXPAND: /home/systemuser/Documents/ECE/510/Project/m3/rtl/q16_to_fp32.sv:145:57: Operator ADD expects 24 bits on the RHS, but RHS's VARREF 'round_up' generates 1 bits.
                                                                                             : ... note: In instance 'gelu_top.u_interface.u_gelu_fp32.u_q16_to_fp32'
  145 |     assign rounded_mantissa = {1'b0, s3_norm_mag[30:8]} + round_up;
      |                                                         ^
%Warning-WIDTHEXPAND: /home/systemuser/Documents/ECE/510/Project/m3/rtl/fp32_to_q16.sv:154:33: Operator ADD expects 32 bits on the RHS, but RHS's VARREF 'round_up' generates 1 bits.
                                                                                             : ... note: In instance 'gelu_top.u_interface.u_gelu_fp32.u_fp32_to_q16'
  154 |     assign rounded_mag = s3_mag + round_up;
      |                                 ^
%Warning-WIDTHEXPAND: /home/systemuser/Documents/ECE/510/Project/m3/rtl/compute_core.sv:153:45: Operator ADD expects 64 bits on the RHS, but RHS's VARREF 's3_b' generates 32 bits.
                                                                                              : ... note: In instance 'gelu_top.u_interface.u_gelu_fp32.u_synth_top'
  153 |     assign s4_sum = (s3_mult >>> FRAC_BITS) + s3_b;
      |                                             ^
%Warning-UNUSEDSIGNAL: /home/systemuser/Documents/ECE/510/Project/m3/rtl/interface.sv:74:25: Bits of signal are not used: 's_axil_wdata'[31:1]
                                                                                           : ... note: In instance 'gelu_top.u_interface'
   74 |     input  logic [31:0] s_axil_wdata,
      |                         ^~~~~~~~~~~~
%Warning-UNUSEDSIGNAL: /home/systemuser/Documents/ECE/510/Project/m3/rtl/interface.sv:75:25: Bits of signal are not used: 's_axil_wstrb'[3:1]
                                                                                           : ... note: In instance 'gelu_top.u_interface'
   75 |     input  logic [3:0]  s_axil_wstrb,
      |                         ^~~~~~~~~~~~
%Warning-UNUSEDSIGNAL: /home/systemuser/Documents/ECE/510/Project/m3/rtl/compute_core.sv:55:18: Bits of signal are not driven, nor used: 's1_hits'[23:20]
                                                                                              : ... note: In instance 'gelu_top.u_interface.u_gelu_fp32.u_synth_top'
   55 |     logic [23:0] s1_hits;
      |                  ^~~~~~~
%Warning-UNUSEDSIGNAL: /home/systemuser/Documents/ECE/510/Project/m3/rtl/q16_to_fp32.sv:116:18: Bits of signal are not used: 's3_norm_mag'[31]
                                                                                              : ... note: In instance 'gelu_top.u_interface.u_gelu_fp32.u_q16_to_fp32'
  116 |     logic [31:0] s3_norm_mag;
      |                  ^~~~~~~~~~~
%Warning-BLKSEQ: /home/systemuser/Documents/ECE/510/Project/m3/rtl/fp32_to_q16.sv:95:23: Blocking assignment '=' in sequential logic process
                                                                                       : ... Suggest using delayed assignment '<='
   95 |             raw_shift = 9'sd142 - {1'b0, s1_exp};
      |                       ^
%Warning-BLKSEQ: /home/systemuser/Documents/ECE/510/Project/m3/rtl/fp32_to_q16.sv:132:23: Blocking assignment '=' in sequential logic process
                                                                                        : ... Suggest using delayed assignment '<='
  132 |             shift_in  = {s2_norm_mag, 32'b0};
      |                       ^
%Warning-BLKSEQ: /home/systemuser/Documents/ECE/510/Project/m3/rtl/fp32_to_q16.sv:133:23: Blocking assignment '=' in sequential logic process
                                                                                        : ... Suggest using delayed assignment '<='
  133 |             shift_out = shift_in >> s2_shift;
      |                       ^
