Clock: clk
Sources: clk 
Generated: no
Virtual: yes
Propagated: no
Period: 22.000000

===========================================================================
report_clock_properties
============================================================================
Clock                   Period          Waveform
----------------------------------------------------
clk                  22.000000    0.000000 11.000000

===========================================================================
report_clock_latency
============================================================================
Clock clk
rise -> rise
    min     max
0.000000 0.000000 source latency
0.904411         network latency _13846_/CLK
        0.967055 network latency _13061_/CLK
---------------
0.904411 0.967055 latency
        0.062644 skew

fall -> fall
    min     max
0.000000 0.000000 source latency
0.746244         network latency _13846_/CLK
        0.792817 network latency _13061_/CLK
---------------
0.746244 0.792817 latency
        0.046573 skew



===========================================================================
report_clock_min_period
============================================================================
clk period_min = 10.03 fmax = 99.73
