
===========================================================================
 report_power
============================================================================
======================= min_tt_025C_1v80 Corner ===================================

Group                    Internal    Switching      Leakage        Total
                            Power        Power        Power        Power (Watts)
------------------------------------------------------------------------
Sequential           2.484525e-03 2.284212e-04 9.320504e-09 2.712955e-03   9.1%
Combinational        1.192462e-02 1.368218e-02 3.511983e-08 2.560684e-02  86.0%
Clock                6.308873e-04 8.341259e-04 1.560690e-08 1.465029e-03   4.9%
Macro                0.000000e+00 0.000000e+00 0.000000e+00 0.000000e+00   0.0%
Pad                  0.000000e+00 0.000000e+00 0.000000e+00 0.000000e+00   0.0%
------------------------------------------------------------------------
Total                1.504000e-02 1.474474e-02 6.004764e-08 2.978480e-02 100.0%
                            50.5%        49.5%         0.0%

