
===========================================================================
report_checks -unconstrained
===========================================================================
======================= min_ss_100C_1v60 Corner ===================================

Startpoint: _13499_ (rising edge-triggered flip-flop clocked by clk)
Endpoint: _13832_ (rising edge-triggered flip-flop clocked by clk)
Path Group: clk
Path Type: max

Fanout         Cap        Slew       Delay        Time   Description
---------------------------------------------------------------------------------------------
                                  0.000000    0.000000   clock clk (rise edge)
                                  0.000000    0.000000   clock source latency
     1    0.058397    0.419296    0.295712    0.295712 ^ clk (in)
                                                         clk (net)
                      0.419500    0.000000    0.295712 ^ clkbuf_0_clk/A (sky130_fd_sc_hd__clkbuf_16)
     8    0.165950    0.270491    0.534827    0.830539 ^ clkbuf_0_clk/X (sky130_fd_sc_hd__clkbuf_16)
                                                         clknet_0_clk (net)
                      0.270714    0.007110    0.837649 ^ clkbuf_3_2__f_clk/A (sky130_fd_sc_hd__clkbuf_16)
    14    0.126542    0.214038    0.433996    1.271645 ^ clkbuf_3_2__f_clk/X (sky130_fd_sc_hd__clkbuf_16)
                                                         clknet_3_2__leaf_clk (net)
                      0.214045    0.001519    1.273164 ^ clkbuf_leaf_3_clk/A (sky130_fd_sc_hd__clkbuf_8)
    21    0.056918    0.170981    0.375002    1.648166 ^ clkbuf_leaf_3_clk/X (sky130_fd_sc_hd__clkbuf_8)
                                                         clknet_leaf_3_clk (net)
                      0.170981    0.000628    1.648795 ^ _13499_/CLK (sky130_fd_sc_hd__dfxtp_1)
     1    0.011671    0.189406    0.765814    2.414608 ^ _13499_/Q (sky130_fd_sc_hd__dfxtp_1)
                                                         u_interface.u_gelu_fp32.u_synth_top.s2_m[12] (net)
                      0.189406    0.000474    2.415083 ^ fanout683/A (sky130_fd_sc_hd__buf_2)
     5    0.054556    0.423476    0.506193    2.921276 ^ fanout683/X (sky130_fd_sc_hd__buf_2)
                                                         net683 (net)
                      0.423476    0.000102    2.921378 ^ fanout682/A (sky130_fd_sc_hd__buf_2)
     8    0.043311    0.340555    0.539608    3.460986 ^ fanout682/X (sky130_fd_sc_hd__buf_2)
                                                         net682 (net)
                      0.340555    0.000153    3.461139 ^ fanout681/A (sky130_fd_sc_hd__clkbuf_2)
     7    0.026821    0.235346    0.426206    3.887345 ^ fanout681/X (sky130_fd_sc_hd__clkbuf_2)
                                                         net681 (net)
                      0.235346    0.000252    3.887597 ^ fanout680/A (sky130_fd_sc_hd__buf_2)
     8    0.044449    0.348206    0.473882    4.361478 ^ fanout680/X (sky130_fd_sc_hd__buf_2)
                                                         net680 (net)
                      0.348209    0.001604    4.363083 ^ fanout679/A (sky130_fd_sc_hd__clkbuf_2)
    10    0.031520    0.273295    0.455737    4.818820 ^ fanout679/X (sky130_fd_sc_hd__clkbuf_2)
                                                         net679 (net)
                      0.273295    0.000129    4.818948 ^ _08906_/B (sky130_fd_sc_hd__and4_1)
     2    0.005001    0.131008    0.467617    5.286566 ^ _08906_/X (sky130_fd_sc_hd__and4_1)
                                                         _02665_ (net)
                      0.131008    0.000045    5.286611 ^ _08908_/A_N (sky130_fd_sc_hd__and2b_1)
     1    0.005525    0.088016    0.406488    5.693099 v _08908_/X (sky130_fd_sc_hd__and2b_1)
                                                         _02667_ (net)
                      0.088016    0.000073    5.693172 v _08909_/B (sky130_fd_sc_hd__xnor2_1)
     2    0.007638    0.353879    0.340547    6.033719 ^ _08909_/Y (sky130_fd_sc_hd__xnor2_1)
                                                         _02668_ (net)
                      0.353879    0.000033    6.033751 ^ _08911_/A (sky130_fd_sc_hd__xor2_1)
     2    0.008045    0.344819    0.444989    6.478741 ^ _08911_/X (sky130_fd_sc_hd__xor2_1)
                                                         _02670_ (net)
                      0.344819    0.000075    6.478816 ^ _08912_/B (sky130_fd_sc_hd__xnor2_1)
     2    0.008428    0.379958    0.356536    6.835351 ^ _08912_/Y (sky130_fd_sc_hd__xnor2_1)
                                                         _02671_ (net)
                      0.379958    0.000094    6.835445 ^ _08915_/A (sky130_fd_sc_hd__xnor2_1)
     2    0.007523    0.349884    0.355886    7.191332 ^ _08915_/Y (sky130_fd_sc_hd__xnor2_1)
                                                         _02674_ (net)
                      0.349884    0.000064    7.191395 ^ _08917_/B (sky130_fd_sc_hd__xnor2_1)
     2    0.008575    0.175108    0.288389    7.479784 v _08917_/Y (sky130_fd_sc_hd__xnor2_1)
                                                         _02676_ (net)
                      0.175108    0.000114    7.479898 v _08938_/A (sky130_fd_sc_hd__or3_2)
     5    0.013907    0.229685    1.257496    8.737394 v _08938_/X (sky130_fd_sc_hd__or3_2)
                                                         _02697_ (net)
                      0.229685    0.000093    8.737488 v _08939_/A2 (sky130_fd_sc_hd__a21o_1)
     2    0.004468    0.073806    0.397509    9.134996 v _08939_/X (sky130_fd_sc_hd__a21o_1)
                                                         _02698_ (net)
                      0.073806    0.000035    9.135031 v _08943_/B (sky130_fd_sc_hd__and3_1)
     4    0.016488    0.178861    0.445526    9.580557 v _08943_/X (sky130_fd_sc_hd__and3_1)
                                                         _02702_ (net)
                      0.178861    0.000170    9.580727 v _08944_/B (sky130_fd_sc_hd__or3b_2)
     4    0.012320    0.220145    1.168659   10.749386 v _08944_/X (sky130_fd_sc_hd__or3b_2)
                                                         _02703_ (net)
                      0.220145    0.000100   10.749486 v _09455_/A (sky130_fd_sc_hd__or3_2)
     4    0.020558    0.263111    1.331151   12.080637 v _09455_/X (sky130_fd_sc_hd__or3_2)
                                                         _03213_ (net)
                      0.263111    0.000147   12.080785 v _09456_/A2 (sky130_fd_sc_hd__a211o_1)
     2    0.007619    0.127514    0.664084   12.744868 v _09456_/X (sky130_fd_sc_hd__a211o_1)
                                                         _03214_ (net)
                      0.127514    0.000072   12.744941 v _09458_/A1 (sky130_fd_sc_hd__a211oi_2)
     2    0.011125    0.429633    0.472212   13.217153 ^ _09458_/Y (sky130_fd_sc_hd__a211oi_2)
                                                         _03216_ (net)
                      0.429633    0.000241   13.217393 ^ _09461_/B1 (sky130_fd_sc_hd__a211oi_2)
     4    0.013057    0.168990    0.244333   13.461726 v _09461_/Y (sky130_fd_sc_hd__a211oi_2)
                                                         _03219_ (net)
                      0.168990    0.000144   13.461870 v _09561_/A2 (sky130_fd_sc_hd__o211a_1)
     4    0.009156    0.126472    0.476494   13.938364 v _09561_/X (sky130_fd_sc_hd__o211a_1)
                                                         _03318_ (net)
                      0.126472    0.000127   13.938491 v _09768_/A (sky130_fd_sc_hd__or4_1)
     2    0.006985    0.234790    1.305323   15.243814 v _09768_/X (sky130_fd_sc_hd__or4_1)
                                                         _03523_ (net)
                      0.234790    0.000073   15.243887 v _09769_/C1 (sky130_fd_sc_hd__a2111o_1)
     2    0.015703    0.221877    0.872037   16.115923 v _09769_/X (sky130_fd_sc_hd__a2111o_1)
                                                         _03524_ (net)
                      0.221877    0.000876   16.116798 v _10219_/A1 (sky130_fd_sc_hd__a211o_1)
     4    0.022041    0.238239    0.714945   16.831743 v _10219_/X (sky130_fd_sc_hd__a211o_1)
                                                         _03970_ (net)
                      0.238241    0.001194   16.832937 v _11166_/A2 (sky130_fd_sc_hd__a211o_1)
     1    0.002185    0.079206    0.591179   17.424116 v _11166_/X (sky130_fd_sc_hd__a211o_1)
                                                         _04909_ (net)
                      0.079206    0.000021   17.424137 v _11169_/B (sky130_fd_sc_hd__and3_2)
     6    0.025303    0.163990    0.522070   17.946207 v _11169_/X (sky130_fd_sc_hd__and3_2)
                                                         _04912_ (net)
                      0.163994    0.001078   17.947285 v _11911_/A1 (sky130_fd_sc_hd__o311a_1)
     5    0.018672    0.221016    0.839647   18.786932 v _11911_/X (sky130_fd_sc_hd__o311a_1)
                                                         _05646_ (net)
                      0.221016    0.000703   18.787636 v _12451_/B2 (sky130_fd_sc_hd__o221a_1)
     3    0.010725    0.166538    0.544969   19.332603 v _12451_/X (sky130_fd_sc_hd__o221a_1)
                                                         _06178_ (net)
                      0.166538    0.000208   19.332811 v _12493_/A2 (sky130_fd_sc_hd__o21a_1)
     3    0.008049    0.110775    0.395584   19.728395 v _12493_/X (sky130_fd_sc_hd__o21a_1)
                                                         _06219_ (net)
                      0.110775    0.000052   19.728447 v _12523_/A2 (sky130_fd_sc_hd__o21ai_1)
     2    0.004993    0.231703    0.254893   19.983339 ^ _12523_/Y (sky130_fd_sc_hd__o21ai_1)
                                                         _06248_ (net)
                      0.231703    0.000057   19.983397 ^ _12525_/B (sky130_fd_sc_hd__nand2_1)
     3    0.014475    0.251285    0.305592   20.288988 v _12525_/Y (sky130_fd_sc_hd__nand2_1)
                                                         _06250_ (net)
                      0.251285    0.000124   20.289114 v fanout151/A (sky130_fd_sc_hd__clkbuf_2)
    10    0.031562    0.223737    0.406999   20.696112 v fanout151/X (sky130_fd_sc_hd__clkbuf_2)
                                                         net151 (net)
                      0.223737    0.000227   20.696339 v _12526_/C (sky130_fd_sc_hd__and3_1)
     1    0.002575    0.069226    0.430843   21.127182 v _12526_/X (sky130_fd_sc_hd__and3_1)
                                                         _00842_ (net)
                      0.069226    0.000030   21.127213 v _13832_/D (sky130_fd_sc_hd__dfxtp_1)
                                             21.127213   data arrival time

                                 22.000000   22.000000   clock clk (rise edge)
                                  0.000000   22.000000   clock source latency
     1    0.058397    0.419296    0.295712   22.295713 ^ clk (in)
                                                         clk (net)
                      0.419500    0.000000   22.295713 ^ clkbuf_0_clk/A (sky130_fd_sc_hd__clkbuf_16)
     8    0.165950    0.270491    0.534827   22.830540 ^ clkbuf_0_clk/X (sky130_fd_sc_hd__clkbuf_16)
                                                         clknet_0_clk (net)
                      0.270801    0.008233   22.838774 ^ clkbuf_3_4__f_clk/A (sky130_fd_sc_hd__clkbuf_16)
    15    0.124481    0.211231    0.431459   23.270233 ^ clkbuf_3_4__f_clk/X (sky130_fd_sc_hd__clkbuf_16)
                                                         clknet_3_4__leaf_clk (net)
                      0.211277    0.003030   23.273264 ^ clkbuf_leaf_79_clk/A (sky130_fd_sc_hd__clkbuf_8)
     7    0.036711    0.121993    0.336815   23.610079 ^ clkbuf_leaf_79_clk/X (sky130_fd_sc_hd__clkbuf_8)
                                                         clknet_leaf_79_clk (net)
                      0.121993    0.000153   23.610231 ^ _13832_/CLK (sky130_fd_sc_hd__dfxtp_1)
                                 -0.250000   23.360231   clock uncertainty
                                  0.000000   23.360231   clock reconvergence pessimism
                                 -0.254653   23.105579   library setup time
                                             23.105579   data required time
---------------------------------------------------------------------------------------------
                                             23.105579   data required time
                                            -21.127213   data arrival time
---------------------------------------------------------------------------------------------
                                              1.978366   slack (MET)




===========================================================================
report_checks --slack_max -0.01
============================================================================
======================= min_ss_100C_1v60 Corner ===================================

No paths found.


===========================================================================
 report_check_types -max_slew -max_cap -max_fanout -violators
============================================================================
======================= min_ss_100C_1v60 Corner ===================================

max slew

Pin                                        Limit        Slew       Slack
------------------------------------------------------------------------
_10314_/Y                               0.750000    0.916933   -0.166933 (VIOLATED)
_10430_/C1                              0.750000    0.916933   -0.166933 (VIOLATED)
_10431_/A2                              0.750000    0.916933   -0.166933 (VIOLATED)
max_cap181/A                            0.750000    0.916933   -0.166933 (VIOLATED)
_09865_/Y                               0.750000    0.853342   -0.103342 (VIOLATED)
_09976_/C1                              0.750000    0.853342   -0.103342 (VIOLATED)
_09977_/A2                              0.750000    0.853342   -0.103342 (VIOLATED)
max_cap172/A                            0.750000    0.853342   -0.103342 (VIOLATED)
_10433_/Y                               0.750000    0.803693   -0.053693 (VIOLATED)
_10557_/C1                              0.750000    0.803693   -0.053693 (VIOLATED)
_10558_/A2                              0.750000    0.803693   -0.053693 (VIOLATED)
max_cap171/A                            0.750000    0.803693   -0.053693 (VIOLATED)
fanout207/A                             0.750000    0.779665   -0.029665 (VIOLATED)
fanout208/A                             0.750000    0.779661   -0.029661 (VIOLATED)
_07013_/Y                               0.750000    0.779655   -0.029655 (VIOLATED)
fanout210/A                             0.750000    0.779655   -0.029655 (VIOLATED)
fanout261/A                             0.750000    0.769698   -0.019698 (VIOLATED)
fanout262/A                             0.750000    0.769690   -0.019690 (VIOLATED)
fanout264/A                             0.750000    0.769653   -0.019653 (VIOLATED)
_06983_/Y                               0.750000    0.769651   -0.019651 (VIOLATED)
fanout269/A                             0.750000    0.760221   -0.010221 (VIOLATED)
fanout270/A                             0.750000    0.760215   -0.010215 (VIOLATED)
_06977_/Y                               0.750000    0.760189   -0.010189 (VIOLATED)
fanout272/A                             0.750000    0.760189   -0.010189 (VIOLATED)
fanout265/A                             0.750000    0.754202   -0.004202 (VIOLATED)
fanout266/A                             0.750000    0.754199   -0.004199 (VIOLATED)
_06980_/Y                               0.750000    0.754193   -0.004193 (VIOLATED)
fanout268/A                             0.750000    0.754193   -0.004193 (VIOLATED)
ANTENNA_2/DIODE                         0.750000    0.752428   -0.002428 (VIOLATED)
fanout250/A                             0.750000    0.752428   -0.002428 (VIOLATED)
_06992_/Y                               0.750000    0.752423   -0.002423 (VIOLATED)
fanout252/A                             0.750000    0.752423   -0.002423 (VIOLATED)

max fanout

Pin                                   Limit Fanout  Slack
---------------------------------------------------------
clkbuf_leaf_42_clk/X                     10     22    -12 (VIOLATED)
clkbuf_leaf_3_clk/X                      10     21    -11 (VIOLATED)
clkbuf_leaf_44_clk/X                     10     21    -11 (VIOLATED)
clkbuf_leaf_68_clk/X                     10     21    -11 (VIOLATED)
clkbuf_leaf_70_clk/X                     10     21    -11 (VIOLATED)
clkbuf_leaf_71_clk/X                     10     21    -11 (VIOLATED)
clkbuf_leaf_17_clk/X                     10     20    -10 (VIOLATED)
clkbuf_leaf_54_clk/X                     10     20    -10 (VIOLATED)
clkbuf_leaf_72_clk/X                     10     20    -10 (VIOLATED)
clkbuf_leaf_62_clk/X                     10     19     -9 (VIOLATED)
clkbuf_leaf_13_clk/X                     10     18     -8 (VIOLATED)
clkbuf_leaf_22_clk/X                     10     18     -8 (VIOLATED)
clkbuf_leaf_27_clk/X                     10     18     -8 (VIOLATED)
clkbuf_leaf_2_clk/X                      10     18     -8 (VIOLATED)
clkbuf_leaf_34_clk/X                     10     18     -8 (VIOLATED)
clkbuf_leaf_35_clk/X                     10     18     -8 (VIOLATED)
clkbuf_leaf_36_clk/X                     10     18     -8 (VIOLATED)
clkbuf_leaf_43_clk/X                     10     18     -8 (VIOLATED)
clkbuf_leaf_45_clk/X                     10     18     -8 (VIOLATED)
clkbuf_leaf_49_clk/X                     10     18     -8 (VIOLATED)
clkbuf_leaf_4_clk/X                      10     18     -8 (VIOLATED)
clkbuf_leaf_53_clk/X                     10     18     -8 (VIOLATED)
clkbuf_leaf_5_clk/X                      10     18     -8 (VIOLATED)
clkbuf_leaf_83_clk/X                     10     18     -8 (VIOLATED)
clkbuf_leaf_84_clk/X                     10     18     -8 (VIOLATED)
clkbuf_leaf_16_clk/X                     10     17     -7 (VIOLATED)
clkbuf_leaf_26_clk/X                     10     17     -7 (VIOLATED)
clkbuf_leaf_39_clk/X                     10     17     -7 (VIOLATED)
clkbuf_leaf_67_clk/X                     10     17     -7 (VIOLATED)
clkbuf_leaf_6_clk/X                      10     17     -7 (VIOLATED)
clkbuf_leaf_18_clk/X                     10     16     -6 (VIOLATED)
clkbuf_leaf_48_clk/X                     10     16     -6 (VIOLATED)
clkbuf_leaf_55_clk/X                     10     16     -6 (VIOLATED)
clkbuf_leaf_63_clk/X                     10     16     -6 (VIOLATED)
clkbuf_leaf_73_clk/X                     10     16     -6 (VIOLATED)
clkbuf_leaf_75_clk/X                     10     16     -6 (VIOLATED)
clkbuf_3_4__f_clk/X                      10     15     -5 (VIOLATED)
clkbuf_3_7__f_clk/X                      10     15     -5 (VIOLATED)
clkbuf_leaf_10_clk/X                     10     15     -5 (VIOLATED)
clkbuf_leaf_31_clk/X                     10     15     -5 (VIOLATED)
clkbuf_leaf_40_clk/X                     10     15     -5 (VIOLATED)
clkbuf_leaf_50_clk/X                     10     15     -5 (VIOLATED)
clkbuf_leaf_66_clk/X                     10     15     -5 (VIOLATED)
clkbuf_leaf_82_clk/X                     10     15     -5 (VIOLATED)
clkbuf_3_2__f_clk/X                      10     14     -4 (VIOLATED)
clkbuf_3_5__f_clk/X                      10     14     -4 (VIOLATED)
clkbuf_leaf_41_clk/X                     10     14     -4 (VIOLATED)
clkbuf_leaf_47_clk/X                     10     14     -4 (VIOLATED)
clkbuf_leaf_52_clk/X                     10     14     -4 (VIOLATED)
clkbuf_leaf_76_clk/X                     10     14     -4 (VIOLATED)
clkbuf_leaf_7_clk/X                      10     14     -4 (VIOLATED)
clkbuf_leaf_87_clk/X                     10     14     -4 (VIOLATED)
clkbuf_3_6__f_clk/X                      10     13     -3 (VIOLATED)
clkbuf_leaf_11_clk/X                     10     13     -3 (VIOLATED)
clkbuf_leaf_14_clk/X                     10     13     -3 (VIOLATED)
clkbuf_leaf_57_clk/X                     10     13     -3 (VIOLATED)
clkbuf_leaf_59_clk/X                     10     13     -3 (VIOLATED)
clkbuf_leaf_64_clk/X                     10     13     -3 (VIOLATED)
clkbuf_leaf_65_clk/X                     10     13     -3 (VIOLATED)
clkbuf_leaf_69_clk/X                     10     13     -3 (VIOLATED)
clkbuf_leaf_19_clk/X                     10     12     -2 (VIOLATED)
clkbuf_leaf_29_clk/X                     10     12     -2 (VIOLATED)
clkbuf_leaf_32_clk/X                     10     12     -2 (VIOLATED)
clkbuf_leaf_33_clk/X                     10     12     -2 (VIOLATED)
clkbuf_leaf_37_clk/X                     10     12     -2 (VIOLATED)
clkbuf_leaf_38_clk/X                     10     12     -2 (VIOLATED)
clkbuf_leaf_56_clk/X                     10     12     -2 (VIOLATED)
clkbuf_leaf_58_clk/X                     10     12     -2 (VIOLATED)
clkbuf_leaf_74_clk/X                     10     12     -2 (VIOLATED)
clkbuf_leaf_78_clk/X                     10     12     -2 (VIOLATED)
clkbuf_leaf_9_clk/X                      10     12     -2 (VIOLATED)
fanout388/X                              10     12     -2 (VIOLATED)
clkbuf_leaf_46_clk/X                     10     11        (VIOLATED)
clkbuf_leaf_51_clk/X                     10     11        (VIOLATED)
clkbuf_leaf_60_clk/X                     10     11        (VIOLATED)
fanout320/X                              10     11        (VIOLATED)



===========================================================================
report_parasitic_annotation -report_unannotated
============================================================================
Found 157 unannotated drivers.
 s_axil_wdata[10]
 s_axil_wdata[11]
 s_axil_wdata[12]
 s_axil_wdata[13]
 s_axil_wdata[14]
 s_axil_wdata[15]
 s_axil_wdata[16]
 s_axil_wdata[17]
 s_axil_wdata[18]
 s_axil_wdata[19]
 s_axil_wdata[1]
 s_axil_wdata[20]
 s_axil_wdata[21]
 s_axil_wdata[22]
 s_axil_wdata[23]
 s_axil_wdata[24]
 s_axil_wdata[25]
 s_axil_wdata[26]
 s_axil_wdata[27]
 s_axil_wdata[28]
 s_axil_wdata[29]
 s_axil_wdata[2]
 s_axil_wdata[30]
 s_axil_wdata[31]
 s_axil_wdata[3]
 s_axil_wdata[4]
 s_axil_wdata[5]
 s_axil_wdata[6]
 s_axil_wdata[7]
 s_axil_wdata[8]
 s_axil_wdata[9]
 s_axil_wstrb[1]
 s_axil_wstrb[2]
 s_axil_wstrb[3]
 clkload0/Y
 clkload1/Y
 clkload10/Y
 clkload11/Y
 clkload12/Y
 clkload13/Y
 clkload14/Y
 clkload15/Y
 clkload16/Y
 clkload17/Y
 clkload18/Y
 clkload19/Y
 clkload2/Y
 clkload20/Y
 clkload21/Y
 clkload22/Y
 clkload23/Y
 clkload24/Y
 clkload25/Y
 clkload26/Y
 clkload27/Y
 clkload28/Y
 clkload29/Y
 clkload3/Y
 clkload30/Y
 clkload31/Y
 clkload32/Y
 clkload33/Y
 clkload34/Y
 clkload35/Y
 clkload36/Y
 clkload37/Y
 clkload38/Y
 clkload39/Y
 clkload4/X
 clkload40/Y
 clkload41/Y
 clkload42/Y
 clkload43/Y
 clkload44/Y
 clkload45/Y
 clkload46/Y
 clkload47/Y
 clkload48/Y
 clkload49/Y
 clkload5/Y
 clkload50/X
 clkload51/Y
 clkload52/Y
 clkload53/Y
 clkload54/Y
 clkload55/Y
 clkload56/Y
 clkload57/Y
 clkload58/X
 clkload59/Y
 clkload6/Y
 clkload60/X
 clkload61/X
 clkload62/Y
 clkload63/Y
 clkload64/Y
 clkload65/X
 clkload66/Y
 clkload67/Y
 clkload68/Y
 clkload69/Y
 clkload7/Y
 clkload70/X
 clkload71/Y
 clkload72/X
 clkload73/Y
 clkload74/Y
 clkload75/Y
 clkload76/Y
 clkload77/Y
 clkload78/Y
 clkload79/X
 clkload8/Y
 clkload80/Y
 clkload81/Y
 clkload82/Y
 clkload83/Y
 clkload84/Y
 clkload85/Y
 clkload86/Y
 clkload87/Y
 clkload9/X
 gelu_top_831/HI
 gelu_top_832/HI
 gelu_top_833/HI
 gelu_top_834/HI
 gelu_top_835/HI
 gelu_top_836/HI
 gelu_top_837/HI
 gelu_top_838/HI
 gelu_top_839/HI
 gelu_top_840/HI
 gelu_top_841/HI
 gelu_top_842/HI
 gelu_top_843/HI
 gelu_top_844/HI
 gelu_top_845/HI
 gelu_top_846/HI
 gelu_top_847/HI
 gelu_top_848/HI
 gelu_top_849/HI
 gelu_top_850/HI
 gelu_top_851/HI
 gelu_top_852/HI
 gelu_top_853/HI
 gelu_top_854/HI
 gelu_top_855/HI
 gelu_top_856/HI
 gelu_top_857/HI
 gelu_top_858/HI
 gelu_top_859/HI
 gelu_top_860/HI
 gelu_top_861/HI
 gelu_top_862/HI
 gelu_top_863/HI
 gelu_top_864/HI
 gelu_top_865/HI
Found 0 partially unannotated drivers.

===========================================================================
max slew violation count 32
max fanout violation count 76
max cap violation count 0
============================================================================

===========================================================================
check_setup -verbose -unconstrained_endpoints -multiple_clock -no_clock -no_input_delay -loops -generated_clocks
===========================================================================
Warning: There are 35 unconstrained endpoints.
  s_axil_bresp[0]
  s_axil_bresp[1]
  s_axil_rdata[10]
  s_axil_rdata[11]
  s_axil_rdata[12]
  s_axil_rdata[13]
  s_axil_rdata[14]
  s_axil_rdata[15]
  s_axil_rdata[16]
  s_axil_rdata[17]
  s_axil_rdata[18]
  s_axil_rdata[19]
  s_axil_rdata[1]
  s_axil_rdata[20]
  s_axil_rdata[21]
  s_axil_rdata[22]
  s_axil_rdata[23]
  s_axil_rdata[24]
  s_axil_rdata[25]
  s_axil_rdata[26]
  s_axil_rdata[27]
  s_axil_rdata[28]
  s_axil_rdata[29]
  s_axil_rdata[2]
  s_axil_rdata[30]
  s_axil_rdata[31]
  s_axil_rdata[3]
  s_axil_rdata[4]
  s_axil_rdata[5]
  s_axil_rdata[6]
  s_axil_rdata[7]
  s_axil_rdata[8]
  s_axil_rdata[9]
  s_axil_rresp[0]
  s_axil_rresp[1]
