Clock: clk
Sources: clk 
Generated: no
Virtual: yes
Propagated: no
Period: 22.000000

===========================================================================
report_clock_properties
============================================================================
Clock                   Period          Waveform
----------------------------------------------------
clk                  22.000000    0.000000 11.000000

===========================================================================
report_clock_latency
============================================================================
Clock clk
rise -> rise
    min     max
0.000000 0.000000 source latency
1.558727         network latency _13846_/CLK
        1.651159 network latency _13301_/CLK
---------------
1.558727 1.651159 latency
        0.092432 skew

fall -> fall
    min     max
0.000000 0.000000 source latency
1.333573         network latency _13846_/CLK
        1.401140 network latency _13301_/CLK
---------------
1.333573 1.401140 latency
        0.067566 skew



===========================================================================
report_clock_min_period
============================================================================
clk period_min = 20.02 fmax = 49.95
