
===========================================================================
 report_power
============================================================================
======================= min_ss_100C_1v60 Corner ===================================

Group                    Internal    Switching      Leakage        Total
                            Power        Power        Power        Power (Watts)
------------------------------------------------------------------------
Sequential           1.927972e-03 1.779578e-04 1.584566e-05 2.121776e-03   9.0%
Combinational        9.683333e-03 1.068819e-02 4.007888e-05 2.041160e-02  86.2%
Clock                5.161997e-04 6.366890e-04 2.002729e-06 1.154891e-03   4.9%
Macro                0.000000e+00 0.000000e+00 0.000000e+00 0.000000e+00   0.0%
Pad                  0.000000e+00 0.000000e+00 0.000000e+00 0.000000e+00   0.0%
------------------------------------------------------------------------
Total                1.212751e-02 1.150283e-02 5.792638e-05 2.368827e-02 100.0%
                            51.2%        48.6%         0.2%

