Reading OpenROAD database at '/home/systemuser/Documents/ECE/510/Project/m3/synth/runs/RUN_2026-05-24_21-40-35/24-openroad-ioplacement/gelu_top.odb'…
Reading library file at '/home/systemuser/.volare/volare/sky130/versions/0fe599b2afb6708d281543108caf8310912f54af/sky130A/libs.ref/sky130_fd_sc_hd/lib/sky130_fd_sc_hd__tt_025C_1v80.lib'…
Reading design constraints file at '/nix/store/h0ldzjka94yryiq8yxbxmwargpnmwhx6-python3-3.11.9-env/lib/python3.11/site-packages/openlane/scripts/base.sdc'…
[INFO] Using clock clk…
[INFO] Setting output delay to: 4
[INFO] Setting input delay to: 4
[INFO] Setting load to: 0.033442
[INFO] Setting clock uncertainty to: 0.25
[INFO] Setting clock transition to: 0.1499999999999999944488848768742172978818416595458984375
[INFO] Setting timing derate to: 5%
[INFO] Setting RC values…
[INFO] Setting signal min routing layer to: met1 and clock min routing layer to met1. 
[INFO] Setting signal max routing layer to: met5 and clock max routing layer to met5. 
+ global_placement -density 0.619168 -timing_driven -routability_driven -pad_right 0 -pad_left 0 -init_wirelength_coef 0.25
[INFO GPL-0002] DBU: 1000
[INFO GPL-0003] SiteSize: (  0.460  2.720 ) um
[INFO GPL-0004] CoreBBox: (  5.520 10.880 ) ( 430.560 435.200 ) um
[INFO GPL-0006] NumInstances:             10550
[INFO GPL-0007] NumPlaceInstances:         7710
[INFO GPL-0008] NumFixedInstances:         2840
[INFO GPL-0009] NumDummyInstances:            0
[INFO GPL-0010] NumNets:                   7853
[INFO GPL-0011] NumPins:                  29021
[INFO GPL-0012] DieBBox:  (  0.000  0.000 ) ( 436.410 447.130 ) um
[INFO GPL-0013] CoreBBox: (  5.520 10.880 ) ( 430.560 435.200 ) um
[INFO GPL-0016] CoreArea:            180352.973 um^2
[INFO GPL-0017] NonPlaceInstsArea:     4334.157 um^2
[INFO GPL-0018] PlaceInstsArea:       90470.518 um^2
[INFO GPL-0019] Util:                    51.398 %
[INFO GPL-0020] StdInstsArea:         90470.518 um^2
[INFO GPL-0021] MacroInstsArea:           0.000 um^2
[InitialPlace]  Iter: 1 CG residual: 0.00754420 HPWL: 190667832
[InitialPlace]  Iter: 2 CG residual: 0.00049668 HPWL: 104725215
[InitialPlace]  Iter: 3 CG residual: 0.00007977 HPWL: 97513574
[InitialPlace]  Iter: 4 CG residual: 0.00008073 HPWL: 95912338
[InitialPlace]  Iter: 5 CG residual: 0.00005952 HPWL: 95120553
[InitialPlace]  Iter: 6 CG residual: 0.00005546 HPWL: 94387193
[InitialPlace]  Iter: 7 CG residual: 0.00010229 HPWL: 93978504
[InitialPlace]  Iter: 8 CG residual: 0.00005420 HPWL: 94017991
[InitialPlace]  Iter: 9 CG residual: 0.00003513 HPWL: 93891105
[InitialPlace]  Iter: 10 CG residual: 0.00003031 HPWL: 93467504
[InitialPlace]  Iter: 11 CG residual: 0.00003199 HPWL: 93205746
[InitialPlace]  Iter: 12 CG residual: 0.00002204 HPWL: 92879387
[InitialPlace]  Iter: 13 CG residual: 0.00001234 HPWL: 92706787
[InitialPlace]  Iter: 14 CG residual: 0.00001137 HPWL: 92505841
[InitialPlace]  Iter: 15 CG residual: 0.00001268 HPWL: 92390400
[InitialPlace]  Iter: 16 CG residual: 0.00000973 HPWL: 92394821
[INFO GPL-0031] FillerInit:NumGCells:      9316
[INFO GPL-0032] FillerInit:NumGNets:       7853
[INFO GPL-0033] FillerInit:NumGPins:      29021
[INFO GPL-0023] TargetDensity:            0.619
[INFO GPL-0024] AvrgPlaceInstArea:       11.734 um^2
[INFO GPL-0025] IdealBinArea:            18.952 um^2
[INFO GPL-0026] IdealBinCnt:               9516
[INFO GPL-0027] TotalBinArea:        180352.973 um^2
[INFO GPL-0028] BinCnt:        64     64
[INFO GPL-0029] BinSize: (  6.642  6.630 )
[INFO GPL-0030] NumBins: 4096
[NesterovSolve] Iter:    1 overflow: 0.959 HPWL: 38954050
[NesterovSolve] Iter:   10 overflow: 0.935 HPWL: 46900955
[NesterovSolve] Iter:   20 overflow: 0.924 HPWL: 46745145
[NesterovSolve] Iter:   30 overflow: 0.917 HPWL: 46739321
[NesterovSolve] Iter:   40 overflow: 0.914 HPWL: 46760930
[NesterovSolve] Iter:   50 overflow: 0.913 HPWL: 47018735
[NesterovSolve] Iter:   60 overflow: 0.914 HPWL: 47332784
[NesterovSolve] Iter:   70 overflow: 0.912 HPWL: 47608519
[NesterovSolve] Iter:   80 overflow: 0.908 HPWL: 47886073
[NesterovSolve] Iter:   90 overflow: 0.905 HPWL: 48209721
[NesterovSolve] Iter:  100 overflow: 0.905 HPWL: 48560859
[NesterovSolve] Iter:  110 overflow: 0.905 HPWL: 48904808
[NesterovSolve] Iter:  120 overflow: 0.904 HPWL: 49161040
[NesterovSolve] Iter:  130 overflow: 0.903 HPWL: 49316319
[NesterovSolve] Iter:  140 overflow: 0.902 HPWL: 49553705
[NesterovSolve] Iter:  150 overflow: 0.900 HPWL: 50180568
[NesterovSolve] Iter:  160 overflow: 0.894 HPWL: 51619437
[NesterovSolve] Iter:  170 overflow: 0.886 HPWL: 54198499
[NesterovSolve] Iter:  180 overflow: 0.875 HPWL: 57950931
[NesterovSolve] Iter:  190 overflow: 0.858 HPWL: 62496934
[NesterovSolve] Iter:  200 overflow: 0.832 HPWL: 67404115
[NesterovSolve] Iter:  210 overflow: 0.799 HPWL: 72481342
[INFO GPL-0100] Timing-driven: executing resizer for reweighting nets.
[INFO GPL-0101] Timing-driven: worst slack 6.89e-09
[INFO GPL-0103] Timing-driven: weighted 781 nets.
[NesterovSolve] Iter:  220 overflow: 0.762 HPWL: 79035807
[NesterovSolve] Iter:  230 overflow: 0.726 HPWL: 84381258
[NesterovSolve] Iter:  240 overflow: 0.693 HPWL: 89511435
[NesterovSolve] Iter:  250 overflow: 0.651 HPWL: 95991240
[INFO GPL-0100] Timing-driven: executing resizer for reweighting nets.
[INFO GPL-0101] Timing-driven: worst slack 6.35e-09
[INFO GPL-0103] Timing-driven: weighted 781 nets.
[NesterovSolve] Iter:  260 overflow: 0.606 HPWL: 101532453
[NesterovSolve] Snapshot saved at iter = 261
[NesterovSolve] Iter:  270 overflow: 0.567 HPWL: 105776699
[NesterovSolve] Iter:  280 overflow: 0.524 HPWL: 109020235
[INFO GPL-0100] Timing-driven: executing resizer for reweighting nets.
[INFO GPL-0101] Timing-driven: worst slack 6.26e-09
[INFO GPL-0103] Timing-driven: weighted 781 nets.
[NesterovSolve] Iter:  290 overflow: 0.480 HPWL: 111844673
[NesterovSolve] Iter:  300 overflow: 0.430 HPWL: 113827829
[NesterovSolve] Iter:  310 overflow: 0.383 HPWL: 114309765
[NesterovSolve] Iter:  320 overflow: 0.347 HPWL: 114615013
[NesterovSolve] Iter:  330 overflow: 0.310 HPWL: 115334994
[INFO GPL-0075] Routability numCall: 1 inflationIterCnt: 1 bloatIterCnt: 0
[INFO GPL-0036] TileBBox: (    0    0 ) ( 6900 6900 ) DBU
[INFO GPL-0038] TileCnt:      63   64
[INFO GPL-0040] NumTiles: 4032
[INFO GPL-0081] TotalRouteOverflow: 0.22560441493988037
[INFO GPL-0082] OverflowTileCnt: 4
[INFO GPL-0083] 0.5%RC: 0.9470535970869518
[INFO GPL-0084] 1.0%RC: 0.8925007058352958
[INFO GPL-0085] 2.0%RC: 0.8362571207093604
[INFO GPL-0086] 5.0%RC: 0.7690858846843833
[INFO GPL-0087] FinalRC: 0.91977715
[INFO GPL-0077] FinalRC lower than targetRC(1.01), routability not needed.
[INFO GPL-0100] Timing-driven: executing resizer for reweighting nets.
[INFO GPL-0101] Timing-driven: worst slack 5.82e-09
[INFO GPL-0103] Timing-driven: weighted 781 nets.
[NesterovSolve] Iter:  340 overflow: 0.280 HPWL: 116196100
[NesterovSolve] Iter:  350 overflow: 0.252 HPWL: 116593096
[NesterovSolve] Iter:  360 overflow: 0.220 HPWL: 116593388
[INFO GPL-0100] Timing-driven: executing resizer for reweighting nets.
[INFO GPL-0101] Timing-driven: worst slack 5.76e-09
[INFO GPL-0103] Timing-driven: weighted 781 nets.
[NesterovSolve] Iter:  370 overflow: 0.200 HPWL: 116903448
[NesterovSolve] Iter:  380 overflow: 0.176 HPWL: 116988018
[NesterovSolve] Iter:  390 overflow: 0.154 HPWL: 117116190
[INFO GPL-0100] Timing-driven: executing resizer for reweighting nets.
[INFO GPL-0101] Timing-driven: worst slack 5.64e-09
[INFO GPL-0103] Timing-driven: weighted 781 nets.
[NesterovSolve] Iter:  400 overflow: 0.135 HPWL: 117258753
[NesterovSolve] Iter:  410 overflow: 0.116 HPWL: 117533711
[NesterovSolve] Iter:  420 overflow: 0.101 HPWL: 117913776
[NesterovSolve] Finished with Overflow: 0.098721
[INFO] Setting RC values…
Setting global connections for newly added cells…
[INFO] Setting global connections...
Updating metrics…
Cell type report:                       Count       Area
  Fill cell                               312    1171.12
  Tap cell                               2528    3163.03
  Buffer                                    1       5.00
  Inverter                                 86     322.81
  Sequential cell                        1142   24290.80
  Multi-Input combinational cell         6481   65851.91
  Total                                 10550   94804.68
Writing OpenROAD database to '/home/systemuser/Documents/ECE/510/Project/m3/synth/runs/RUN_2026-05-24_21-40-35/27-openroad-globalplacement/gelu_top.odb'…
Writing netlist to '/home/systemuser/Documents/ECE/510/Project/m3/synth/runs/RUN_2026-05-24_21-40-35/27-openroad-globalplacement/gelu_top.nl.v'…
Writing powered netlist to '/home/systemuser/Documents/ECE/510/Project/m3/synth/runs/RUN_2026-05-24_21-40-35/27-openroad-globalplacement/gelu_top.pnl.v'…
Writing layout to '/home/systemuser/Documents/ECE/510/Project/m3/synth/runs/RUN_2026-05-24_21-40-35/27-openroad-globalplacement/gelu_top.def'…
Writing timing constraints to '/home/systemuser/Documents/ECE/510/Project/m3/synth/runs/RUN_2026-05-24_21-40-35/27-openroad-globalplacement/gelu_top.sdc'…
