Reading OpenROAD database at '/home/systemuser/Documents/ECE/510/Project/m3/synth/runs/RUN_2026-05-24_21-40-35/20-openroad-generatepdn/gelu_top.odb'…
Reading library file at '/home/systemuser/.volare/volare/sky130/versions/0fe599b2afb6708d281543108caf8310912f54af/sky130A/libs.ref/sky130_fd_sc_hd/lib/sky130_fd_sc_hd__tt_025C_1v80.lib'…
Reading design constraints file at '/nix/store/h0ldzjka94yryiq8yxbxmwargpnmwhx6-python3-3.11.9-env/lib/python3.11/site-packages/openlane/scripts/base.sdc'…
[INFO] Using clock clk…
[INFO] Setting output delay to: 4
[INFO] Setting input delay to: 4
[INFO] Setting load to: 0.033442
[INFO] Setting clock uncertainty to: 0.25
[INFO] Setting clock transition to: 0.1499999999999999944488848768742172978818416595458984375
[INFO] Setting timing derate to: 5%
+ global_placement -density 0.619168 -skip_io -pad_right 0 -pad_left 0 -init_wirelength_coef 0.25
[INFO GPL-0002] DBU: 1000
[INFO GPL-0003] SiteSize: (  0.460  2.720 ) um
[INFO GPL-0004] CoreBBox: (  5.520 10.880 ) ( 430.560 435.200 ) um
[INFO GPL-0006] NumInstances:             10550
[INFO GPL-0007] NumPlaceInstances:         7710
[INFO GPL-0008] NumFixedInstances:         2840
[INFO GPL-0009] NumDummyInstances:            0
[INFO GPL-0010] NumNets:                   7853
[INFO GPL-0011] NumPins:                  28801
[INFO GPL-0012] DieBBox:  (  0.000  0.000 ) ( 436.410 447.130 ) um
[INFO GPL-0013] CoreBBox: (  5.520 10.880 ) ( 430.560 435.200 ) um
[INFO GPL-0016] CoreArea:            180352.973 um^2
[INFO GPL-0017] NonPlaceInstsArea:     4334.157 um^2
[INFO GPL-0018] PlaceInstsArea:       90470.518 um^2
[INFO GPL-0019] Util:                    51.398 %
[INFO GPL-0020] StdInstsArea:         90470.518 um^2
[INFO GPL-0021] MacroInstsArea:           0.000 um^2
[INFO GPL-0031] FillerInit:NumGCells:      9316
[INFO GPL-0032] FillerInit:NumGNets:       7853
[INFO GPL-0033] FillerInit:NumGPins:      28801
[INFO GPL-0023] TargetDensity:            0.619
[INFO GPL-0024] AvrgPlaceInstArea:       11.734 um^2
[INFO GPL-0025] IdealBinArea:            18.952 um^2
[INFO GPL-0026] IdealBinCnt:               9516
[INFO GPL-0027] TotalBinArea:        180352.973 um^2
[INFO GPL-0028] BinCnt:        64     64
[INFO GPL-0029] BinSize: (  6.642  6.630 )
[INFO GPL-0030] NumBins: 4096
[NesterovSolve] Iter:    1 overflow: 0.999 HPWL: 22247585
[NesterovSolve] Iter:   10 overflow: 0.997 HPWL: 15177943
[NesterovSolve] Iter:   20 overflow: 0.997 HPWL: 14908751
[NesterovSolve] Iter:   30 overflow: 0.997 HPWL: 14802517
[NesterovSolve] Iter:   40 overflow: 0.997 HPWL: 14705904
[NesterovSolve] Iter:   50 overflow: 0.997 HPWL: 14604712
[NesterovSolve] Iter:   60 overflow: 0.997 HPWL: 14499596
[NesterovSolve] Iter:   70 overflow: 0.996 HPWL: 14393608
[NesterovSolve] Iter:   80 overflow: 0.996 HPWL: 14287936
[NesterovSolve] Iter:   90 overflow: 0.995 HPWL: 14179728
[NesterovSolve] Iter:  100 overflow: 0.994 HPWL: 14076493
[NesterovSolve] Iter:  110 overflow: 0.993 HPWL: 14013996
[NesterovSolve] Iter:  120 overflow: 0.991 HPWL: 14124428
[NesterovSolve] Iter:  130 overflow: 0.987 HPWL: 14574875
[NesterovSolve] Iter:  140 overflow: 0.984 HPWL: 15791504
[NesterovSolve] Iter:  150 overflow: 0.976 HPWL: 18484468
[NesterovSolve] Iter:  160 overflow: 0.964 HPWL: 23192304
[NesterovSolve] Iter:  170 overflow: 0.945 HPWL: 29207277
[NesterovSolve] Iter:  180 overflow: 0.922 HPWL: 35609751
[NesterovSolve] Iter:  190 overflow: 0.895 HPWL: 41345568
[NesterovSolve] Iter:  200 overflow: 0.872 HPWL: 46862094
[NesterovSolve] Iter:  210 overflow: 0.841 HPWL: 53426027
[NesterovSolve] Iter:  220 overflow: 0.803 HPWL: 61143086
[NesterovSolve] Iter:  230 overflow: 0.766 HPWL: 67990466
[NesterovSolve] Iter:  240 overflow: 0.726 HPWL: 73949659
[NesterovSolve] Iter:  250 overflow: 0.682 HPWL: 79993839
[NesterovSolve] Iter:  260 overflow: 0.642 HPWL: 86778685
[NesterovSolve] Iter:  270 overflow: 0.596 HPWL: 94898357
[NesterovSolve] Iter:  280 overflow: 0.551 HPWL: 100324077
[NesterovSolve] Iter:  290 overflow: 0.504 HPWL: 103284598
[NesterovSolve] Iter:  300 overflow: 0.456 HPWL: 107261609
[NesterovSolve] Iter:  310 overflow: 0.407 HPWL: 108408653
[NesterovSolve] Iter:  320 overflow: 0.367 HPWL: 109672600
[NesterovSolve] Iter:  330 overflow: 0.329 HPWL: 111092649
[NesterovSolve] Iter:  340 overflow: 0.295 HPWL: 111085336
[NesterovSolve] Iter:  350 overflow: 0.265 HPWL: 111440761
[NesterovSolve] Iter:  360 overflow: 0.235 HPWL: 111695636
[NesterovSolve] Iter:  370 overflow: 0.217 HPWL: 111853696
[NesterovSolve] Iter:  380 overflow: 0.191 HPWL: 111888876
[NesterovSolve] Iter:  390 overflow: 0.170 HPWL: 112137330
[NesterovSolve] Iter:  400 overflow: 0.149 HPWL: 112367842
[NesterovSolve] Iter:  410 overflow: 0.129 HPWL: 112612987
[NesterovSolve] Iter:  420 overflow: 0.110 HPWL: 113066976
[NesterovSolve] Finished with Overflow: 0.098996
[INFO] Setting RC values…
Setting global connections for newly added cells…
[INFO] Setting global connections...
Updating metrics…
Cell type report:                       Count       Area
  Fill cell                               312    1171.12
  Tap cell                               2528    3163.03
  Buffer                                    1       5.00
  Inverter                                 86     322.81
  Sequential cell                        1142   24290.80
  Multi-Input combinational cell         6481   65851.91
  Total                                 10550   94804.68
Writing OpenROAD database to '/home/systemuser/Documents/ECE/510/Project/m3/synth/runs/RUN_2026-05-24_21-40-35/23-openroad-globalplacementskipio/gelu_top.odb'…
Writing netlist to '/home/systemuser/Documents/ECE/510/Project/m3/synth/runs/RUN_2026-05-24_21-40-35/23-openroad-globalplacementskipio/gelu_top.nl.v'…
Writing powered netlist to '/home/systemuser/Documents/ECE/510/Project/m3/synth/runs/RUN_2026-05-24_21-40-35/23-openroad-globalplacementskipio/gelu_top.pnl.v'…
Writing layout to '/home/systemuser/Documents/ECE/510/Project/m3/synth/runs/RUN_2026-05-24_21-40-35/23-openroad-globalplacementskipio/gelu_top.def'…
Writing timing constraints to '/home/systemuser/Documents/ECE/510/Project/m3/synth/runs/RUN_2026-05-24_21-40-35/23-openroad-globalplacementskipio/gelu_top.sdc'…
