Clock: clk
Sources: clk 
Generated: no
Virtual: yes
Propagated: no
Period: 22.000000

===========================================================================
report_clock_properties
============================================================================
Clock                   Period          Waveform
----------------------------------------------------
clk                  22.000000    0.000000 11.000000

===========================================================================
report_clock_latency
============================================================================
Clock clk
rise -> rise
    min     max
0.000000 0.000000 source latency
0.648038         network latency _13846_/CLK
        0.705294 network latency _13061_/CLK
---------------
0.648038 0.705294 latency
        0.057256 skew

fall -> fall
    min     max
0.000000 0.000000 source latency
0.534967         network latency _13846_/CLK
        0.579546 network latency _13301_/CLK
---------------
0.534967 0.579546 latency
        0.044579 skew



===========================================================================
report_clock_min_period
============================================================================
clk period_min = 6.40 fmax = 156.30
