
===========================================================================
 report_power
============================================================================
======================= nom_ff_n40C_1v95 Corner ===================================

Group                    Internal    Switching      Leakage        Total
                            Power        Power        Power        Power (Watts)
------------------------------------------------------------------------
Sequential           2.872422e-03 2.871978e-04 1.658364e-08 3.159636e-03   9.1%
Combinational        1.324835e-02 1.664403e-02 6.748198e-08 2.989244e-02  85.9%
Clock                7.224594e-04 1.025040e-03 2.278693e-08 1.747522e-03   5.0%
Macro                0.000000e+00 0.000000e+00 0.000000e+00 0.000000e+00   0.0%
Pad                  0.000000e+00 0.000000e+00 0.000000e+00 0.000000e+00   0.0%
------------------------------------------------------------------------
Total                1.684320e-02 1.795623e-02 1.068530e-07 3.479954e-02 100.0%
                            48.4%        51.6%         0.0%

