167. Printing statistics.

=== gelu_top ===

   Number of wires:               7662
   Number of wire bits:           7853
   Number of public wires:        1163
   Number of public wire bits:    1354
   Number of ports:                 29
   Number of port bits:            220
   Number of memories:               0
   Number of memory bits:            0
   Number of processes:              0
   Number of cells:               7710
     sky130_fd_sc_hd__a2111o_2       5
     sky130_fd_sc_hd__a211o_2       56
     sky130_fd_sc_hd__a211oi_2      65
     sky130_fd_sc_hd__a21bo_2       87
     sky130_fd_sc_hd__a21boi_2      29
     sky130_fd_sc_hd__a21o_2       357
     sky130_fd_sc_hd__a21oi_2      321
     sky130_fd_sc_hd__a221o_2       25
     sky130_fd_sc_hd__a221oi_2       1
     sky130_fd_sc_hd__a22o_2       257
     sky130_fd_sc_hd__a22oi_2       77
     sky130_fd_sc_hd__a2bb2o_2       8
     sky130_fd_sc_hd__a2bb2oi_2      1
     sky130_fd_sc_hd__a31o_2       133
     sky130_fd_sc_hd__a31oi_2       23
     sky130_fd_sc_hd__a32o_2        19
     sky130_fd_sc_hd__a32oi_2        1
     sky130_fd_sc_hd__a41o_2         2
     sky130_fd_sc_hd__and2_2       263
     sky130_fd_sc_hd__and2b_2      159
     sky130_fd_sc_hd__and3_2       215
     sky130_fd_sc_hd__and3b_2       19
     sky130_fd_sc_hd__and4_2       141
     sky130_fd_sc_hd__and4b_2        2
     sky130_fd_sc_hd__and4bb_2       7
     sky130_fd_sc_hd__buf_2          1
     sky130_fd_sc_hd__conb_1        35
     sky130_fd_sc_hd__dfxtp_2     1142
     sky130_fd_sc_hd__inv_2         86
     sky130_fd_sc_hd__mux2_1       803
     sky130_fd_sc_hd__mux4_2       163
     sky130_fd_sc_hd__nand2_2      467
     sky130_fd_sc_hd__nand2b_2      97
     sky130_fd_sc_hd__nand3_2      236
     sky130_fd_sc_hd__nand3b_2      16
     sky130_fd_sc_hd__nand4_2       92
     sky130_fd_sc_hd__nand4b_2       2
     sky130_fd_sc_hd__nor2_2       424
     sky130_fd_sc_hd__nor3_2        47
     sky130_fd_sc_hd__nor3b_2        6
     sky130_fd_sc_hd__nor4_2         8
     sky130_fd_sc_hd__o2111a_2      12
     sky130_fd_sc_hd__o2111ai_2      1
     sky130_fd_sc_hd__o211a_2       85
     sky130_fd_sc_hd__o211ai_2      40
     sky130_fd_sc_hd__o21a_2       147
     sky130_fd_sc_hd__o21ai_2      149
     sky130_fd_sc_hd__o21ba_2       37
     sky130_fd_sc_hd__o21bai_2      29
     sky130_fd_sc_hd__o221a_2        3
     sky130_fd_sc_hd__o22a_2        16
     sky130_fd_sc_hd__o2bb2a_2      12
     sky130_fd_sc_hd__o2bb2ai_2      1
     sky130_fd_sc_hd__o311a_2        6
     sky130_fd_sc_hd__o31a_2         8
     sky130_fd_sc_hd__o31ai_2        3
     sky130_fd_sc_hd__o32a_2         8
     sky130_fd_sc_hd__o41a_2         3
     sky130_fd_sc_hd__o41ai_2        2
     sky130_fd_sc_hd__or2_2        262
     sky130_fd_sc_hd__or3_2        118
     sky130_fd_sc_hd__or3b_2        18
     sky130_fd_sc_hd__or4_2         85
     sky130_fd_sc_hd__or4b_2        11
     sky130_fd_sc_hd__or4bb_2        6
     sky130_fd_sc_hd__xnor2_2      558
     sky130_fd_sc_hd__xor2_2       192

   Chip area for module '\gelu_top': 90470.518400
     of which used for sequential elements: 24290.796800 (26.85%)

