Reading OpenROAD database at '/home/systemuser/Documents/ECE/510/Project/m3/synth/runs/RUN_2026-05-24_21-40-35/31-openroad-repairdesignpostgpl/gelu_top.odb'…
Reading library file at '/home/systemuser/.volare/volare/sky130/versions/0fe599b2afb6708d281543108caf8310912f54af/sky130A/libs.ref/sky130_fd_sc_hd/lib/sky130_fd_sc_hd__tt_025C_1v80.lib'…
Reading design constraints file at '/nix/store/h0ldzjka94yryiq8yxbxmwargpnmwhx6-python3-3.11.9-env/lib/python3.11/site-packages/openlane/scripts/base.sdc'…
[INFO] Using clock clk…
[INFO] Setting output delay to: 4
[INFO] Setting input delay to: 4
[INFO] Setting load to: 0.033442
[INFO] Setting clock uncertainty to: 0.25
[INFO] Setting clock transition to: 0.1499999999999999944488848768742172978818416595458984375
[INFO] Setting timing derate to: 5%
Placement Analysis
---------------------------------
total displacement          0.0 u
average displacement        0.0 u
max displacement            0.0 u
original HPWL          178025.7 u
legalized HPWL         183247.0 u
delta HPWL                    3 %

[INFO DPL-0020] Mirrored 2926 instances
[INFO DPL-0021] HPWL before          183247.0 u
[INFO DPL-0022] HPWL after           178025.7 u
[INFO DPL-0023] HPWL delta               -2.8 %
Setting global connections for newly added cells…
[INFO] Setting global connections...
Updating metrics…
Cell type report:                       Count       Area
  Fill cell                               312    1171.12
  Tap cell                               2528    3163.03
  Buffer                                    1       3.75
  Timing Repair Buffer                    830    4670.73
  Inverter                                 86     322.81
  Sequential cell                        1142   22879.44
  Multi-Input combinational cell         6481   52221.33
  Total                                 11380   84432.23
Writing OpenROAD database to '/home/systemuser/Documents/ECE/510/Project/m3/synth/runs/RUN_2026-05-24_21-40-35/33-openroad-detailedplacement/gelu_top.odb'…
Writing netlist to '/home/systemuser/Documents/ECE/510/Project/m3/synth/runs/RUN_2026-05-24_21-40-35/33-openroad-detailedplacement/gelu_top.nl.v'…
Writing powered netlist to '/home/systemuser/Documents/ECE/510/Project/m3/synth/runs/RUN_2026-05-24_21-40-35/33-openroad-detailedplacement/gelu_top.pnl.v'…
Writing layout to '/home/systemuser/Documents/ECE/510/Project/m3/synth/runs/RUN_2026-05-24_21-40-35/33-openroad-detailedplacement/gelu_top.def'…
Writing timing constraints to '/home/systemuser/Documents/ECE/510/Project/m3/synth/runs/RUN_2026-05-24_21-40-35/33-openroad-detailedplacement/gelu_top.sdc'…
