Clock: clk
Sources: clk 
Generated: no
Virtual: yes
Propagated: no
Period: 22.000000

===========================================================================
report_clock_properties
============================================================================
Clock                   Period          Waveform
----------------------------------------------------
clk                  22.000000    0.000000 11.000000

===========================================================================
report_clock_latency
============================================================================
Clock clk
rise -> rise
    min     max
0.000000 0.000000 source latency
0.620970         network latency _13846_/CLK
        0.670735 network latency _13061_/CLK
---------------
0.620970 0.670735 latency
        0.049765 skew

fall -> fall
    min     max
0.000000 0.000000 source latency
0.514930         network latency _13846_/CLK
        0.552553 network latency _13061_/CLK
---------------
0.514930 0.552553 latency
        0.037622 skew



===========================================================================
report_clock_min_period
============================================================================
clk period_min = 6.30 fmax = 158.74
